******************************************************************************
            TI ARM Clang Linker PC v2.1.2                      
******************************************************************************
>> Linked Mon Apr 10 18:14:46 2023

OUTPUT FILE NAME:   <mSniff_LP_CC2652RB_tirtos7_ticlang.out>
ENTRY POINT SYMBOL: "ResetISR"  address: 0000a9b3


MEMORY CONFIGURATION

         name            origin    length      used     unused   attr    fill
----------------------  --------  ---------  --------  --------  ----  --------
  FLASH                 00000000   00058000  0000c74c  0004b8b4  R  X
  GPRAM                 11000000   00002000  00000000  00002000  RW X
  SRAM                  20000000   00014000  00008027  0000bfd9  RW X
  LOG_DATA              90000000   00040000  00000000  00040000  R   


SEGMENT ALLOCATION MAP

run origin  load origin   length   init length attrs members
----------  ----------- ---------- ----------- ----- -------
00000000    00000000    0000a9f8   0000a9f8    r-x
  00000000    00000000    0000003c   0000003c    r-- .resetVecs
  00000040    00000040    0000a9b8   0000a9b8    r-x .text
0000a9f8    0000a9f8    00000008   00000008    rw-
  0000a9f8    0000a9f8    00000008   00000008    rw- .args
0000aa00    0000aa00    00001cf8   00001cf8    r--
  0000aa00    0000aa00    00001ac4   00001ac4    r-- .rodata
  0000c4c4    0000c4c4    00000234   00000234    r-- .cinit
00057fa8    00057fa8    00000058   00000058    r--
  00057fa8    00057fa8    00000058   00000058    r-- .ccfg
200000d8    200000d8    0000068e   00000000    rw-
  200000d8    200000d8    0000068e   00000000    rw- .data
20001810    20001810    00000010   00000000    rw-
  20001810    20001810    00000010   00000000    rw- .TI.bound:dmaUart0RxControlTableEntry
20001820    20001820    00000010   00000000    rw-
  20001820    20001820    00000010   00000000    rw- .TI.bound:dmaUart0TxControlTableEntry
20001830    20001830    00000010   00000000    rw-
  20001830    20001830    00000010   00000000    rw- .TI.bound:dmaSpi0RxControlTableEntry
20001840    20001840    00000010   00000000    rw-
  20001840    20001840    00000010   00000000    rw- .TI.bound:dmaSpi0TxControlTableEntry
20001a30    20001a30    00000010   00000000    rw-
  20001a30    20001a30    00000010   00000000    rw- .TI.bound:dmaSpi0RxAltControlTableEntry
20001a40    20001a40    00000010   00000000    rw-
  20001a40    20001a40    00000010   00000000    rw- .TI.bound:dmaSpi0TxAltControlTableEntry
20001a50    20001a50    00004000   00000000    r--
  20001a50    20001a50    00004000   00000000    r-- .priheap
20005a50    20005a50    00003261   00000000    rw-
  20005a50    20005a50    00003261   00000000    rw- .bss
20013a00    20013a00    00000600   00000000    rw-
  20013a00    20013a00    00000600   00000000    rw- .stack


SECTION ALLOCATION MAP

 output                                  attributes/
section   page    origin      length       input sections
--------  ----  ----------  ----------   ----------------
.binit     0    00000000    00000000     

.cinit     0    0000c4c4    00000234     
                  0000c4c4    000001af     (.cinit..data.load) [load image, compression = lzss]
                  0000c673    00000001     --HOLE-- [fill = 0]
                  0000c674    0000000c     (__TI_handler_table)
                  0000c680    00000008     (.cinit..TI.bound:dmaSpi0RxAltControlTableEntry.load) [load image, compression = zero_init]
                  0000c688    00000008     (.cinit..TI.bound:dmaSpi0RxControlTableEntry.load) [load image, compression = zero_init]
                  0000c690    00000008     (.cinit..TI.bound:dmaSpi0TxAltControlTableEntry.load) [load image, compression = zero_init]
                  0000c698    00000008     (.cinit..TI.bound:dmaSpi0TxControlTableEntry.load) [load image, compression = zero_init]
                  0000c6a0    00000008     (.cinit..TI.bound:dmaUart0RxControlTableEntry.load) [load image, compression = zero_init]
                  0000c6a8    00000008     (.cinit..TI.bound:dmaUart0TxControlTableEntry.load) [load image, compression = zero_init]
                  0000c6b0    00000008     (.cinit..bss.load) [load image, compression = zero_init]
                  0000c6b8    00000040     (__TI_cinit_table)

.init_array 
*          0    00000000    00000000     UNINITIALIZED

.ccfg      0    00057fa8    00000058     
                  00057fa8    00000058     ti_devices_config.o (.ccfg)

.data      0    200000d8    0000068e     UNINITIALIZED
                  200000d8    00000174     drivers_cc26x2.a : PowerCC26X2.c.obj (.data.PowerCC26X2_module)
                  2000024c    0000007c     ti_drivers_config.o (.data.gpioPinConfigs)
                  200002c8    00000078     ti_sysbios_config.o (.data..L_MergedGlobals)
                  20000340    00000068     rf_multiMode_cc26x2.a : RFCC26X2_multiMode.c.cc26x2.ticlang.o (.data..L_MergedGlobals.1)
                  200003a8    00000068     ti_sysbios_config.o (.data..L_MergedGlobals.70)
                  20000410    00000068     ti_sysbios_config.o (.data.ti_sysbios_knl_Clock_Module_state)
                  20000478    00000064     rf_multiMode_cc26x2.a : RFCC26X2_multiMode.c.cc26x2.ticlang.o (.data..L_MergedGlobals.3)
                  200004dc    00000058                           : RFCC26X2_multiMode.c.cc26x2.ticlang.o (.data..L_MergedGlobals.2)
                  20000534    00000054     ti_radio_config.o (.data.pOverrides_bt5le1m_0Common)
                  20000588    0000003c     radio_task.o (.data..L_MergedGlobals)
                  200005c4    0000003c     ti_sysbios_config.o (.data.ti_sysbios_knl_Task_Module_state)
                  20000600    00000028     ethernet_task.o (.data..L_MergedGlobals)
                  20000628    00000024     ti_radio_config.o (.data.RF_cmdBle5RadioSetup_bt5le1m_0)
                  2000064c    00000020     ti_radio_config.o (.data.RF_cmdBle5GenericRx_bt5le1m_0)
                  2000066c    0000001c     ti_radio_config.o (.data.pOverrides_bt5le1m_02Mbps)
                  20000688    00000018     ti_radio_config.o (.data.RF_cmdFs_bt5le1m_0)
                  200006a0    00000018     ti_radio_config.o (.data.pOverrides_bt5le1m_01Mbps)
                  200006b8    00000014     ti_radio_config.o (.data.bleGenericRx_bt5le1m_0Par)
                  200006cc    00000014     ti_radio_config.o (.data.pOverrides_bt5le1m_0Coded)
                  200006e0    00000010     Ethernet.o (.data.Ethernet_server_port)
                  200006f0    00000010     ti_radio_config.o (.data.RF_prop_bt5le1m_0)
                  20000700    00000010     driverlib.lib : osc.o (.data._hposcCoeffs)
                  20000710    0000000c     radio_queue.o (.data..L_MergedGlobals)
                  2000071c    00000008     rf_multiMode_cc26x2.a : RFCC26X2_multiMode.c.cc26x2.ticlang.o (.data..L_MergedGlobals)
                  20000724    00000008                           : RFCC26X2_multiMode.c.cc26x2.ticlang.o (.data.RFCC26XX_schedulerPolicy)
                  2000072c    00000008     ti_sysbios_config.o (.data.ti_sysbios_gates_GateMutex_Module_state)
                  20000734    00000008     ti_sysbios_config.o (.data.ti_sysbios_heaps_HeapMem_Module_state)
                  2000073c    00000008     ti_sysbios_config.o (.data.ti_sysbios_knl_Semaphore_Module_state)
                  20000744    00000004     drivers_cc26x2.a : TemperatureCC26X2.c.obj (.data..L_MergedGlobals)
                  20000748    00000004     EthernetClient.o (.data.EthernetClientPrintMethods)
                  2000074c    00000004     rf_multiMode_cc26x2.a : RFCC26X2_multiMode.c.cc26x2.ticlang.o (.data.RF_fsmActiveState.lfClockSourceLast)
                  20000750    00000004     libc.a : aeabi_portable.c.obj (.data.__aeabi_errno)
                  20000754    00000004            : _lock.c.obj (.data._lock)
                  20000758    00000004            : _lock.c.obj (.data._unlock)
                  2000075c    00000004            : strtok.c.obj (.data.last_end)
                  20000760    00000002     radio_task.o (.data.nRxBufFull)
                  20000762    00000001     rf_multiMode_cc26x2.a : rf_patch_cpe_bt5.c.cc26x2.ticlang.o (.data.bBt5PatchEntered)
                  20000763    00000001     drivers_cc26x2.a : GPIOCC26X2.c.obj (.data.initCalled)
                  20000764    00000001                      : SPI.c.obj (.data.isInitialized)
                  20000765    00000001                      : TemperatureCC26X2.c.obj (.data.isInitialized)

.bss       0    20005a50    00003261     UNINITIALIZED
                  20005a50    0000183c     radio_queue.o (.bss.RadioQueue_RXbuffer)
                  2000728c    00000800     (.common:formatBuffer)
                  20007a8c    00000400     (.common:ti_sysbios_runtime_SysMin_outbuf)
                  20007e8c    00000004     driverlib.lib : osc.o (.bss.oscHfGlobals.0)
                  20007e90    000002c0     rf_multiMode_cc26x2.a : RFCC26X2_multiMode.c.cc26x2.ticlang.o (.bss.RF_cmdPool)
                  20008150    00000200     (.common:ti_sysbios_knl_Idle_taskStack)
                  20008350    00000120     libsysbm.a : trgmsg.c.obj (.bss:_CIOBUF_)
                  20008470    00000100     radio_task.o (.bss.rjObject)
                  20008570    00000100     (.common:spiCC26X2DMAObjects)
                  20008670    000000d8     (.common:ti_sysbios_family_arm_m3_Hwi_dispatchTable)
                  20008748    0000007c     (.common:gpioCallbackFunctions)
                  200087c4    0000007c     (.common:gpioUserArgs)
                  20008840    00000068     rf_multiMode_cc26x2.a : RFCC26X2_multiMode.c.cc26x2.ticlang.o (.bss.RF_ratModule)
                  200088a8    00000060     (.common:ti_sysbios_knl_ClockSupport_timerStruct)
                  20008908    00000058     (.common:ti_sysbios_knl_Idle_taskStruct)
                  20008960    00000044                           : RFCC26X2_multiMode.c.cc26x2.ticlang.o (.bss.RF_clkInactivityObj)
                  200089a4    00000044                           : RFCC26X2_multiMode.c.cc26x2.ticlang.o (.bss.RF_clkPowerUpObj)
                  200089e8    0000003c                           : RFCC26X2_multiMode.c.cc26x2.ticlang.o (.bss.RF_swiHwObj)
                  20008a24    00000030     (.common:ti_sysbios_knl_Swi_readyQs)
                  20008a54    00000030     (.common:ti_sysbios_knl_Task_readyQs)
                  20008a84    0000002c     (.common:BIOS_heapMemObject)
                  20008ab0    00000028     (.common:BIOS_rtsGate)
                  20008ad8    00000028     (.common:ti_sysbios_heaps_HeapMem_gate)
                  20008b00    00000024     (.common:Dashboard_taskParams)
                  20008b24    00000024     (.common:Ethernet_taskParams)
                  20008b48    00000024     (.common:Radio_taskParams)
                  20008b6c    00000020     (.common:Ethernet)
                  20008b8c    00000020     (.common:ti_sysbios_runtime_System_atexitHandlers)
                  20008bac    00000020     (.common:udmaCC26XXObject)
                  20008bcc    0000001c     drivers_cc26x2.a : TemperatureCC26X2.c.obj (.bss.batmonHwi)
                  20008be8    0000001c                      : GPIOCC26X2.c.obj (.bss.gpioHwi)
                  20008c04    00000014     (.common:ti_sysbios_hal_Seconds_Module_state)
                  20008c18    00000012     (.common:thisMac_char)
                  20008c2a    0000000d     (.common:hEthUdp)
                  20008c37    00000001     (.common:bReadyToSend)
                  20008c38    0000000c     (.common:sem_eiParams)
                  20008c44    0000000c     (.common:sem_r2sParams)
                  20008c50    0000000c     (.common:sem_riParams)
                  20008c5c    00000008                      : TemperatureCC26X2.c.obj (.bss.notificationList)
                  20008c64    00000008     (.common:parmbuf)
                  20008c6c    00000004     driverlib.lib : osc.o (.bss.oscHfGlobals.2)
                  20008c70    00000004                   : osc.o (.bss.oscHfGlobals.3)
                  20008c74    00000004                   : osc.o (.bss.oscHfGlobals.4)
                  20008c78    00000004     (.common:Dashboard_taskHandle)
                  20008c7c    00000004     (.common:Ethernet_taskHandle)
                  20008c80    00000004     (.common:PowerCC26XX_swiKey)
                  20008c84    00000004     (.common:PowerCC26XX_taskKey)
                  20008c88    00000004     (.common:Radio_taskHandle)
                  20008c8c    00000004     (.common:hTargetIp)
                  20008c90    00000004     (.common:hThisIp)
                  20008c94    00000004     (.common:sem_ethernetInit)
                  20008c98    00000004     (.common:sem_radioInit)
                  20008c9c    00000004     (.common:sem_ready2send)
                  20008ca0    00000004     (.common:spi)
                  20008ca4    00000004     (.common:ti_sysbios_family_arm_cc26xx_TimestampProvider_Module_state)
                  20008ca8    00000004     (.common:ti_sysbios_knl_Task_defaultStackHeap)
                  20008cac    00000002     socket.o (.bss.local_port)
                  20008cae    00000002     (.common:ethServer)
                  20008cb0    00000001     (.common:readDestination)

.stack     0    20013a00    00000600     UNINITIALIZED
                  20013a00    00000004     sysbios.a : boot_cortex_m.obj (.stack)
                  20013a04    000005fc     --HOLE--

.priheap   0    20001a50    00004000     UNINITIALIZED
                  20001a50    00004000     --HOLE--

.log_data 
*          0    90000000    00000000     COPY SECTION

.resetVecs 
*          0    00000000    0000003c     
                  00000000    0000003c     ti_sysbios_config.o (.resetVecs)

.vecs      0    20000000    000000d8     NOLOAD SECTION
                  20000000    000000d8     ti_sysbios_config.o (.vecs)

.text      0    00000040    0000a9b8     
                  00000040    000009d4     libc.a : _printfi.c.obj (.text:__TI_printfi)
                  00000a14    000005ea     driverlib.lib : osc.o (.text.findHposcCoefficients)
                  00000ffe    00000002     ti_sysbios_config.o (.text.BIOS_nullFunc)
                  00001000    00000498     rf_multiMode_cc26x2.a : RFCC26X2_multiMode.c.cc26x2.ticlang.o (.text.RF_fsmActiveState)
                  00001498    00000304     ti_sysbios_config.o (.text.ti_sysbios_runtime_System_doPrint)
                  0000179c    000002c8     drivers_cc26x2.a : SPICC26X2DMA.c.obj (.text.SPICC26X2DMA_transfer)
                  00001a64    00000004     ti_sysbios_config.o (.text.ClockP_getSystemTickPeriod)
                  00001a68    000002b8     libc.a : _printfi.c.obj (.text._pconv_a)
                  00001d20    0000029c     rf_multiMode_cc26x2.a : RFCC26X2_multiMode.c.cc26x2.ticlang.o (.text.RF_open)
                  00001fbc    00000004     ti_sysbios_config.o (.text.ClockP_getTimeout)
                  00001fc0    00000238     libc.a : _printfi.c.obj (.text._pconv_g)
                  000021f8    000001dc     rf_multiMode_cc26x2.a : RFCC26X2_multiMode.c.cc26x2.ticlang.o (.text.RF_dispatchNextCmd)
                  000023d4    000001b6     libclang_rt.builtins.a : adddf3.S.obj (.text)
                  0000258a    000001ae     drivers_cc26x2.a : SPICC26X2DMA.c.obj (.text.SPICC26X2DMA_hwiFxn)
                  00002738    000001a0     libc.a : _printfi.c.obj (.text.fcvt)
                  000028d8    00000194     drivers_cc26x2.a : PowerCC26X2_calibrateRCOSC.c.obj (.text.PowerCC26X2_auxISR)
                  00002a6c    00000188                      : SPICC26X2DMA.c.obj (.text.SPICC26X2DMA_open)
                  00002bf4    00000004     ti_sysbios_config.o (.text.ClockP_isActive)
                  00002bf8    00000180     libc.a : _printfi.c.obj (.text._pconv_e)
                  00002d78    00000160     drivers_cc26x2.a : SPICC26X2DMA.c.obj (.text.configNextTransfer)
                  00002ed8    00000158                      : PowerCC26X2.c.obj (.text.Power_sleep)
                  00003030    00000148     rf_multiMode_cc26x2.a : RFCC26X2_multiMode.c.cc26x2.ticlang.o (.text.RF_radioOpDoneCb)
                  00003178    00000144     ti_sysbios_config.o (.text.ti_sysbios_runtime_System_printfExtend)
                  000032bc    00000136     libclang_rt.builtins.a : divdf3.S.obj (.text)
                  000033f2    00000002     ti_drivers_config.o (.text.Board_initHook)
                  000033f4    00000134     driverlib.lib : osc.o (.text.findHposcPc)
                  00003528    0000012c     rf_multiMode_cc26x2.a : RFCC26X2_multiMode.c.cc26x2.ticlang.o (.text.RF_fsmSetupState)
                  00003654    00000124                           : RFCC26X2_multiMode.c.cc26x2.ticlang.o (.text.RF_abortCmd)
                  00003778    00000122     drivers_cc26x2.a : SPICC26X2DMA.c.obj (.text.SPICC26X2DMA_transferCancel)
                  0000389a    00000002     rf_multiMode_cc26x2.a : rfc.c.cc26x2.ticlang.o (.text.NOROM_RFCCpePatchReset)
                  0000389c    00000120     ti_sysbios_config.o (.text.ti_sysbios_family_arm_cc26xx_Timer_construct)
                  000039bc    0000011c     sysbios.a : Hwi_asm_gnu.obj (.text.ti_sysbios_family_arm_m3_Hwi_dispatch)
                  00003ad8    00000118     drivers_cc26x2.a : PowerCC26X2.c.obj (.text.Power_init)
                  00003bf0    00000118     rf_multiMode_cc26x2.a : RFCC26X2_multiMode.c.cc26x2.ticlang.o (.text.RF_decodeOverridePointers)
                  00003d08    0000010c     drivers_cc26x2.a : PowerCC26X2_calibrateRCOSC.c.obj (.text.PowerCC26X2_calibrate)
                  00003e14    00000004     ti_sysbios_config.o (.text.ClockP_setTimeout)
                  00003e18    0000010c     libc.a : s_scalbn.c.obj (.text.scalbn)
                  00003f24    00000108     rf_multiMode_cc26x2.a : RFCC26X2_multiMode.c.cc26x2.ticlang.o (.text.RF_fsmPowerUpState)
                  0000402c    00000104     drivers_cc26x2.a : GPIOCC26X2.c.obj (.text.GPIO_init)
                  00004130    000000fc     rf_multiMode_cc26x2.a : RFCC26X2_multiMode.c.cc26x2.ticlang.o (.text.RF_hwiCpe0Active)
                  0000422c    000000fc     libclang_rt.builtins.a : muldf3.S.obj (.text)
                  00004328    000000f4     driverlib.lib : sys_ctrl.o (.text.NOROM_SysCtrlStandby)
                  0000441c    000000f0     dashboard_task.o (.text.Dashboard_mainTask)
                  0000450c    000000e4     driverlib.lib : setup.o (.text.NOROM_SetupTrimDevice)
                  000045f0    000000e4     ti_sysbios_config.o (.text.ti_sysbios_knl_Semaphore_pend)
                  000046d4    000000d8     drivers_cc26x2.a : SPICC26X2DMA.c.obj (.text.SPICC26X2DMA_control)
                  000047ac    000000d8     ti_sysbios_config.o (.text.ti_sysbios_family_arm_m3_Hwi_excFillContext)
                  00004884    000000d4     main.o (.text.main)
                  00004958    000000d0     drivers_cc26x2.a : PowerCC26X2.c.obj (.text.configureXOSCHF)
                  00004a28    000000cc     rf_multiMode_cc26x2.a : RFCC26X2_multiMode.c.cc26x2.ticlang.o (.text.RF_postCmd)
                  00004af4    000000cc     ti_sysbios_config.o (.text.ti_sysbios_knl_Clock_workFuncDynamic)
                  00004bc0    000000ca     rf_multiMode_cc26x2.a : RFCC26X2_multiMode.c.cc26x2.ticlang.o (.text.RF_updatePaConfiguration)
                  00004c8a    000000c4     driverlib.lib : setup.o (.text.TrimAfterColdResetWakeupFromShutDown)
                  00004d4e    00000002     rf_multiMode_cc26x2.a : RFCC26X2_multiMode.c.cc26x2.ticlang.o (.text.RF_defaultCallback)
                  00004d50    000000bc                           : RFCC26X2_multiMode.c.cc26x2.ticlang.o (.text.RF_swiHw)
                  00004e0c    000000b8     ti_sysbios_config.o (.text.ti_sysbios_knl_Task_Instance_finalize)
                  00004ec4    000000b6     driverlib.lib : osc.o (.text.NOROM_OSC_HPOSCInitializeFrequencyOffsetParameters)
                  00004f7a    000000b4                   : osc.o (.text.NOROM_OSCHF_AttemptToSwitchToXosc)
                  0000502e    00000002     libclang_rt.builtins.a : aeabi_div0.c.obj (.text.__aeabi_ldiv0)
                  00005030    000000b4     ti_sysbios_config.o (.text.PowerCC26XX_standbyPolicy)
                  000050e4    000000b4     drivers_cc26x2.a : PowerCC26X2.c.obj (.text.Power_releaseDependency)
                  00005198    000000b0                      : PowerCC26X2.c.obj (.text.Power_setDependency)
                  00005248    000000b0     libclang_rt.builtins.a : udivmoddi4.S.obj (.text)
                  000052f8    000000a8     dashboard_task.o (.text.handleHttp)
                  000053a0    000000a8     drivers_cc26x2.a : TemperatureCC26X2.c.obj (.text.temperatureHwiFxn)
                  00005448    000000a4     rf_multiMode_cc26x2.a : RFCC26X2_multiMode.c.cc26x2.ticlang.o (.text.RF_initRadioSetup)
                  000054ec    000000a4     ti_sysbios_config.o (.text.ti_sysbios_knl_Task_Instance_init)
                  00005590    000000a0     rf_multiMode_cc26x2.a : RFCC26X2_multiMode.c.cc26x2.ticlang.o (.text.RF_calculateDispatchTime)
                  00005630    00000098                           : RFCC26X2_multiMode.c.cc26x2.ticlang.o (.text.RF_defaultSubmitPolicy)
                  000056c8    00000096                           : RFCC26X2_multiMode.c.cc26x2.ticlang.o (.text.RF_verifyGap)
                  0000575e    00000002     libc.a : _lock.c.obj (.text._nop)
                  00005760    00000094     rf_multiMode_cc26x2.a : RFCC26X2_multiMode.c.cc26x2.ticlang.o (.text.RF_hposcRfCompensateFxn)
                  000057f4    00000094                           : RFCC26X2_multiMode.c.cc26x2.ticlang.o (.text.RF_ratRestartChannels)
                  00005888    00000094     ti_sysbios_config.o (.text.ti_sysbios_knl_Clock_startI)
                  0000591c    00000094     ti_sysbios_config.o (.text.ti_sysbios_knl_Task_sleep)
                  000059b0    0000008c     drivers_cc26x2.a : GPIOCC26XX.c.obj (.text.GPIO_setConfig)
                  00005a3c    0000008c     ti_sysbios_config.o (.text.ti_sysbios_knl_Clock_init)
                  00005ac8    00000088     rf_multiMode_cc26x2.a : RFCC26X2_multiMode.c.cc26x2.ticlang.o (.text.RF_cmdDispatchTime)
                  00005b50    00000088                           : RFCC26X2_multiMode.c.cc26x2.ticlang.o (.text.RF_discardPendCmd)
                  00005bd8    00000080     ethernet_task.o (.text.Ethernet_mainTask)
                  00005c58    00000080     driverlib.lib : sys_ctrl.o (.text.NOROM_SysCtrlSetRechargeBeforePowerDown)
                  00005cd8    00000080     ti_sysbios_config.o (.text.ti_sysbios_family_arm_m3_Hwi_initNVIC)
                  00005d58    0000007e     driverlib.lib : chipinfo.o (.text.NOROM_ChipInfo_GetChipType)
                  00005dd6    00000002     drivers_cc26x2.a : PowerCC26X2.c.obj (.text.emptyClockFunc)
                  00005dd8    0000007c     ti_sysbios_config.o (.text.ti_sysbios_family_arm_m3_Hwi_postInit)
                  00005e54    00000078     driverlib.lib : osc.o (.text.NOROM_OSCHF_SwitchToRcOscTurnOffXosc)
                  00005ecc    00000078                   : osc.o (.text.NOROM_OSC_CapArrayAdjustWorkaround_Boot)
                  00005f44    00000078     rf_multiMode_cc26x2.a : RFCC26X2_multiMode.c.cc26x2.ticlang.o (.text.RF_ratFreeChannel)
                  00005fbc    00000078     drivers_cc26x2.a : SPICC26X2DMA.c.obj (.text.SPICC26X2DMA_close)
                  00006034    00000078     ti_sysbios_config.o (.text.ti_sysbios_knl_Task_postInit)
                  000060ac    00000074     drivers_cc26x2.a : PowerCC26X2_calibrateRCOSC_helpers.c.obj (.text.PowerCC26X2_updateSubSecInc)
                  00006120    00000074     rf_multiMode_cc26x2.a : RFCC26X2_multiMode.c.cc26x2.ticlang.o (.text.RF_hwiHw)
                  00006194    00000074     drivers_cc26x2.a : TemperatureCC26X2.c.obj (.text.Temperature_init)
                  00006208    00000074     ti_sysbios_config.o (.text.ti_sysbios_knl_Swi_restoreHwi)
                  0000627c    00000070     ti_sysbios_config.o (.text.ti_sysbios_family_arm_m3_Hwi_Instance_init)
                  000062ec    00000070     ti_sysbios_config.o (.text.ti_sysbios_knl_Task_startup)
                  0000635c    00000070     ti_sysbios_config.o (.text.ti_sysbios_runtime_System_formatNum)
                  000063cc    0000006e     libclang_rt.builtins.a : comparedf2.c.obj (.text.__gedf2)
                  0000643a    00000002     ti_sysbios_config.o (.text.ti_sysbios_runtime_System_exitSpin)
                  0000643c    0000006e     libclang_rt.builtins.a : comparedf2.c.obj (.text.__ledf2)
                  000064aa    00000002     --HOLE-- [fill = 0]
                  000064ac    0000006c     EthernetServer.o (.text.EthernetServer_accept)
                  00006518    0000006c     rf_multiMode_cc26x2.a : RFCC26X2_multiMode.c.cc26x2.ticlang.o (.text.RF_issueRadioFreeCb)
                  00006584    0000006c     libc.a : _printfi.c.obj (.text._mcpy)
                  000065f0    0000006c     socket.o (.text.send)
                  0000665c    0000006c     ti_sysbios_config.o (.text.ti_sysbios_family_arm_m3_Hwi_dispatchC)
                  000066c8    0000006c     ti_sysbios_config.o (.text.ti_sysbios_hal_Seconds_getTime)
                  00006734    0000006a     libc.a : copy_decompress_lzss.c.obj (.text:decompress:lzss)
                  0000679e    00000068     rf_multiMode_cc26x2.a : RFCC26X2_multiMode.c.cc26x2.ticlang.o (.text.RF_detachOverrides)
                  00006806    00000002     --HOLE-- [fill = 0]
                  00006808    00000068     libc.a : s_frexp.c.obj (.text.frexp)
                  00006870    00000068     ti_sysbios_config.o (.text.ti_sysbios_knl_Swi_run)
                  000068d8    00000064     drivers_cc26x2.a : PowerCC26X2_calibrateRCOSC.c.obj (.text.PowerCC26X2_initiateCalibration)
                  0000693c    00000064     rf_multiMode_cc26x2.a : RFCC26X2_multiMode.c.cc26x2.ticlang.o (.text.RF_attachOverrides)
                  000069a0    00000064                           : RFCC26X2_multiMode.c.cc26x2.ticlang.o (.text.RF_dispatchNextEvent)
                  00006a04    00000064                           : RFCC26X2_multiMode.c.cc26x2.ticlang.o (.text.RF_hwiCpe0PowerFsm)
                  00006a68    00000064     radio_queue.o (.text.RadioQueue_create)
                  00006acc    00000064     drivers_cc26x2.a : UDMACC26XX.c.obj (.text.UDMACC26XX_open)
                  00006b30    00000064                      : PowerCC26X2.c.obj (.text.oscillatorISR)
                  00006b94    00000064     ti_sysbios_config.o (.text.ti_sysbios_knl_Idle_init)
                  00006bf8    00000064     ti_sysbios_config.o (.text.ti_sysbios_knl_TaskSupport_buildTaskStack)
                  00006c5c    00000062     libclang_rt.builtins.a : aeabi_dcmp.S.obj (.text)
                  00006cbe    00000060     drivers_cc26x2.a : SPICC26X2DMA.c.obj (.text.csnCallback)
                  00006d1e    00000060     ti_sysbios_config.o (.text.ti_sysbios_heaps_HeapMem_allocUnprotected)
                  00006d7e    00000002     --HOLE-- [fill = 0]
                  00006d80    00000060     ti_sysbios_config.o (.text.ti_sysbios_knl_Clock_walkQueueDynamic)
                  00006de0    00000060     ti_sysbios_config.o (.text.ti_sysbios_knl_Semaphore_post)
                  00006e40    00000060     ti_sysbios_config.o (.text.ti_sysbios_knl_Swi_schedule)
                  00006ea0    0000005e     rf_multiMode_cc26x2.a : rfc.c.cc26x2.ticlang.o (.text.NOROM_RFCAnaDivTxOverride)
                  00006efe    00000002     --HOLE-- [fill = 0]
                  00006f00    0000005c     EthernetServer.o (.text.EthernetServer_available)
                  00006f5c    0000005c     libclang_rt.builtins.a : divmoddi4.c.obj (.text.__divmoddi4)
                  00006fb8    00000058     rf_multiMode_cc26x2.a : RFCC26X2_multiMode.c.cc26x2.ticlang.o (.text.RF_applyRfCorePatch)
                  00007010    00000058     socket.o (.text.recv)
                  00007068    00000058     sysbios.a : Hwi_asm_switch_gnu.obj (.text.ti_sysbios_family_arm_m3_Hwi_initStacks)
                  000070c0    00000056     libc.a : _ltoa.c.obj (.text.__TI_ltoa)
                  00007116    00000002     --HOLE-- [fill = 0]
                  00007118    00000054     ethernet_task.o (.text.Ethernet_setTargetIp)
                  0000716c    00000054     libsysbm.a : hostwrite.c.obj (.text.HOSTwrite)
                  000071c0    00000054     rf_multiMode_cc26x2.a : RFCC26X2_multiMode.c.cc26x2.ticlang.o (.text.RF_fsmXOSCState)
                  00007214    00000054                           : RFCC26X2_multiMode.c.cc26x2.ticlang.o (.text.RF_getCurrentTime)
                  00007268    00000054     libc.a : _printfi.c.obj (.text._pconv_f)
                  000072bc    00000054     ti_sysbios_config.o (.text.ti_sysbios_runtime_Startup_exec)
                  00007310    00000052     driverlib.lib : chipinfo.o (.text.NOROM_ChipInfo_GetHwRevision)
                  00007362    00000002     --HOLE-- [fill = 0]
                  00007364    00000050     ti_drivers_config.o (.text.Board_shutDownExtFlash)
                  000073b4    00000050     rf_multiMode_cc26x2.a : RFCC26X2_multiMode.c.cc26x2.ticlang.o (.text.RF_enableHPOSCTemperatureCompensation)
                  00007404    00000050                           : RFCC26X2_multiMode.c.cc26x2.ticlang.o (.text.RF_wakeupNotification)
                  00007454    00000050     ti_sysbios_config.o (.text.ti_sysbios_knl_Swi_post)
                  000074a4    00000050     ti_sysbios_config.o (.text.ti_sysbios_knl_Swi_runLoop)
                  000074f4    0000004e     ti_drivers_config.o (.text.Board_sendExtFlashByte)
                  00007542    0000004e     libc.a : _printfi.c.obj (.text._ecpy)
                  00007590    0000004e     ti_sysbios_config.o (.text.ti_sysbios_heaps_HeapMem_freeUnprotected)
                  000075de    00000002     --HOLE-- [fill = 0]
                  000075e0    0000004c     ti_sysbios_config.o (.text.BIOS_startFunc)
                  0000762c    0000004c     driverlib.lib : osc.o (.text.NOROM_OSC_HPOSCRelativeFrequencyOffsetGet)
                  00007678    0000004c     SPIfg.o (.text.SPI_begin)
                  000076c4    0000004c     rf_multiMode_cc26x2.a : rf_patch_cpe_bt5.c.cc26x2.ticlang.o (.text.configureBt5Patch)
                  00007710    0000004c     drivers_cc26x2.a : SPICC26X2DMA.c.obj (.text.initHw)
                  0000775c    0000004c     socket.o (.text.socket)
                  000077a8    0000004c     drivers_cc26x2.a : PowerCC26X2.c.obj (.text.switchXOSCHF)
                  000077f4    0000004c     ti_sysbios_config.o (.text.ti_sysbios_knl_Swi_Instance_init)
                  00007840    0000004a     IPAddress.o (.text.IPAddress_fromString)
                  0000788a    00000002     --HOLE-- [fill = 0]
                  0000788c    00000048     ti_sysbios_config.o (.text.BIOS_init)
                  000078d4    00000048     EthernetUdp.o (.text.EthernetUDP_begin)
                  0000791c    00000048     ethernet_task.o (.text.Ethernet_handleRFpacket)
                  00007964    00000048     driverlib.lib : aux_sysif.o (.text.NOROM_AUXSYSIFOpModeChange)
                  000079ac    00000048     rf_multiMode_cc26x2.a : rfc.c.cc26x2.ticlang.o (.text.NOROM_RFCSynthPowerDown)
                  000079f4    00000048     drivers_cc26x2.a : PowerCC26X2.c.obj (.text.PowerCC26XX_switchXOSC_HF)
                  00007a3c    00000048                      : TemperatureCC26X2.c.obj (.text.Temperature_registerNotifyRange)
                  00007a84    00000048     libc.a : atoi.c.obj (.text.atoi)
                  00007acc    00000004     ti_sysbios_config.o (.text.ClockP_start)
                  00007ad0    00000048     ArduinoCompatibility.o (.text.millis)
                  00007b18    00000048     ti_sysbios_config.o (.text.ti_sysbios_family_arm_cc26xx_Timer_start)
                  00007b60    00000048     ti_sysbios_config.o (.text.ti_sysbios_heaps_HeapMem_Instance_init)
                  00007ba8    00000048     ti_sysbios_config.o (.text.ti_sysbios_heaps_HeapMem_alloc)
                  00007bf0    00000048     ti_sysbios_config.o (.text.ti_sysbios_knl_Task_schedule)
                  00007c38    00000048     libclang_rt.builtins.a : fixdfsi.S.obj (.text)
                  00007c80    00000044     ti_sysbios_config.o (.text.BIOS_atExitFunc)
                  00007cc4    00000044     EthernetServer.o (.text.EthernetServer_begin)
                  00007d08    00000044     drivers_cc26x2.a : GPIOCC26X2.c.obj (.text.GPIO_hwiIntFxn)
                  00007d4c    00000044     driverlib.lib : prcm.o (.text.NOROM_PRCMPowerDomainsAllOff)
                  00007d90    00000044                   : prcm.o (.text.NOROM_PRCMPowerDomainsAllOn)
                  00007dd4    00000044     rf_multiMode_cc26x2.a : RFCC26X2_multiMode.c.cc26x2.ticlang.o (.text.RF_cmdGet)
                  00007e18    00000044                           : RFCC26X2_multiMode.c.cc26x2.ticlang.o (.text.RF_updatePowerupDuration)
                  00007e5c    00000044     drivers_cc26x2.a : SPI.c.obj (.text.SPI_init)
                  00007ea0    00000044                      : TemperatureCC26X2.c.obj (.text.degreesToCode)
                  00007ee4    00000044                      : TemperatureCC26X2.c.obj (.text.setNextThresholds)
                  00007f28    00000044     libc.a : snprintf.c.obj (.text.snprintf)
                  00007f6c    00000044     ti_sysbios_config.o (.text.ti_sysbios_family_arm_m3_Hwi_Instance_finalize)
                  00007fb0    00000044     ti_sysbios_config.o (.text.ti_sysbios_family_arm_m3_Hwi_construct2)
                  00007ff4    00000044     ti_sysbios_config.o (.text.ti_sysbios_family_arm_m3_Hwi_disableInterrupt)
                  00008038    00000044     ti_sysbios_config.o (.text.ti_sysbios_family_arm_m3_Hwi_enableInterrupt)
                  0000807c    00000044     ti_sysbios_config.o (.text.ti_sysbios_knl_Swi_restore)
                  000080c0    00000044     libclang_rt.builtins.a : fixunsdfsi.S.obj (.text)
                  00008104    00000042     EthernetClient.o (.text.EthernetClient_connected)
                  00008146    00000002     --HOLE-- [fill = 0]
                  00008148    00000040     html.o (.text.Html_sectionNetworkInfo)
                  00008188    00000040     drivers_cc26x2.a : PowerCC26X2_calibrateRCOSC.c.obj (.text.PowerCC26X2_RCOSC_clockFunc)
                  000081c8    00000040                      : PowerCC26X2_calibrateRCOSC_helpers.c.obj (.text.PowerCC26X2_setAclkRefSrc)
                  00008208    00000040     rf_multiMode_cc26x2.a : RFCC26X2_multiMode.c.cc26x2.ticlang.o (.text.RF_updateHpOscOverride)
                  00008248    00000040     drivers_cc26x2.a : SPI.c.obj (.text.SPI_open)
                  00008288    00000040     SPIfg.o (.text.SPI_transf)
                  000082c8    00000040     w5500.o (.text.W5500_read_buf)
                  00008308    00000040     libc.a : strtok.c.obj (.text.strtok)
                  00008348    00000040     ti_sysbios_config.o (.text.ti_sysbios_heaps_HeapMem_getStats)
                  00008388    00000040     ti_sysbios_config.o (.text.ti_sysbios_knl_Clock_getTicksUntilInterrupt)
                  000083c8    00000040     ti_sysbios_config.o (.text.ti_sysbios_knl_Task_exit)
                  00008408    0000003c     EthernetClient.o (.text.EthernetClient_stop)
                  00008444    0000003c     drivers_cc26x2.a : GPIO.c.obj (.text.GPIO_resetConfig)
                  00008480    0000003c     ti_sysbios_config.o (.text.HwiP_construct)
                  000084bc    0000003c     driverlib.lib : sys_ctrl.o (.text.NOROM_SysCtrlIdle)
                  000084f8    0000003c     drivers_cc26x2.a : PowerCC26X2_calibrateRCOSC_helpers.c.obj (.text.PowerCC26X2_setTdcClkSrc24M)
                  00008534    0000003c     radio_task.o (.text.Radio_initObjects)
                  00008570    0000003c     radio_task.o (.text.Radio_mainTask)
                  000085ac    0000003c     w5500.o (.text.W5500_write_buf)
                  000085e8    0000003c     ti_sysbios_config.o (.text.ti_sysbios_family_arm_cc26xx_Timer_periodicStub)
                  00008624    0000003c     ti_sysbios_config.o (.text.ti_sysbios_family_arm_cc26xx_Timer_setThreshold)
                  00008660    0000003c     ti_sysbios_config.o (.text.ti_sysbios_heaps_HeapMem_construct)
                  0000869c    0000003c     ti_sysbios_config.o (.text.ti_sysbios_knl_ClockSupport_init)
                  000086d8    0000003c     ti_sysbios_config.o (.text.ti_sysbios_knl_Task_blockI)
                  00008714    0000003c     ti_sysbios_config.o (.text.ti_sysbios_knl_Task_create)
                  00008750    0000003c     ti_sysbios_config.o (.text.ti_sysbios_knl_Task_restore)
                  0000878c    0000003c     ti_sysbios_config.o (.text.ti_sysbios_runtime_Memory_alloc)
                  000087c8    0000003c     ti_sysbios_config.o (.text.ti_sysbios_runtime_SystemSupport_flush)
                  00008804    0000003c     drivers_cc26x2.a : TemperatureCC26X2.c.obj (.text.updateThresholds)
                  00008840    0000003a     w5500.o (.text.W5500_getRXReceivedSize)
                  0000887a    00000002     --HOLE-- [fill = 0]
                  0000887c    00000038     drivers_cc26x2.a : PowerCC26X2_helpers.c.obj (.text.PowerCC26X2_oscDisableQualifiers)
                  000088b4    00000038                      : UDMACC26XX.c.obj (.text.UDMACC26XX_close)
                  000088ec    00000038     ti_sysbios_config.o (.text.getTime)
                  00008924    00000038     dashboard_task.o (.text.handleParameterChange)
                  0000895c    00000038     rf_multiMode_cc26x2.a : rf_patch_cpe_bt5.c.cc26x2.ticlang.o (.text.rf_patch_cpe_bt5)
                  00008994    00000038     libc.a : sprintf.c.obj (.text.sprintf)
                  000089cc    00000038     ti_sysbios_config.o (.text.ti_sysbios_knl_Task_processVitalTaskFlag)
                  00008a04    00000038     libc.a : autoinit.c.obj (.text:__TI_auto_init_nobinit_nopinit)
                  00008a3c    00000038     libclang_rt.builtins.a : extendsfdf2.S.obj (.text)
                  00008a74    00000036     EthernetClient.o (.text.EthernetClient_readBytesUntil)
                  00008aaa    00000036     w5500.o (.text.W5500_recv_data_processing)
                  00008ae0    00000034     Ethernet.o (.text.Ethernet_begin_mac_ip_dns_gateway_subnet)
                  00008b14    00000034     ethernet_task.o (.text.Ethernet_getThisMac)
                  00008b48    00000034     drivers_cc26x2.a : PowerCC26X2.c.obj (.text.Power_releaseConstraint)
                  00008b7c    00000034     rf_multiMode_cc26x2.a : RFCC26X2_multiMode.c.cc26x2.ticlang.o (.text.RF_powerConstraintRelease)
                  00008bb0    00000034                           : RFCC26X2_multiMode.c.cc26x2.ticlang.o (.text.RF_runDirectImmediateCmd)
                  00008be4    00000034     radio_queue.o (.text.RadioQueue_takePacket)
                  00008c18    00000034     ti_sysbios_config.o (.text.SwiP_construct)
                  00008c4c    00000034     libsysbm.a : trgmsg.c.obj (.text.__TI_writemsg)
                  00008c80    00000034     libc.a : _printfi.c.obj (.text._fcpy)
                  00008cb4    00000034     ti_sysbios_config.o (.text._pthread_cleanupFxn)
                  00008ce8    00000034     ti_sysbios_config.o (.text.ti_sysbios_family_arm_m3_Hwi_getStackInfo)
                  00008d1c    00000034     ti_sysbios_config.o (.text.ti_sysbios_family_arm_m3_Hwi_init)
                  00008d50    00000034     ti_sysbios_config.o (.text.ti_sysbios_knl_Clock_Instance_init)
                  00008d84    00000034     ti_sysbios_config.o (.text.ti_sysbios_knl_Task_unblockI)
                  00008db8    00000034     ti_sysbios_config.o (.text.ti_sysbios_runtime_Error_raiseX)
                  00008dec    00000034     ti_sysbios_config.o (.text.ti_sysbios_runtime_SystemSupport_putch)
                  00008e20    00000034     ti_sysbios_config.o (.text.ti_sysbios_runtime_System_processAtExit)
                  00008e54    00000034     sysbios.a : boot_cortex_m.obj (.text:_c_int00)
                  00008e88    00000032     ti_sysbios_config.o (.text.ti_sysbios_knl_Semaphore_pendTimeout)
                  00008eba    00000002     --HOLE-- [fill = 0]
                  00008ebc    00000030     ti_drivers_config.o (.text.Board_wakeUpExtFlash)
                  00008eec    00000030     ti_sysbios_config.o (.text.ClockP_construct)
                  00008f1c    00000030     drivers_cc26x2.a : GPIOCC26XX.c.obj (.text.GPIO_setInterruptConfig)
                  00008f4c    00000030                      : PowerCC26X2.c.obj (.text.Power_setConstraint)
                  00008f7c    00000030     rf_multiMode_cc26x2.a : RFCC26X2_multiMode.c.cc26x2.ticlang.o (.text.RF_checkCmdFsError)
                  00008fac    00000030     radio_task.o (.text.Radio_openRF)
                  00008fdc    00000030     w5500.o (.text.W5500_init)
                  0000900c    00000030     libsysbm.a : trgmsg.c.obj (.text.__TI_readmsg)
                  0000903c    00000030     libc.a : snprintf.c.obj (.text._outs)
                  0000906c    00000030     drivers_cc26x2.a : PowerCC26X2.c.obj (.text.notify)
                  0000909c    00000030     libc.a : strstr.c.obj (.text.strstr)
                  000090cc    00000030     ti_sysbios_config.o (.text.ti_sysbios_family_arm_m3_Hwi_excHandlerMin)
                  000090fc    00000030     ti_sysbios_config.o (.text.ti_sysbios_heaps_HeapMem_free)
                  0000912c    00000030     ti_sysbios_config.o (.text.ti_sysbios_knl_TaskSupport_start)
                  0000915c    00000030     ti_sysbios_config.o (.text.ti_sysbios_runtime_System_atexit)
                  0000918c    0000002e     driverlib.lib : chipinfo.o (.text.NOROM_ThisLibraryIsFor_CC13x2_CC26x2_HwRev20AndLater_HaltIfViolated)
                  000091ba    0000002e     rf_multiMode_cc26x2.a : RFCC26X2_multiMode.c.cc26x2.ticlang.o (.text.RF_calculateDeltaTimeUs)
                  000091e8    0000002e     w5500.o (.text.W5500_send_data_processing_offset)
                  00009216    0000002e     socket.o (.text.startUDP)
                  00009244    0000002e     libclang_rt.builtins.a : floatsidf.S.obj (.text)
                  00009272    00000002     --HOLE-- [fill = 0]
                  00009274    0000002c     html.o (.text.Html_sectionRemoteTarget)
                  000092a0    0000002c     ti_sysbios_config.o (.text.PowerCC26XX_schedulerDisable)
                  000092cc    0000002c     rf_multiMode_cc26x2.a : RFCC26X2_multiMode.c.cc26x2.ticlang.o (.text.RF_executeDirectImmediateCmd)
                  000092f8    0000002c     radio_task.o (.text.Radio_beginRX)
                  00009324    0000002c     drivers_cc26x2.a : TemperatureCC26X2.c.obj (.text.Temperature_unregisterNotify)
                  00009350    0000002c     w5500.o (.text.W5500_read)
                  0000937c    0000002c     w5500.o (.text.W5500_write)
                  000093a8    0000002c     ti_sysbios_config.o (.text._pthread_delete)
                  000093d4    0000002c     SPIfg.o (.text.initSS)
                  00009400    0000002c     ti_sysbios_config.o (.text.ti_sysbios_gates_GateMutex_enter)
                  0000942c    0000002c     ti_sysbios_config.o (.text.ti_sysbios_knl_Clock_getTicks)
                  00009458    0000002c     ti_sysbios_config.o (.text.ti_sysbios_knl_Clock_getTimeout)
                  00009484    0000002c     ti_sysbios_config.o (.text.ti_sysbios_knl_Task_restoreHwi)
                  000094b0    0000002c     ti_sysbios_config.o (.text.usleep)
                  000094dc    0000002a     EthernetClient.o (.text.EthernetClient_timedRead)
                  00009506    0000002a     driverlib.lib : osc.o (.text.NOROM_OSCHF_TurnOnXosc)
                  00009530    0000002a     drivers_cc26x2.a : SPICC26X2DMA.c.obj (.text.SPICC26X2DMA_swiFxn)
                  0000955a    0000002a     socket.o (.text.bufferData)
                  00009584    0000002a     ti_sysbios_config.o (.text.ti_sysbios_family_arm_cc26xx_Timer_setNextTick)
                  000095ae    0000002a     ti_sysbios_config.o (.text.ti_sysbios_knl_Task_allBlockedFunction)
                  000095d8    00000028     ti_sysbios_config.o (.text.BIOS_registerRTSLock)
                  00009600    00000028     drivers_cc26x2.a : List.c.obj (.text.List_remove)
                  00009628    00000028                      : PowerCC26X2.c.obj (.text.PowerCC26XX_isStableXOSC_HF)
                  00009650    00000028     rf_multiMode_cc26x2.a : RFCC26X2_multiMode.c.cc26x2.ticlang.o (.text.RF_cmdStoreEvents)
                  00009678    00000028     sysbios.a : Hwi_asm_gnu.obj (.text.ti_sysbios_family_arm_m3_Hwi_excHandlerAsm)
                  000096a0    00000028     ti_sysbios_config.o (.text.ti_sysbios_gates_GateMutex_Instance_init)
                  000096c8    00000028     ti_sysbios_config.o (.text.ti_sysbios_knl_Semaphore_Instance_init)
                  000096f0    00000028     ti_sysbios_config.o (.text.ti_sysbios_knl_Swi_init)
                  00009718    00000028     sysbios.a : TaskSupport_asm_gnu.obj (.text.ti_sysbios_knl_TaskSupport_swap)
                  00009740    00000028     ti_sysbios_config.o (.text.ti_sysbios_knl_Task_construct)
                  00009768    00000028     ti_sysbios_config.o (.text.ti_sysbios_knl_Task_init)
                  00009790    00000026     drivers_cc26x2.a : List.c.obj (.text.List_insert)
                  000097b6    00000026                      : List.c.obj (.text.List_putHead)
                  000097dc    00000026                      : SPICC26X2DMA.c.obj (.text.flushFifos)
                  00009802    00000002     --HOLE-- [fill = 0]
                  00009804    00000024     ti_sysbios_config.o (.text.BIOS_removeRTSLock)
                  00009828    00000024     ti_drivers_config.o (.text.Board_init)
                  0000984c    00000024     EthernetUdp.o (.text.EthernetUDP_stop)
                  00009870    00000024     drivers_cc26x2.a : List.c.obj (.text.List_put)
                  00009894    00000024                      : PowerCC26X2_helpers.c.obj (.text.PowerCC26X2_getOscHfSourceReady)
                  000098b8    00000024                      : PowerCC26X2_helpers.c.obj (.text.PowerCC26X2_setSubSecIncToXoscLf)
                  000098dc    00000024                      : PowerCC26X2_calibrateRCOSC_helpers.c.obj (.text.PowerCC26X2_writeCtrim)
                  00009900    00000024                      : PowerCC26X2_calibrateRCOSC_helpers.c.obj (.text.PowerCC26X2_writeCtrimFract)
                  00009924    00000024                      : PowerCC26X2_calibrateRCOSC_helpers.c.obj (.text.PowerCC26X2_writeCtrimFractEn)
                  00009948    00000024                      : PowerCC26X2_calibrateRCOSC_helpers.c.obj (.text.PowerCC26X2_writeRtrim)
                  0000996c    00000024                      : PowerCC26X2.c.obj (.text.Power_registerNotify)
                  00009990    00000024     rf_multiMode_cc26x2.a : RFCC26X2_multiMode.c.cc26x2.ticlang.o (.text.RF_clkPowerUp)
                  000099b4    00000024                           : RFCC26X2_multiMode.c.cc26x2.ticlang.o (.text.RF_hwiCpe0ChangePhy)
                  000099d8    00000024                           : RFCC26X2_multiMode.c.cc26x2.ticlang.o (.text.RF_isStateTransitionAllowed)
                  000099fc    00000024                           : RFCC26X2_multiMode.c.cc26x2.ticlang.o (.text.RF_searchAndReplacePAOverride)
                  00009a20    00000024     radio_queue.o (.text.RadioQueue_init)
                  00009a44    00000024     radio_queue.o (.text.RadioQueue_reset)
                  00009a68    00000024     drivers_cc26x2.a : SPICC26X2DMA.c.obj (.text.releaseConstraint)
                  00009a8c    00000024     socket.o (.text.sendUDP)
                  00009ab0    00000024     ti_sysbios_config.o (.text.ti_sysbios_family_arm_m3_Hwi_construct)
                  00009ad4    00000024     ti_sysbios_config.o (.text.ti_sysbios_knl_Semaphore_create)
                  00009af8    00000024     ti_sysbios_config.o (.text.ti_sysbios_knl_Semaphore_destruct)
                  00009b1c    00000024     ti_sysbios_config.o (.text.ti_sysbios_knl_Task_enter)
                  00009b40    00000022     drivers_cc26x2.a : List.c.obj (.text.List_get)
                  00009b62    00000022     w5500.o (.text.W5500_getTXFreeSize)
                  00009b84    00000022     libc.a : strspn.c.obj (.text.strspn)
                  00009ba6    00000022     ti_sysbios_config.o (.text.ti_sysbios_runtime_SysMin_output)
                  00009bc8    00000020     ti_sysbios_config.o (.text.HwiP_clearInterrupt)
                  00009be8    00000020     rf_multiMode_cc26x2.a : rfc.c.cc26x2.ticlang.o (.text.NOROM_RFCDoorbellSendTo)
                  00009c08    00000020                           : rfc.c.cc26x2.ticlang.o (.text.NOROM_RFCOverrideSearch)
                  00009c28    00000020     drivers_cc26x2.a : PowerCC26X2_helpers.c.obj (.text.PowerCC26X2_disableTCXOQual)
                  00009c48    00000020                      : PowerCC26X2_helpers.c.obj (.text.PowerCC26X2_enableTCXOQual)
                  00009c68    00000020     ti_sysbios_config.o (.text.PowerCC26XX_schedulerRestore)
                  00009c88    00000020     drivers_cc26x2.a : PowerCC26X2.c.obj (.text.Power_unregisterNotify)
                  00009ca8    00000020     rf_multiMode_cc26x2.a : RFCC26X2_multiMode.c.cc26x2.ticlang.o (.text.RF_cmdAlloc)
                  00009cc8    00000020                           : RFCC26X2_multiMode.c.cc26x2.ticlang.o (.text.RF_invokeGlobalCallback)
                  00009ce8    00000020                           : RFCC26X2_multiMode.c.cc26x2.ticlang.o (.text.RF_ratIsRunning)
                  00009d08    00000020     radio_task.o (.text.Radio_setFS)
                  00009d28    00000020     ti_sysbios_config.o (.text.SemaphoreP_constructBinary)
                  00009d48    00000020     libc.a : strcspn.c.obj (.text.strcspn)
                  00009d68    00000020     ti_sysbios_config.o (.text.ti_sysbios_family_arm_m3_Hwi_initStack)
                  00009d88    00000020     ti_sysbios_config.o (.text.ti_sysbios_knl_Task_delete)
                  00009da8    00000020     ti_sysbios_config.o (.text.ti_sysbios_knl_Task_destruct)
                  00009dc8    00000020     libclang_rt.builtins.a : floatunsidf.S.obj (.text)
                  00009de8    0000001e     EthernetClient.o (.text.EthernetClient_read)
                  00009e06    0000001e     libc.a : memccpy.c.obj (.text.memccpy)
                  00009e24    0000001e     sysbios.a : Hwi_asm_switch_gnu.obj (.text.ti_sysbios_family_arm_m3_Hwi_switchAndRunFunc)
                  00009e42    0000001e     ti_sysbios_config.o (.text.ti_sysbios_runtime_System_putchar)
                  00009e60    0000001c     ti_sysbios_config.o (.text.BIOS_rtsLock)
                  00009e7c    0000001c     EthernetClient.o (.text.EthernetClient_write)
                  00009e98    0000001c     drivers_cc26x2.a : GPIO.c.obj (.text.GPIO_setCallback)
                  00009eb4    0000001c                      : GPIOCC26XX.c.obj (.text.GPIO_setMux)
                  00009ed0    0000001c                      : PowerCC26X2.c.obj (.text.Power_getTransitionLatency)
                  00009eec    0000001c     rf_multiMode_cc26x2.a : RFCC26X2_multiMode.c.cc26x2.ticlang.o (.text.RF_clkInactivityCallback)
                  00009f08    0000001c                           : RFCC26X2_multiMode.c.cc26x2.ticlang.o (.text.RF_getPAOverrideOffsetAndValue)
                  00009f24    0000001c                           : RFCC26X2_multiMode.c.cc26x2.ticlang.o (.text.RF_powerConstraintSet)
                  00009f40    0000001c                           : RFCC26X2_multiMode.c.cc26x2.ticlang.o (.text.RF_swiFsm)
                  00009f5c    0000001c     radio_task.o (.text.Radio_callback)
                  00009f78    0000001c     w5500.o (.text.W5500_writeSnDPORT)
                  00009f94    0000001c     w5500.o (.text.W5500_writeSnPORT)
                  00009fb0    0000001c     w5500.o (.text.W5500_writeSnRX_RD)
                  00009fcc    0000001c     w5500.o (.text.W5500_writeSnTX_WR)
                  00009fe8    0000001c     socket.o (.text.listen)
                  0000a004    0000001c     drivers_cc26x2.a : TemperatureCC26X2.c.obj (.text.setTempLowerLimit)
                  0000a020    0000001c                      : TemperatureCC26X2.c.obj (.text.setTempUpperLimit)
                  0000a03c    0000001c     ti_sysbios_config.o (.text.ti_sysbios_knl_Idle_run)
                  0000a058    0000001c     ti_sysbios_config.o (.text.ti_sysbios_knl_Queue_put)
                  0000a074    0000001c     ti_sysbios_config.o (.text.ti_sysbios_knl_Semaphore_construct)
                  0000a090    0000001c     ti_sysbios_config.o (.text.ti_sysbios_knl_Swi_construct)
                  0000a0ac    0000001c     ti_sysbios_config.o (.text.ti_sysbios_knl_Swi_destruct)
                  0000a0c8    0000001c     Printfg.o (.text.write_string)
                  0000a0e4    0000001a     EthernetUdp.o (.text.EthernetUDP_write)
                  0000a0fe    0000001a     w5500.o (.text.W5500_readSnRX_RD)
                  0000a118    0000001a     w5500.o (.text.W5500_readSnRX_RSR)
                  0000a132    0000001a     w5500.o (.text.W5500_readSnTX_FSR)
                  0000a14c    0000001a     w5500.o (.text.W5500_readSnTX_WR)
                  0000a166    0000001a     ti_sysbios_config.o (.text.ti_sysbios_knl_Task_sleepTimeout)
                  0000a180    00000018     ti_sysbios_config.o (.text.BIOS_exitFunc)
                  0000a198    00000018     ti_sysbios_config.o (.text.BIOS_rtsUnlock)
                  0000a1b0    00000018     drivers_cc26x2.a : GPIOCC26XX.c.obj (.text.GPIO_disableInt)
                  0000a1c8    00000018                      : PowerCC26X2.c.obj (.text.PowerCC26XX_calibrate)
                  0000a1e0    00000018                      : PowerCC26X2.c.obj (.text.Power_idleFunc)
                  0000a1f8    00000018     rf_multiMode_cc26x2.a : RFCC26X2_multiMode.c.cc26x2.ticlang.o (.text.RF_restartClockTimeout)
                  0000a210    00000018     libc.a : snprintf.c.obj (.text._outc)
                  0000a228    00000018            : sprintf.c.obj (.text._outs)
                  0000a240    00000018     Printfg.o (.text.println)
                  0000a258    00000018     ti_sysbios_config.o (.text.ti_sysbios_knl_Clock_scheduleNextTick)
                  0000a270    00000018     ti_sysbios_config.o (.text.ti_sysbios_knl_Swi_construct2)
                  0000a288    00000018     ti_sysbios_config.o (.text.ti_sysbios_knl_Swi_or)
                  0000a2a0    00000018     sysbios.a : TaskSupport_asm_gnu.obj (.text.ti_sysbios_knl_TaskSupport_glue)
                  0000a2b8    00000018     ti_sysbios_config.o (.text.ti_sysbios_knl_Task_unblock)
                  0000a2d0    00000018     ti_sysbios_config.o (.text.ti_sysbios_runtime_System_printf)
                  0000a2e8    00000018     ti_sysbios_config.o (.text.ti_sysbios_runtime_System_vprintf)
                  0000a300    00000016     ti_sysbios_config.o (.text.HwiP_setFunc)
                  0000a316    00000016     drivers_cc26x2.a : List.c.obj (.text.List_clearList)
                  0000a32c    00000016     w5500.o (.text.W5500_read_data)
                  0000a342    00000016     socket.o (.text.close)
                  0000a358    00000016     ti_sysbios_config.o (.text.ti_sysbios_knl_Clock_start)
                  0000a36e    00000002     --HOLE-- [fill = 0]
                  0000a370    00000014     drivers_cc26x2.a : GPIOCC26XX.c.obj (.text.GPIO_read)
                  0000a384    00000014                      : GPIO.c.obj (.text.GPIO_setUserArg)
                  0000a398    00000014                      : SPICC26X2DMA.c.obj (.text.OUTLINED_FUNCTION_0)
                  0000a3ac    00000014     rf_multiMode_cc26x2.a : RFCC26X2_multiMode.c.cc26x2.ticlang.o (.text.RF_dbellSyncOnAck)
                  0000a3c0    00000014     drivers_cc26x2.a : TemperatureCC26X2.c.obj (.text.Temperature_getTemperature)
                  0000a3d4    00000014     w5500.o (.text.W5500_execCmdSn)
                  0000a3e8    00000014     w5500.o (.text.W5500_writeSn)
                  0000a3fc    00000014     w5500.o (.text.W5500_writeSn_buf)
                  0000a410    00000014     libc.a : args_main.c.obj (.text._args_main)
                  0000a424    00000014     ti_sysbios_config.o (.text.ti_sysbios_family_arm_m3_Hwi_switchFromBootStack)
                  0000a438    00000014     libclang_rt.builtins.a : aeabi_ldivmod.S.obj (.text)
                  0000a44c    00000014                            : aeabi_memset.S.obj (.text)
                  0000a460    00000014                            : aeabi_uldivmod.S.obj (.text)
                  0000a474    00000012     EthernetUdp.o (.text.EthernetUDP_beginPacket_ip)
                  0000a486    00000012     Ethernet.o (.text.Ethernet_begin_mac_ip_dns)
                  0000a498    00000012     libc.a : _printfi.c.obj (.text.strchr)
                  0000a4aa    00000012            : memcpy_t2.S.obj (.text:TI_memcpy_small)
                  0000a4bc    00000010     ti_sysbios_config.o (.text.ClockP_getCpuFreq)
                  0000a4cc    00000010     EthernetClient.o (.text.EthernetClient_available)
                  0000a4dc    00000010     EthernetClient.o (.text.EthernetClient_status)
                  0000a4ec    00000010     drivers_cc26x2.a : GPIO.c.obj (.text.GPIO_getUserArg)
                  0000a4fc    00000010                      : GPIOCC26XX.c.obj (.text.GPIO_write)
                  0000a50c    00000010     ti_sysbios_config.o (.text.HwiP_Params_init)
                  0000a51c    00000010     ti_sysbios_config.o (.text.HwiP_post)
                  0000a52c    00000010     rf_multiMode_cc26x2.a : rfc.c.cc26x2.ticlang.o (.text.NOROM_RFCCpeIntGetAndClear)
                  0000a53c    00000010                           : rfc.c.cc26x2.ticlang.o (.text.NOROM_RFCHwIntGetAndClear)
                  0000a54c    00000010     drivers_cc26x2.a : PowerCC26X2_helpers.c.obj (.text.PowerCC26X2_oscCtlClearXtal)
                  0000a55c    00000010                      : PowerCC26X2_helpers.c.obj (.text.PowerCC26X2_prcmEnableCacheRetention)
                  0000a56c    00000010                      : PowerCC26X2_calibrateRCOSC_helpers.c.obj (.text.PowerCC26X2_readCtrim)
                  0000a57c    00000010                      : PowerCC26X2_calibrateRCOSC_helpers.c.obj (.text.PowerCC26X2_readCtrimFract)
                  0000a58c    00000010                      : PowerCC26X2_calibrateRCOSC_helpers.c.obj (.text.PowerCC26X2_readRtrim)
                  0000a59c    00000010                      : PowerCC26X2_helpers.c.obj (.text.PowerCC26X2_switchToTCXO)
                  0000a5ac    00000010                      : PowerCC26X2.c.obj (.text.Power_getDependencyCount)
                  0000a5bc    00000010     ti_sysbios_config.o (.text.SwiP_Params_init)
                  0000a5cc    00000010     ti_sysbios_config.o (.text.ti_sysbios_family_arm_cc26xx_Timer_dynamicStub)
                  0000a5dc    00000010     ti_sysbios_config.o (.text.ti_sysbios_family_arm_m3_Hwi_excHandler)
                  0000a5ec    00000010     libc.a : wcslen.c.obj (.text.wcslen)
                  0000a5fc    00000010            : copy_zero_init.c.obj (.text:decompress:ZI)
                  0000a60c    0000000e     Ethernet.o (.text.Ethernet_begin_mac_ip_dns_gateway)
                  0000a61a    0000000e     drivers_cc26x2.a : PowerCC26X2.c.obj (.text.OUTLINED_FUNCTION_0)
                  0000a628    0000000e     rf_multiMode_cc26x2.a : RFCC26X2_multiMode.c.cc26x2.ticlang.o (.text.OUTLINED_FUNCTION_0)
                  0000a636    0000000e                           : RFCC26X2_multiMode.c.cc26x2.ticlang.o (.text.OUTLINED_FUNCTION_3)
                  0000a644    0000000e     w5500.o (.text.W5500_readSn)
                  0000a652    0000000e     libc.a : _printfi.c.obj (.text.strlen)
                  0000a660    0000000e     ti_sysbios_config.o (.text.strlen)
                  0000a66e    0000000e     drivers_cc26x2.a : PowerCC26X2.c.obj (.text.switchToTCXO)
                  0000a67c    0000000e     ti_sysbios_config.o (.text.ti_sysbios_gates_GateMutex_leave)
                  0000a68a    0000000e     libc.a : memset_t2.S.obj (.text:TI_memset_small)
                  0000a698    0000000e            : copy_decompress_none.c.obj (.text:decompress:none)
                  0000a6a6    00000002     --HOLE-- [fill = 0]
                  0000a6a8    0000000c     ti_sysbios_config.o (.text.BIOS_linkedWithIncorrectBootLibrary)
                  0000a6b4    0000000c     ti_sysbios_config.o (.text.BIOS_start)
                  0000a6c0    0000000c     EthernetClient.o (.text.EthernetClient_println)
                  0000a6cc    0000000c     Ethernet.o (.text.Ethernet_begin_mac_ip)
                  0000a6d8    0000000c     ethernet_task.o (.text.Ethernet_getTargetIp)
                  0000a6e4    0000000c     ethernet_task.o (.text.Ethernet_getThisIp)
                  0000a6f0    0000000c     Ethernet.o (.text.Ethernet_localIP)
                  0000a6fc    0000000c     ti_sysbios_config.o (.text.HwiP_disable)
                  0000a708    0000000c     driverlib.lib : cpu.o (.text.NOROM_CPUcpsid)
                  0000a714    0000000c                   : cpu.o (.text.NOROM_CPUcpsie)
                  0000a720    0000000c     drivers_cc26x2.a : PowerCC26X2_helpers.c.obj (.text.PowerCC26X2_oscClockSourceGet)
                  0000a72c    0000000c                      : PowerCC26X2_helpers.c.obj (.text.PowerCC26X2_setPeriphDeepSleepEnable)
                  0000a738    0000000c                      : PowerCC26X2_helpers.c.obj (.text.PowerCC26X2_sysCtrlGetResetSource)
                  0000a744    0000000c                      : PowerCC26X2_helpers.c.obj (.text.PowerCC26X2_sysCtrlVoltageConditionalControl)
                  0000a750    0000000c                      : PowerCC26X2.c.obj (.text.Power_getConstraintMask)
                  0000a75c    0000000c     rf_multiMode_cc26x2.a : RFCC26X2_multiMode.c.cc26x2.ticlang.o (.text.RF_Params_init)
                  0000a768    0000000c     radio_queue.o (.text.RadioQueue_getDQpointer)
                  0000a774    0000000c     drivers_cc26x2.a : SPI.c.obj (.text.SPI_Params_init)
                  0000a780    0000000c     ti_sysbios_config.o (.text.SwiP_getTrigger)
                  0000a78c    0000000c     w5500.o (.text.W5500_readSIPR)
                  0000a798    0000000c     w5500.o (.text.W5500_writeGAR)
                  0000a7a4    0000000c     w5500.o (.text.W5500_writeSHAR)
                  0000a7b0    0000000c     w5500.o (.text.W5500_writeSIPR)
                  0000a7bc    0000000c     w5500.o (.text.W5500_writeSUBR)
                  0000a7c8    0000000c     libc.a : _lock.c.obj (.text._register_lock)
                  0000a7d4    0000000c            : _lock.c.obj (.text._register_unlock)
                  0000a7e0    0000000c     Printfg.o (.text.print_newline)
                  0000a7ec    0000000c     drivers_cc26x2.a : SPICC26X2DMA.c.obj (.text.spiPostNotify)
                  0000a7f8    0000000c     ti_sysbios_config.o (.text.ti_sysbios_heaps_HeapMem_init)
                  0000a804    0000000c     ti_sysbios_config.o (.text.ti_sysbios_knl_ClockSupport_setNextTick)
                  0000a810    0000000c     ti_sysbios_config.o (.text.ti_sysbios_knl_Clock_tick)
                  0000a81c    0000000c     ti_sysbios_config.o (.text.ti_sysbios_knl_Task_Params_init)
                  0000a828    0000000a     ti_sysbios_config.o (.text.ClockP_Params_init)
                  0000a832    0000000a     EthernetClient.o (.text.EthernetClient_begin)
                  0000a83c    0000000a     main.o (.text.OUTLINED_FUNCTION_0)
                  0000a846    0000000a     drivers_cc26x2.a : SPICC26X2DMA.c.obj (.text.OUTLINED_FUNCTION_2)
                  0000a850    0000000a     rf_multiMode_cc26x2.a : RFCC26X2_multiMode.c.cc26x2.ticlang.o (.text.OUTLINED_FUNCTION_5)
                  0000a85a    0000000a     drivers_cc26x2.a : PowerCC26X2_helpers.c.obj (.text.PowerCC26X2_sysCtrlStandby)
                  0000a864    0000000a                      : SPICC26X2DMA.c.obj (.text.SPICC26X2DMA_init)
                  0000a86e    0000000a     ti_sysbios_config.o (.text.SemaphoreP_pend)
                  0000a878    0000000a     drivers_cc26x2.a : UDMACC26XX.c.obj (.text.UDMACC26XX_hwiIntFxn)
                  0000a882    0000000a     w5500.o (.text.W5500_send_data_processing)
                  0000a88c    0000000a     w5500.o (.text.W5500_writeSnDIPR)
                  0000a896    0000000a     libc.a : sprintf.c.obj (.text._outc)
                  0000a8a0    0000000a     ti_sysbios_config.o (.text.ti_sysbios_knl_Semaphore_Params_init)
                  0000a8aa    00000002     --HOLE-- [fill = 0]
                  0000a8ac    00000008     html.o (.text.Html_head)
                  0000a8b4    00000008     html.o (.text.Html_preamble)
                  0000a8bc    00000008     html.o (.text.Html_script)
                  0000a8c4    00000008     html.o (.text.Html_style)
                  0000a8cc    00000008     driverlib.lib : cpu.o (.text.NOROM_CPUdelay)
                  0000a8d4    00000008     drivers_cc26x2.a : SPICC26X2DMA.c.obj (.text.OUTLINED_FUNCTION_1)
                  0000a8dc    00000008     rf_multiMode_cc26x2.a : RFCC26X2_multiMode.c.cc26x2.ticlang.o (.text.OUTLINED_FUNCTION_2)
                  0000a8e4    00000008     drivers_cc26x2.a : PowerCC26X2_helpers.c.obj (.text.PowerCC26X2_oschfTrySwitchToXosc)
                  0000a8ec    00000008     w5500.o (.text.W5500_writeSnCR)
                  0000a8f4    00000008     w5500.o (.text.W5500_writeSnIR)
                  0000a8fc    00000008     w5500.o (.text.W5500_writeSnMR)
                  0000a904    00000008     libc.a : aeabi_portable.c.obj (.text.__aeabi_errno_addr)
                  0000a90c    00000008     drivers_cc26x2.a : SPICC26X2DMA.c.obj (.text.blockingTransferCallback)
                  0000a914    00000008     SPIfg.o (.text.resetSS)
                  0000a91c    00000008     SPIfg.o (.text.setSS)
                  0000a924    00000008     ti_sysbios_config.o (.text.ti_sysbios_runtime_System_exit)
                  0000a92c    00000006     ti_sysbios_config.o (.text.ClockP_stop)
                  0000a932    00000006     EthernetUdp.o (.text.EthernetUDP_begin_init)
                  0000a938    00000006     EthernetUdp.o (.text.EthernetUDP_endPacket)
                  0000a93e    00000006     ti_sysbios_config.o (.text.HwiP_restore)
                  0000a944    00000006     dashboard_task.o (.text.OUTLINED_FUNCTION_0)
                  0000a94a    00000006     rf_multiMode_cc26x2.a : RFCC26X2_multiMode.c.cc26x2.ticlang.o (.text.OUTLINED_FUNCTION_4)
                  0000a950    00000006                           : RFCC26X2_multiMode.c.cc26x2.ticlang.o (.text.RF_clkReqAccess)
                  0000a956    00000006     drivers_cc26x2.a : SPI.c.obj (.text.SPI_transfer)
                  0000a95c    00000006     w5500.o (.text.W5500_readSnCR)
                  0000a962    00000006     w5500.o (.text.W5500_readSnIR)
                  0000a968    00000006     w5500.o (.text.W5500_readSnSR)
                  0000a96e    00000006     socket.o (.text.disconnect)
                  0000a974    00000006     ti_sysbios_config.o (.text.ti_sysbios_family_arm_m3_Hwi_destruct)
                  0000a97a    00000006     ti_sysbios_config.o (.text.ti_sysbios_family_arm_m3_Hwi_doSwiRestore)
                  0000a980    00000006     ti_sysbios_config.o (.text.ti_sysbios_family_arm_m3_Hwi_doTaskRestore)
                  0000a986    00000006     ti_sysbios_config.o (.text.ti_sysbios_knl_Idle_loop)
                  0000a98c    00000006     ti_sysbios_config.o (.text.ti_sysbios_knl_Swi_startup)
                  0000a992    00000004     ti_sysbios_config.o (.text.HwiP_destruct)
                  0000a996    00000004     ti_sysbios_config.o (.text.HwiP_disableInterrupt)
                  0000a99a    00000004     ti_sysbios_config.o (.text.HwiP_enableInterrupt)
                  0000a99e    00000004     rf_multiMode_cc26x2.a : rfc.c.cc26x2.ticlang.o (.text.NOROM_RFCOverrideUpdate)
                  0000a9a2    00000004     drivers_cc26x2.a : PowerCC26X2_helpers.c.obj (.text.PowerCC26X2_oschfSwitchToRcosc)
                  0000a9a6    00000004                      : PowerCC26X2_helpers.c.obj (.text.PowerCC26X2_sysCtrlIdle)
                  0000a9aa    00000004                      : PowerCC26X2_helpers.c.obj (.text.PowerCC26X2_turnOnXosc)
                  0000a9ae    00000004     rf_multiMode_cc26x2.a : RFCC26X2_multiMode.c.cc26x2.ticlang.o (.text.RF_defaultExecutionPolicy)
                  0000a9b2    00000004     ti_sysbios_config.o (.text.ResetISR)
                  0000a9b6    00000004     ti_sysbios_config.o (.text.SemaphoreP_destruct)
                  0000a9ba    00000004     ti_sysbios_config.o (.text.SemaphoreP_post)
                  0000a9be    00000004     ti_sysbios_config.o (.text.SwiP_destruct)
                  0000a9c2    00000004     ti_sysbios_config.o (.text.SwiP_or)
                  0000a9c6    00000004     ti_sysbios_config.o (.text.SwiP_post)
                  0000a9ca    00000004     w5500.o (.text.W5500_getIPAddress)
                  0000a9ce    00000004     w5500.o (.text.W5500_setGatewayIp)
                  0000a9d2    00000004     w5500.o (.text.W5500_setIPAddress)
                  0000a9d6    00000004     w5500.o (.text.W5500_setMACAddress)
                  0000a9da    00000004     w5500.o (.text.W5500_setSubnetMask)
                  0000a9de    00000004     ti_sysbios_config.o (.text._system_post_cinit)
                  0000a9e2    00000004     ti_sysbios_config.o (.text._system_pre_init)
                  0000a9e6    00000004     drivers_cc26x2.a : PowerCC26X2.c.obj (.text.configureRFCoreClocks)
                  0000a9ea    00000004                      : PowerCC26X2.c.obj (.text.nopResourceHandler)
                  0000a9ee    00000004     ti_sysbios_config.o (.text.ti_sysbios_heaps_HeapMem_isBlocking)
                  0000a9f2    00000002     --HOLE-- [fill = 0]
                  0000a9f4    00000004     libclang_rt.builtins.a : aeabi_memcpy.S.obj (.text)

__llvm_prf_cnts 
*          0    20000000    00000000     UNINITIALIZED

__llvm_prf_bits 
*          0    20000000    00000000     UNINITIALIZED

.TI.bound:dmaUart0RxControlTableEntry 
*          0    20001810    00000010     UNINITIALIZED
                  20001810    00000010     ti_drivers_config.o (.TI.bound:dmaUart0RxControlTableEntry)

.TI.bound:dmaUart0TxControlTableEntry 
*          0    20001820    00000010     UNINITIALIZED
                  20001820    00000010     ti_drivers_config.o (.TI.bound:dmaUart0TxControlTableEntry)

.TI.bound:dmaSpi0RxControlTableEntry 
*          0    20001830    00000010     UNINITIALIZED
                  20001830    00000010     ti_drivers_config.o (.TI.bound:dmaSpi0RxControlTableEntry)

.TI.bound:dmaSpi0TxControlTableEntry 
*          0    20001840    00000010     UNINITIALIZED
                  20001840    00000010     ti_drivers_config.o (.TI.bound:dmaSpi0TxControlTableEntry)

.TI.bound:dmaSpi0RxAltControlTableEntry 
*          0    20001a30    00000010     UNINITIALIZED
                  20001a30    00000010     ti_drivers_config.o (.TI.bound:dmaSpi0RxAltControlTableEntry)

.TI.bound:dmaSpi0TxAltControlTableEntry 
*          0    20001a40    00000010     UNINITIALIZED
                  20001a40    00000010     ti_drivers_config.o (.TI.bound:dmaSpi0TxAltControlTableEntry)

.args      0    0000a9f8    00000008     
                  0000a9f8    00000008     --HOLE-- [fill = 0]

.rodata    0    0000aa00    00001ac4     
                  0000aa00    000005d0     ti_sysbios_config.o (.rodata.str1.1)
                  0000afd0    00000538     rf_multiMode_cc26x2.a : rf_patch_cpe_bt5.c.cc26x2.ticlang.o (.rodata.patchImageBt5)
                  0000b508    0000030e     html.o (.rodata.networkInfo)
                  0000b816    00000282     html.o (.rodata.style)
                  0000ba98    0000022a     html.o (.rodata.script)
                  0000bcc2    00000001     ti_drivers_config.o (.rodata.GPIO_pinLowerBound)
                  0000bcc3    00000001     ti_drivers_config.o (.rodata.GPIO_pinUpperBound)
                  0000bcc4    0000000c     ti_drivers_config.o (.rodata.RFCC26XX_hwAttrs)
                  0000bcd0    00000101     libc.a : aeabi_ctype.S.obj (.rodata)
                  0000bdd1    000000f0     html.o (.rodata.remoteTarget)
                  0000bec1    0000008d     ti_sysbios_config.o (.rodata.ti_sysbios_heaps_HeapMem_alloc.err)
                  0000bf4e    00000089     ti_sysbios_config.o (.rodata.ti_sysbios_family_arm_m3_Hwi_Instance_init.err.1)
                  0000bfd7    00000089     ti_sysbios_config.o (.rodata.ti_sysbios_runtime_Memory_alloc.err)
                  0000c060    00000086     ti_sysbios_config.o (.rodata.ti_sysbios_family_arm_m3_Hwi_Instance_init.err)
                  0000c0e6    00000083     html.o (.rodata.head)
                  0000c169    00000006     dashboard_task.o (.rodata..L.str.6)
                  0000c16f    00000001     ti_drivers_config.o (.rodata.SPI_count)
                  0000c170    00000070     driverlib.lib : osc.o (.rodata..L__const.NOROM_OSC_HPOSC_Debug_InitFreqOffsetParams.hposcParm)
                  0000c1e0    00000054     drivers_cc26x2.a : PowerCC26X2.c.obj (.rodata.resourceDB)
                  0000c234    00000040     ti_drivers_config.o (.rodata.spiCC26X2DMAHWAttrs)
                  0000c274    0000003c     html.o (.rodata.preamble)
                  0000c2b0    00000036     dashboard_task.o (.rodata.str1.1)
                  0000c2e6    00000001     ti_drivers_config.o (.rodata.TemperatureCC26X2_config)
                  0000c2e7    00000001     --HOLE-- [fill = 0]
                  0000c2e8    00000024     ti_sysbios_config.o (.rodata.ti_sysbios_knl_Task_Params_default)
                  0000c30c    00000022     libc.a : _printfi.c.obj (.rodata.str1.1)
                  0000c32e    00000002     --HOLE-- [fill = 0]
                  0000c330    00000020     drivers_cc26x2.a : SPI.c.obj (.rodata.SPI_defaultParams)
                  0000c350    00000020     rf_multiMode_cc26x2.a : RFCC26X2_multiMode.c.cc26x2.ticlang.o (.rodata.cst32)
                  0000c370    0000001d     ethernet_task.o (.rodata.str1.1)
                  0000c38d    00000003     --HOLE-- [fill = 0]
                  0000c390    0000001c     ti_sysbios_config.o (.rodata.ti_sysbios_family_arm_cc26xx_Timer_Params_default)
                  0000c3ac    00000018     drivers_cc26x2.a : SPICC26X2DMA.c.obj (.rodata.SPICC26X2DMA_fxnTable)
                  0000c3c4    00000018                      : SPICC26X2DMA.c.obj (.rodata.cst8)
                  0000c3dc    00000018                      : SPICC26X2DMA.c.obj (.rodata.frameFormat)
                  0000c3f4    00000018     ti_sysbios_config.o (.rodata.ti_sysbios_family_arm_m3_Hwi_Params_default)
                  0000c40c    00000017     Printfg.o (.rodata.str1.1)
                  0000c423    00000001     --HOLE-- [fill = 0]
                  0000c424    00000014     ti_drivers_config.o (.rodata.PowerCC26X2_config)
                  0000c438    00000014     ti_sysbios_config.o (.rodata.ti_sysbios_knl_Swi_Params_default)
                  0000c44c    00000010     ti_drivers_config.o (.rodata.GPIO_config)
                  0000c45c    0000000c     ti_drivers_config.o (.rodata.SPI_config)
                  0000c468    0000000c     ti_sysbios_config.o (.rodata.ti_sysbios_heaps_HeapMem_Params_default)
                  0000c474    0000000c     ti_sysbios_config.o (.rodata.ti_sysbios_knl_Clock_Params_default)
                  0000c480    0000000c     ti_sysbios_config.o (.rodata.ti_sysbios_knl_Semaphore_Params_default)
                  0000c48c    0000000a     radio_task.o (.rodata.str1.1)
                  0000c496    00000002     --HOLE-- [fill = 0]
                  0000c498    00000008     rf_multiMode_cc26x2.a : RFCC26X2_multiMode.c.cc26x2.ticlang.o (.rodata..L__const.RF_hwiCpe0Active.activeCmd)
                  0000c4a0    00000008     ti_drivers_config.o (.rodata.UDMACC26XX_config)
                  0000c4a8    00000008     driverlib.lib : aux_sysif.o (.rodata.cst4)
                  0000c4b0    00000008     ti_sysbios_config.o (.rodata.ti_sysbios_knl_Idle_funcList)
                  0000c4b8    00000008     ti_drivers_config.o (.rodata.udmaCC26XXHWAttrs)
                  0000c4c0    00000004     ti_sysbios_config.o (.rodata.ti_sysbios_family_arm_m3_Hwi_swiTaskKeyAddress)

MODULE SUMMARY

       Module                                     code    ro data   rw data
       ------                                     ----    -------   -------
    .\
       radio_queue.o                              236     0         6216   
       html.o                                     140     2409      2048   
       radio_task.o                               272     10        318    
       dashboard_task.o                           470     60        3      
       ethernet_task.o                            360     29        80     
       main.o                                     222     0         168    
    +--+------------------------------------------+-------+---------+---------+
       Total:                                     1700    2508      8833   
                                                                           
    .\ethernet\
       w5500.o                                    906     0         0      
       socket.o                                   452     0         2      
       EthernetClient.o                           334     0         4      
       EthernetServer.o                           268     0         0      
       SPIfg.o                                    200     0         4      
       EthernetUdp.o                              164     0         0      
       Ethernet.o                                 108     0         48     
       Printfg.o                                  64      23        0      
       IPAddress.o                                74      0         0      
       ArduinoCompatibility.o                     72      0         0      
    +--+------------------------------------------+-------+---------+---------+
       Total:                                     2642    23        58     
                                                                           
    .\syscfg\
       ti_sysbios_config.o                        9518    2253      2852   
       ti_drivers_config.o                        244     144       756    
       ti_radio_config.o                          0       0         284    
       ti_devices_config.o                        0       88        0      
    +--+------------------------------------------+-------+---------+---------+
[...]
0000a44d  __aeabi_memset4                                                    
0000a44d  __aeabi_memset8                                                    
0000a459  __aeabi_memclr                                                     
0000a459  __aeabi_memclr4                                                    
0000a459  __aeabi_memclr8                                                    
0000a461  __aeabi_uldivmod                                                   
0000a475  EthernetUDP_beginPacket_ip                                         
0000a487  Ethernet_begin_mac_ip_dns                                          
0000a4ab  TI_memcpy_small                                                    
0000a4bd  ClockP_getCpuFreq                                                  
0000a4cd  EthernetClient_available                                           
0000a4dd  EthernetClient_status                                              
0000a4ed  GPIO_getUserArg                                                    
0000a4fd  GPIO_write                                                         
0000a50d  HwiP_Params_init                                                   
0000a51d  HwiP_post                                                          
0000a52d  NOROM_RFCCpeIntGetAndClear                                         
0000a53d  NOROM_RFCHwIntGetAndClear                                          
0000a54d  PowerCC26X2_oscCtlClearXtal                                        
0000a55d  PowerCC26X2_prcmEnableCacheRetention                               
0000a56d  PowerCC26X2_readCtrim                                              
0000a57d  PowerCC26X2_readCtrimFract                                         
0000a58d  PowerCC26X2_readRtrim                                              
0000a59d  PowerCC26X2_switchToTCXO                                           
0000a5ad  Power_getDependencyCount                                           
0000a5bd  SwiP_Params_init                                                   
0000a5cd  ti_sysbios_family_arm_cc26xx_Timer_dynamicStub                     
0000a5dd  ti_sysbios_family_arm_m3_Hwi_excHandler                            
0000a5ed  wcslen                                                             
0000a5fd  __TI_zero_init                                                     
0000a60d  Ethernet_begin_mac_ip_dns_gateway                                  
0000a645  W5500_readSn                                                       
0000a67d  ti_sysbios_gates_GateMutex_leave                                   
0000a68b  TI_memset_small                                                    
0000a699  __TI_decompress_none                                               
0000a6a9  BIOS_linkedWithIncorrectBootLibrary                                
0000a6b5  BIOS_start                                                         
0000a6c1  EthernetClient_println                                             
0000a6cd  Ethernet_begin_mac_ip                                              
0000a6d9  Ethernet_getTargetIp                                               
0000a6e5  Ethernet_getThisIp                                                 
0000a6f1  Ethernet_localIP                                                   
0000a6fd  HwiP_disable                                                       
0000a709  NOROM_CPUcpsid                                                     
0000a715  NOROM_CPUcpsie                                                     
0000a721  PowerCC26X2_oscClockSourceGet                                      
0000a72d  PowerCC26X2_setPeriphDeepSleepEnable                               
0000a739  PowerCC26X2_sysCtrlGetResetSource                                  
0000a745  PowerCC26X2_sysCtrlVoltageConditionalControl                       
0000a751  Power_getConstraintMask                                            
0000a75d  RF_Params_init                                                     
0000a769  RadioQueue_getDQpointer                                            
0000a775  SPI_Params_init                                                    
0000a781  SwiP_getTrigger                                                    
0000a78d  W5500_readSIPR                                                     
0000a799  W5500_writeGAR                                                     
0000a7a5  W5500_writeSHAR                                                    
0000a7b1  W5500_writeSIPR                                                    
0000a7bd  W5500_writeSUBR                                                    
0000a7c9  _register_lock                                                     
0000a7d5  _register_unlock                                                   
0000a7e1  print_newline                                                      
0000a7f9  ti_sysbios_heaps_HeapMem_init                                      
0000a805  ti_sysbios_knl_ClockSupport_setNextTick                            
0000a811  ti_sysbios_knl_Clock_tick                                          
0000a81d  ti_sysbios_knl_Task_Params_init                                    
0000a829  ClockP_Params_init                                                 
0000a833  EthernetClient_begin                                               
0000a85b  PowerCC26X2_sysCtrlStandby                                         
0000a865  SPICC26X2DMA_init                                                  
0000a86f  SemaphoreP_pend                                                    
0000a879  UDMACC26XX_hwiIntFxn                                               
0000a883  W5500_send_data_processing                                         
0000a88d  W5500_writeSnDIPR                                                  
0000a8a1  ti_sysbios_knl_Semaphore_Params_init                               
0000a8ad  Html_head                                                          
0000a8b5  Html_preamble                                                      
0000a8bd  Html_script                                                        
0000a8c5  Html_style                                                         
0000a8cd  NOROM_CPUdelay                                                     
0000a8e5  PowerCC26X2_oschfTrySwitchToXosc                                   
0000a8ed  W5500_writeSnCR                                                    
0000a8f5  W5500_writeSnIR                                                    
0000a8fd  W5500_writeSnMR                                                    
0000a905  __aeabi_errno_addr                                                 
0000a915  resetSS                                                            
0000a91d  setSS                                                              
0000a925  ti_sysbios_runtime_System_exit                                     
0000a92d  ClockP_stop                                                        
0000a933  EthernetUDP_begin_init                                             
0000a939  EthernetUDP_endPacket                                              
0000a93f  HwiP_restore                                                       
0000a957  SPI_transfer                                                       
0000a95d  W5500_readSnCR                                                     
0000a963  W5500_readSnIR                                                     
0000a969  W5500_readSnSR                                                     
0000a96f  disconnect                                                         
0000a975  ti_sysbios_family_arm_m3_Hwi_destruct                              
0000a97b  ti_sysbios_family_arm_m3_Hwi_doSwiRestore                          
0000a981  ti_sysbios_family_arm_m3_Hwi_doTaskRestore                         
0000a987  ti_sysbios_knl_Idle_loop                                           
0000a98d  ti_sysbios_knl_Swi_startup                                         
0000a993  HwiP_destruct                                                      
0000a997  HwiP_disableInterrupt                                              
0000a99b  HwiP_enableInterrupt                                               
0000a99f  NOROM_RFCOverrideUpdate                                            
0000a9a3  PowerCC26X2_oschfSwitchToRcosc                                     
0000a9a7  PowerCC26X2_sysCtrlIdle                                            
0000a9ab  PowerCC26X2_turnOnXosc                                             
0000a9af  RF_defaultExecutionPolicy                                          
0000a9b3  ResetISR                                                           
0000a9b7  SemaphoreP_destruct                                                
0000a9bb  SemaphoreP_post                                                    
0000a9bf  SwiP_destruct                                                      
0000a9c3  SwiP_or                                                            
0000a9c7  SwiP_post                                                          
0000a9cb  W5500_getIPAddress                                                 
0000a9cf  W5500_setGatewayIp                                                 
0000a9d3  W5500_setIPAddress                                                 
0000a9d7  W5500_setMACAddress                                                
0000a9db  W5500_setSubnetMask                                                
0000a9df  _system_post_cinit                                                 
0000a9e3  _system_pre_init                                                   
0000a9ef  ti_sysbios_heaps_HeapMem_isBlocking                                
0000a9f5  __aeabi_memcpy                                                     
0000a9f5  __aeabi_memcpy4                                                    
0000a9f5  __aeabi_memcpy8                                                    
0000a9f8  __c_args__                                                         
0000b508  networkInfo                                                        
0000b816  style                                                              
0000ba98  script                                                             
0000bcc2  GPIO_pinLowerBound                                                 
0000bcc3  GPIO_pinUpperBound                                                 
0000bcc4  RFCC26XX_hwAttrs                                                   
0000bcd0  __aeabi_ctype_table_                                               
0000bcd0  __aeabi_ctype_table_C                                              
0000bdd1  remoteTarget                                                       
0000c0e6  head                                                               
0000c16f  SPI_count                                                          
0000c1e0  resourceDB                                                         
0000c234  spiCC26X2DMAHWAttrs                                                
0000c274  preamble                                                           
0000c2e6  TemperatureCC26X2_config                                           
0000c330  SPI_defaultParams                                                  
0000c3ac  SPICC26X2DMA_fxnTable                                              
0000c424  PowerCC26X2_config                                                 
0000c44c  GPIO_config                                                        
0000c45c  SPI_config                                                         
0000c4a0  UDMACC26XX_config                                                  
0000c4b0  ti_sysbios_knl_Idle_funcList                                       
0000c4b8  udmaCC26XXHWAttrs                                                  
0000c4c0  ti_sysbios_family_arm_m3_Hwi_swiTaskKeyAddress                     
0000c674  __TI_Handler_Table_Base                                            
0000c680  __TI_Handler_Table_Limit                                           
0000c6b8  __TI_CINIT_Base                                                    
0000c6f8  __TI_CINIT_Limit                                                   
0000c6f8  __TI_CINIT_Warm                                                    
00057fa8  __ccfg                                                             
20000000  __start___llvm_prf_bits                                            
20000000  __start___llvm_prf_cnts                                            
20000000  __stop___llvm_prf_bits                                             
20000000  __stop___llvm_prf_cnts                                             
20000000  ti_sysbios_family_arm_m3_Hwi_ramVectors                            
200000d8  PowerCC26X2_module                                                 
2000024c  gpioPinConfigs                                                     
200002c8  ti_sysbios_runtime_Startup_done                                    
200002cb  ti_sysbios_knl_Idle_initDone                                       
200002cc  ti_sysbios_runtime_Memory_defaultHeapInstance                      
200002e4  ti_sysbios_runtime_Error_ignore                                    
200002f0  ti_sysbios_family_arm_cc26xx_Timer_Module_state                    
200002fc  ti_sysbios_runtime_System_Module_state                             
20000308  ti_sysbios_runtime_SysMin_Module_state                             
20000318  ti_sysbios_knl_Swi_Module_state                                    
200003a8  BIOS_Module_state                                                  
200003d4  ti_sysbios_family_arm_m3_Hwi_Module_state                          
20000410  ti_sysbios_knl_Clock_Module_state                                  
20000534  pOverrides_bt5le1m_0Common                                         
200005c4  ti_sysbios_knl_Task_Module_state                                   
20000600  thisMac_byte                                                       
20000606  thisIp_char                                                        
20000617  targetIp_char                                                      
20000628  RF_cmdBle5RadioSetup_bt5le1m_0                                     
2000064c  RF_cmdBle5GenericRx_bt5le1m_0                                      
2000066c  pOverrides_bt5le1m_02Mbps                                          
20000688  RF_cmdFs_bt5le1m_0                                                 
200006a0  pOverrides_bt5le1m_01Mbps                                          
200006b8  bleGenericRx_bt5le1m_0Par                                          
200006cc  pOverrides_bt5le1m_0Coded                                          
200006e0  Ethernet_server_port                                               
200006f0  RF_prop_bt5le1m_0                                                  
20000700  _hposcCoeffs                                                       
20000724  RFCC26XX_schedulerPolicy                                           
2000072c  ti_sysbios_gates_GateMutex_Module_state                            
20000734  ti_sysbios_heaps_HeapMem_Module_state                              
2000073c  ti_sysbios_knl_Semaphore_Module_state                              
20000748  EthernetClientPrintMethods                                         
20000750  __aeabi_errno                                                      
20000754  _lock                                                              
20000758  _unlock                                                            
20001a50  __primary_heap_start__                                             
20005a50  __primary_heap_end__                                               
2000728c  formatBuffer                                                       
20007a8c  ti_sysbios_runtime_SysMin_outbuf                                   
20008150  ti_sysbios_knl_Idle_taskStack                                      
20008350  _CIOBUF_                                                           
20008350  __CIOBUF_                                                          
20008570  spiCC26X2DMAObjects                                                
20008670  ti_sysbios_family_arm_m3_Hwi_dispatchTable                         
20008748  gpioCallbackFunctions                                              
200087c4  gpioUserArgs                                                       
200088a8  ti_sysbios_knl_ClockSupport_timerStruct                            
20008908  ti_sysbios_knl_Idle_taskStruct                                     
20008a24  ti_sysbios_knl_Swi_readyQs                                         
20008a54  ti_sysbios_knl_Task_readyQs                                        
20008a84  BIOS_heapMemObject                                                 
20008ab0  BIOS_rtsGate                                                       
20008ad8  ti_sysbios_heaps_HeapMem_gate                                      
20008b00  Dashboard_taskParams                                               
20008b24  Ethernet_taskParams                                                
20008b48  Radio_taskParams                                                   
20008b6c  Ethernet                                                           
20008b8c  ti_sysbios_runtime_System_atexitHandlers                           
20008bac  udmaCC26XXObject                                                   
20008c04  ti_sysbios_hal_Seconds_Module_state                                
20008c18  thisMac_char                                                       
20008c2a  hEthUdp                                                            
20008c37  bReadyToSend                                                       
20008c38  sem_eiParams                                                       
20008c44  sem_r2sParams                                                      
20008c50  sem_riParams                                                       
20008c64  parmbuf                                                            
20008c78  Dashboard_taskHandle                                               
20008c7c  Ethernet_taskHandle                                                
20008c80  PowerCC26XX_swiKey                                                 
20008c84  PowerCC26XX_taskKey                                                
20008c88  Radio_taskHandle                                                   
20008c8c  hTargetIp                                                          
20008c90  hThisIp                                                            
20008c94  sem_ethernetInit                                                   
20008c98  sem_radioInit                                                      
20008c9c  sem_ready2send                                                     
20008ca0  spi                                                                
20008ca4  ti_sysbios_family_arm_cc26xx_TimestampProvider_Module_state        
20008ca8  ti_sysbios_knl_Task_defaultStackHeap                               
20008cae  ethServer                                                          
20008cb0  readDestination                                                    
20013a00  __stack                                                            
20014000  __STACK_END                                                        
ffffffff  __TI_pprof_out_hndl                                                
ffffffff  __TI_prof_data_size                                                
ffffffff  __TI_prof_data_start                                               
ffffffff  __binit__                                                          
ffffffff  binit                                                              
UNDEFED   ITM_flush                                                          
UNDEFED   ITM_restore                                                        
UNDEFED   __mpu_init                                                         

[617 symbols]
