******************************************************************************
            TI ARM Clang Linker PC v2.1.2                      
******************************************************************************
>> Linked Mon Apr 10 20:42:25 2023

OUTPUT FILE NAME:   <mSniff_LP_CC2652RB_tirtos7_ticlang.out>
ENTRY POINT SYMBOL: "ResetISR"  address: 0000aaad


MEMORY CONFIGURATION

         name            origin    length      used     unused   attr    fill
----------------------  --------  ---------  --------  --------  ----  --------
  FLASH                 00000000   00058000  0000cae4  0004b51c  R  X
  GPRAM                 11000000   00002000  00000000  00002000  RW X
  SRAM                  20000000   00014000  00008049  0000bfb7  RW X
  LOG_DATA              90000000   00040000  00000000  00040000  R   


SEGMENT ALLOCATION MAP

run origin  load origin   length   init length attrs members
----------  ----------- ---------- ----------- ----- -------
00000000    00000000    0000aaf8   0000aaf8    r-x
  00000000    00000000    0000003c   0000003c    r-- .resetVecs
  00000040    00000040    0000aab8   0000aab8    r-x .text
0000aaf8    0000aaf8    00000008   00000008    rw-
  0000aaf8    0000aaf8    00000008   00000008    rw- .args
0000ab00    0000ab00    00001f90   00001f90    r--
  0000ab00    0000ab00    00001d5c   00001d5c    r-- .rodata
  0000c85c    0000c85c    00000234   00000234    r-- .cinit
00057fa8    00057fa8    00000058   00000058    r--
  00057fa8    00057fa8    00000058   00000058    r-- .ccfg
200000d8    200000d8    0000068e   00000000    rw-
  200000d8    200000d8    0000068e   00000000    rw- .data
20001810    20001810    00000010   00000000    rw-
  20001810    20001810    00000010   00000000    rw- .TI.bound:dmaUart0RxControlTableEntry
20001820    20001820    00000010   00000000    rw-
  20001820    20001820    00000010   00000000    rw- .TI.bound:dmaUart0TxControlTableEntry
20001830    20001830    00000010   00000000    rw-
  20001830    20001830    00000010   00000000    rw- .TI.bound:dmaSpi0RxControlTableEntry
20001840    20001840    00000010   00000000    rw-
  20001840    20001840    00000010   00000000    rw- .TI.bound:dmaSpi0TxControlTableEntry
20001a30    20001a30    00000010   00000000    rw-
  20001a30    20001a30    00000010   00000000    rw- .TI.bound:dmaSpi0RxAltControlTableEntry
20001a40    20001a40    00000010   00000000    rw-
  20001a40    20001a40    00000010   00000000    rw- .TI.bound:dmaSpi0TxAltControlTableEntry
20001a50    20001a50    00004000   00000000    r--
  20001a50    20001a50    00004000   00000000    r-- .priheap
20005a50    20005a50    00003283   00000000    rw-
  20005a50    20005a50    00003283   00000000    rw- .bss
20013a00    20013a00    00000600   00000000    rw-
  20013a00    20013a00    00000600   00000000    rw- .stack


SECTION ALLOCATION MAP

 output                                  attributes/
section   page    origin      length       input sections
--------  ----  ----------  ----------   ----------------
.binit     0    00000000    00000000     

.cinit     0    0000c85c    00000234     
                  0000c85c    000001ae     (.cinit..data.load) [load image, compression = lzss]
                  0000ca0a    00000002     --HOLE-- [fill = 0]
                  0000ca0c    0000000c     (__TI_handler_table)
                  0000ca18    00000008     (.cinit..TI.bound:dmaSpi0RxAltControlTableEntry.load) [load image, compression = zero_init]
                  0000ca20    00000008     (.cinit..TI.bound:dmaSpi0RxControlTableEntry.load) [load image, compression = zero_init]
                  0000ca28    00000008     (.cinit..TI.bound:dmaSpi0TxAltControlTableEntry.load) [load image, compression = zero_init]
                  0000ca30    00000008     (.cinit..TI.bound:dmaSpi0TxControlTableEntry.load) [load image, compression = zero_init]
                  0000ca38    00000008     (.cinit..TI.bound:dmaUart0RxControlTableEntry.load) [load image, compression = zero_init]
                  0000ca40    00000008     (.cinit..TI.bound:dmaUart0TxControlTableEntry.load) [load image, compression = zero_init]
                  0000ca48    00000008     (.cinit..bss.load) [load image, compression = zero_init]
                  0000ca50    00000040     (__TI_cinit_table)

.init_array 
*          0    00000000    00000000     UNINITIALIZED

.ccfg      0    00057fa8    00000058     
                  00057fa8    00000058     ti_devices_config.o (.ccfg)

.data      0    200000d8    0000068e     UNINITIALIZED
                  200000d8    00000174     drivers_cc26x2.a : PowerCC26X2.c.obj (.data.PowerCC26X2_module)
                  2000024c    0000007c     ti_drivers_config.o (.data.gpioPinConfigs)
                  200002c8    00000078     ti_sysbios_config.o (.data..L_MergedGlobals)
                  20000340    00000068     rf_multiMode_cc26x2.a : RFCC26X2_multiMode.c.cc26x2.ticlang.o (.data..L_MergedGlobals.1)
                  200003a8    00000068     ti_sysbios_config.o (.data..L_MergedGlobals.70)
                  20000410    00000068     ti_sysbios_config.o (.data.ti_sysbios_knl_Clock_Module_state)
                  20000478    00000064     rf_multiMode_cc26x2.a : RFCC26X2_multiMode.c.cc26x2.ticlang.o (.data..L_MergedGlobals.3)
                  200004dc    00000058                           : RFCC26X2_multiMode.c.cc26x2.ticlang.o (.data..L_MergedGlobals.2)
                  20000534    00000054     ti_radio_config.o (.data.pOverrides_bt5le1m_0Common)
                  20000588    0000003c     radio_task.o (.data..L_MergedGlobals)
                  200005c4    0000003c     ti_sysbios_config.o (.data.ti_sysbios_knl_Task_Module_state)
                  20000600    00000028     ethernet_task.o (.data..L_MergedGlobals)
                  20000628    00000024     ti_radio_config.o (.data.RF_cmdBle5RadioSetup_bt5le1m_0)
                  2000064c    00000020     ti_radio_config.o (.data.RF_cmdBle5GenericRx_bt5le1m_0)
                  2000066c    0000001c     ti_radio_config.o (.data.pOverrides_bt5le1m_02Mbps)
                  20000688    00000018     ti_radio_config.o (.data.RF_cmdFs_bt5le1m_0)
                  200006a0    00000018     ti_radio_config.o (.data.pOverrides_bt5le1m_01Mbps)
                  200006b8    00000014     ti_radio_config.o (.data.bleGenericRx_bt5le1m_0Par)
                  200006cc    00000014     ti_radio_config.o (.data.pOverrides_bt5le1m_0Coded)
                  200006e0    00000010     Ethernet.o (.data.Ethernet_server_port)
                  200006f0    00000010     ti_radio_config.o (.data.RF_prop_bt5le1m_0)
                  20000700    00000010     driverlib.lib : osc.o (.data._hposcCoeffs)
                  20000710    0000000c     radio_queue.o (.data..L_MergedGlobals)
                  2000071c    00000008     rf_multiMode_cc26x2.a : RFCC26X2_multiMode.c.cc26x2.ticlang.o (.data..L_MergedGlobals)
                  20000724    00000008                           : RFCC26X2_multiMode.c.cc26x2.ticlang.o (.data.RFCC26XX_schedulerPolicy)
                  2000072c    00000008     ti_sysbios_config.o (.data.ti_sysbios_gates_GateMutex_Module_state)
                  20000734    00000008     ti_sysbios_config.o (.data.ti_sysbios_heaps_HeapMem_Module_state)
                  2000073c    00000008     ti_sysbios_config.o (.data.ti_sysbios_knl_Semaphore_Module_state)
                  20000744    00000004     drivers_cc26x2.a : TemperatureCC26X2.c.obj (.data..L_MergedGlobals)
                  20000748    00000004     EthernetClient.o (.data.EthernetClientPrintMethods)
                  2000074c    00000004     rf_multiMode_cc26x2.a : RFCC26X2_multiMode.c.cc26x2.ticlang.o (.data.RF_fsmActiveState.lfClockSourceLast)
                  20000750    00000004     libc.a : aeabi_portable.c.obj (.data.__aeabi_errno)
                  20000754    00000004            : _lock.c.obj (.data._lock)
                  20000758    00000004            : _lock.c.obj (.data._unlock)
                  2000075c    00000004            : strtok.c.obj (.data.last_end)
                  20000760    00000002     radio_task.o (.data.nRxBufFull)
                  20000762    00000001     rf_multiMode_cc26x2.a : rf_patch_cpe_bt5.c.cc26x2.ticlang.o (.data.bBt5PatchEntered)
                  20000763    00000001     drivers_cc26x2.a : GPIOCC26X2.c.obj (.data.initCalled)
                  20000764    00000001                      : SPI.c.obj (.data.isInitialized)
                  20000765    00000001                      : TemperatureCC26X2.c.obj (.data.isInitialized)

.bss       0    20005a50    00003283     UNINITIALIZED
                  20005a50    0000183c     radio_queue.o (.bss.RadioQueue_RXbuffer)
                  2000728c    00000800     (.common:formatBuffer)
                  20007a8c    00000400     (.common:ti_sysbios_runtime_SysMin_outbuf)
                  20007e8c    00000004     driverlib.lib : osc.o (.bss.oscHfGlobals.0)
                  20007e90    000002c0     rf_multiMode_cc26x2.a : RFCC26X2_multiMode.c.cc26x2.ticlang.o (.bss.RF_cmdPool)
                  20008150    00000200     (.common:ti_sysbios_knl_Idle_taskStack)
                  20008350    00000120     libsysbm.a : trgmsg.c.obj (.bss:_CIOBUF_)
                  20008470    00000100     radio_task.o (.bss.rjObject)
                  20008570    00000100     (.common:spiCC26X2DMAObjects)
                  20008670    000000d8     (.common:ti_sysbios_family_arm_m3_Hwi_dispatchTable)
                  20008748    0000007c     (.common:gpioCallbackFunctions)
                  200087c4    0000007c     (.common:gpioUserArgs)
                  20008840    00000068     rf_multiMode_cc26x2.a : RFCC26X2_multiMode.c.cc26x2.ticlang.o (.bss.RF_ratModule)
                  200088a8    00000060     (.common:ti_sysbios_knl_ClockSupport_timerStruct)
                  20008908    00000058     (.common:ti_sysbios_knl_Idle_taskStruct)
                  20008960    00000044                           : RFCC26X2_multiMode.c.cc26x2.ticlang.o (.bss.RF_clkInactivityObj)
                  200089a4    00000044                           : RFCC26X2_multiMode.c.cc26x2.ticlang.o (.bss.RF_clkPowerUpObj)
                  200089e8    0000003c                           : RFCC26X2_multiMode.c.cc26x2.ticlang.o (.bss.RF_swiHwObj)
                  20008a24    00000030     (.common:ti_sysbios_knl_Swi_readyQs)
                  20008a54    00000030     (.common:ti_sysbios_knl_Task_readyQs)
                  20008a84    0000002c     (.common:BIOS_heapMemObject)
                  20008ab0    00000028     (.common:BIOS_rtsGate)
                  20008ad8    00000028     (.common:ti_sysbios_heaps_HeapMem_gate)
                  20008b00    00000024     (.common:Dashboard_taskParams)
                  20008b24    00000024     (.common:Ethernet_taskParams)
                  20008b48    00000024     (.common:Radio_taskParams)
                  20008b6c    00000020     (.common:Ethernet)
                  20008b8c    00000020     (.common:ti_sysbios_runtime_System_atexitHandlers)
                  20008bac    00000020     (.common:udmaCC26XXObject)
                  20008bcc    0000001c     drivers_cc26x2.a : TemperatureCC26X2.c.obj (.bss.batmonHwi)
                  20008be8    0000001c                      : GPIOCC26X2.c.obj (.bss.gpioHwi)
                  20008c04    00000014     (.common:ti_sysbios_hal_Seconds_Module_state)
                  20008c18    00000012     (.common:thisMac_char)
                  20008c2a    00000011     (.common:pGatewayIp)
                  20008c3b    00000011     (.common:pMask)
                  20008c4c    0000000d     (.common:hEthUdp)
                  20008c59    00000001     (.common:bReadyToSend)
                  20008c5a    00000002     socket.o (.bss.local_port)
                  20008c5c    0000000c     (.common:sem_eiParams)
                  20008c68    0000000c     (.common:sem_r2sParams)
                  20008c74    0000000c     (.common:sem_riParams)
                  20008c80    00000008     drivers_cc26x2.a : TemperatureCC26X2.c.obj (.bss.notificationList)
                  20008c88    00000008     (.common:parmbuf)
                  20008c90    00000004     driverlib.lib : osc.o (.bss.oscHfGlobals.2)
                  20008c94    00000004                   : osc.o (.bss.oscHfGlobals.3)
                  20008c98    00000004                   : osc.o (.bss.oscHfGlobals.4)
                  20008c9c    00000004     (.common:Dashboard_taskHandle)
                  20008ca0    00000004     (.common:Ethernet_taskHandle)
                  20008ca4    00000004     (.common:PowerCC26XX_swiKey)
                  20008ca8    00000004     (.common:PowerCC26XX_taskKey)
                  20008cac    00000004     (.common:Radio_taskHandle)
                  20008cb0    00000004     (.common:hTargetIp)
                  20008cb4    00000004     (.common:hThisIp)
                  20008cb8    00000004     (.common:sem_ethernetInit)
                  20008cbc    00000004     (.common:sem_radioInit)
                  20008cc0    00000004     (.common:sem_ready2send)
                  20008cc4    00000004     (.common:spi)
                  20008cc8    00000004     (.common:ti_sysbios_family_arm_cc26xx_TimestampProvider_Module_state)
                  20008ccc    00000004     (.common:ti_sysbios_knl_Task_defaultStackHeap)
                  20008cd0    00000002     (.common:ethServer)
                  20008cd2    00000001     (.common:readDestination)

.stack     0    20013a00    00000600     UNINITIALIZED
                  20013a00    00000004     sysbios.a : boot_cortex_m.obj (.stack)
                  20013a04    000005fc     --HOLE--

.priheap   0    20001a50    00004000     UNINITIALIZED
                  20001a50    00004000     --HOLE--

.log_data 
*          0    90000000    00000000     COPY SECTION

.resetVecs 
*          0    00000000    0000003c     
                  00000000    0000003c     ti_sysbios_config.o (.resetVecs)

.vecs      0    20000000    000000d8     NOLOAD SECTION
                  20000000    000000d8     ti_sysbios_config.o (.vecs)

.text      0    00000040    0000aab8     
                  00000040    000009d4     libc.a : _printfi.c.obj (.text:__TI_printfi)
                  00000a14    000005ea     driverlib.lib : osc.o (.text.findHposcCoefficients)
                  00000ffe    00000002     ti_sysbios_config.o (.text.BIOS_nullFunc)
                  00001000    00000498     rf_multiMode_cc26x2.a : RFCC26X2_multiMode.c.cc26x2.ticlang.o (.text.RF_fsmActiveState)
                  00001498    00000304     ti_sysbios_config.o (.text.ti_sysbios_runtime_System_doPrint)
                  0000179c    000002c8     drivers_cc26x2.a : SPICC26X2DMA.c.obj (.text.SPICC26X2DMA_transfer)
                  00001a64    00000004     ti_sysbios_config.o (.text.ClockP_getSystemTickPeriod)
                  00001a68    000002b8     libc.a : _printfi.c.obj (.text._pconv_a)
                  00001d20    0000029c     rf_multiMode_cc26x2.a : RFCC26X2_multiMode.c.cc26x2.ticlang.o (.text.RF_open)
                  00001fbc    00000004     ti_sysbios_config.o (.text.ClockP_getTimeout)
                  00001fc0    00000238     libc.a : _printfi.c.obj (.text._pconv_g)
                  000021f8    000001dc     rf_multiMode_cc26x2.a : RFCC26X2_multiMode.c.cc26x2.ticlang.o (.text.RF_dispatchNextCmd)
                  000023d4    000001b6     libclang_rt.builtins.a : adddf3.S.obj (.text)
                  0000258a    000001ae     drivers_cc26x2.a : SPICC26X2DMA.c.obj (.text.SPICC26X2DMA_hwiFxn)
                  00002738    000001a0     libc.a : _printfi.c.obj (.text.fcvt)
                  000028d8    00000194     drivers_cc26x2.a : PowerCC26X2_calibrateRCOSC.c.obj (.text.PowerCC26X2_auxISR)
                  00002a6c    00000188                      : SPICC26X2DMA.c.obj (.text.SPICC26X2DMA_open)
                  00002bf4    00000004     ti_sysbios_config.o (.text.ClockP_isActive)
                  00002bf8    00000180     libc.a : _printfi.c.obj (.text._pconv_e)
                  00002d78    00000160     drivers_cc26x2.a : SPICC26X2DMA.c.obj (.text.configNextTransfer)
                  00002ed8    00000158                      : PowerCC26X2.c.obj (.text.Power_sleep)
                  00003030    00000148     rf_multiMode_cc26x2.a : RFCC26X2_multiMode.c.cc26x2.ticlang.o (.text.RF_radioOpDoneCb)
                  00003178    00000144     ti_sysbios_config.o (.text.ti_sysbios_runtime_System_printfExtend)
                  000032bc    00000136     libclang_rt.builtins.a : divdf3.S.obj (.text)
                  000033f2    00000002     ti_drivers_config.o (.text.Board_initHook)
                  000033f4    00000134     driverlib.lib : osc.o (.text.findHposcPc)
                  00003528    0000012c     rf_multiMode_cc26x2.a : RFCC26X2_multiMode.c.cc26x2.ticlang.o (.text.RF_fsmSetupState)
                  00003654    00000124                           : RFCC26X2_multiMode.c.cc26x2.ticlang.o (.text.RF_abortCmd)
                  00003778    00000122     drivers_cc26x2.a : SPICC26X2DMA.c.obj (.text.SPICC26X2DMA_transferCancel)
                  0000389a    00000002     rf_multiMode_cc26x2.a : rfc.c.cc26x2.ticlang.o (.text.NOROM_RFCCpePatchReset)
                  0000389c    00000120     ti_sysbios_config.o (.text.ti_sysbios_family_arm_cc26xx_Timer_construct)
                  000039bc    0000011c     sysbios.a : Hwi_asm_gnu.obj (.text.ti_sysbios_family_arm_m3_Hwi_dispatch)
                  00003ad8    00000118     drivers_cc26x2.a : PowerCC26X2.c.obj (.text.Power_init)
                  00003bf0    00000118     rf_multiMode_cc26x2.a : RFCC26X2_multiMode.c.cc26x2.ticlang.o (.text.RF_decodeOverridePointers)
                  00003d08    0000010c     drivers_cc26x2.a : PowerCC26X2_calibrateRCOSC.c.obj (.text.PowerCC26X2_calibrate)
                  00003e14    00000004     ti_sysbios_config.o (.text.ClockP_setTimeout)
                  00003e18    0000010c     libc.a : s_scalbn.c.obj (.text.scalbn)
                  00003f24    00000108     rf_multiMode_cc26x2.a : RFCC26X2_multiMode.c.cc26x2.ticlang.o (.text.RF_fsmPowerUpState)
                  0000402c    00000104     drivers_cc26x2.a : GPIOCC26X2.c.obj (.text.GPIO_init)
                  00004130    000000fc     rf_multiMode_cc26x2.a : RFCC26X2_multiMode.c.cc26x2.ticlang.o (.text.RF_hwiCpe0Active)
                  0000422c    000000fc     libclang_rt.builtins.a : muldf3.S.obj (.text)
                  00004328    000000f4     driverlib.lib : sys_ctrl.o (.text.NOROM_SysCtrlStandby)
                  0000441c    000000f0     dashboard_task.o (.text.Dashboard_mainTask)
                  0000450c    000000e4     driverlib.lib : setup.o (.text.NOROM_SetupTrimDevice)
                  000045f0    000000e4     ti_sysbios_config.o (.text.ti_sysbios_knl_Semaphore_pend)
                  000046d4    000000d8     drivers_cc26x2.a : SPICC26X2DMA.c.obj (.text.SPICC26X2DMA_control)
                  000047ac    000000d8     ti_sysbios_config.o (.text.ti_sysbios_family_arm_m3_Hwi_excFillContext)
                  00004884    000000d4     main.o (.text.main)
                  00004958    000000d0     drivers_cc26x2.a : PowerCC26X2.c.obj (.text.configureXOSCHF)
                  00004a28    000000cc     rf_multiMode_cc26x2.a : RFCC26X2_multiMode.c.cc26x2.ticlang.o (.text.RF_postCmd)
                  00004af4    000000cc     ti_sysbios_config.o (.text.ti_sysbios_knl_Clock_workFuncDynamic)
                  00004bc0    000000ca     rf_multiMode_cc26x2.a : RFCC26X2_multiMode.c.cc26x2.ticlang.o (.text.RF_updatePaConfiguration)
                  00004c8a    000000c4     driverlib.lib : setup.o (.text.TrimAfterColdResetWakeupFromShutDown)
                  00004d4e    00000002     rf_multiMode_cc26x2.a : RFCC26X2_multiMode.c.cc26x2.ticlang.o (.text.RF_defaultCallback)
                  00004d50    000000bc                           : RFCC26X2_multiMode.c.cc26x2.ticlang.o (.text.RF_swiHw)
                  00004e0c    000000bc     dashboard_task.o (.text.handleHttp)
                  00004ec8    000000b8     ti_sysbios_config.o (.text.ti_sysbios_knl_Task_Instance_finalize)
                  00004f80    000000b6     driverlib.lib : osc.o (.text.NOROM_OSC_HPOSCInitializeFrequencyOffsetParameters)
                  00005036    000000b4                   : osc.o (.text.NOROM_OSCHF_AttemptToSwitchToXosc)
                  000050ea    00000002     libclang_rt.builtins.a : aeabi_div0.c.obj (.text.__aeabi_ldiv0)
                  000050ec    000000b4     ti_sysbios_config.o (.text.PowerCC26XX_standbyPolicy)
                  000051a0    000000b4     drivers_cc26x2.a : PowerCC26X2.c.obj (.text.Power_releaseDependency)
                  00005254    000000b0                      : PowerCC26X2.c.obj (.text.Power_setDependency)
                  00005304    000000b0     libclang_rt.builtins.a : udivmoddi4.S.obj (.text)
                  000053b4    000000a8     drivers_cc26x2.a : TemperatureCC26X2.c.obj (.text.temperatureHwiFxn)
                  0000545c    000000a4     rf_multiMode_cc26x2.a : RFCC26X2_multiMode.c.cc26x2.ticlang.o (.text.RF_initRadioSetup)
                  00005500    000000a4     ti_sysbios_config.o (.text.ti_sysbios_knl_Task_Instance_init)
                  000055a4    000000a0     rf_multiMode_cc26x2.a : RFCC26X2_multiMode.c.cc26x2.ticlang.o (.text.RF_calculateDispatchTime)
                  00005644    00000098                           : RFCC26X2_multiMode.c.cc26x2.ticlang.o (.text.RF_defaultSubmitPolicy)
                  000056dc    00000096                           : RFCC26X2_multiMode.c.cc26x2.ticlang.o (.text.RF_verifyGap)
                  00005772    00000002     libc.a : _lock.c.obj (.text._nop)
                  00005774    00000094     rf_multiMode_cc26x2.a : RFCC26X2_multiMode.c.cc26x2.ticlang.o (.text.RF_hposcRfCompensateFxn)
                  00005808    00000094                           : RFCC26X2_multiMode.c.cc26x2.ticlang.o (.text.RF_ratRestartChannels)
                  0000589c    00000094     ti_sysbios_config.o (.text.ti_sysbios_knl_Clock_startI)
                  00005930    00000094     ti_sysbios_config.o (.text.ti_sysbios_knl_Task_sleep)
                  000059c4    0000008c     drivers_cc26x2.a : GPIOCC26XX.c.obj (.text.GPIO_setConfig)
                  00005a50    0000008c     ti_sysbios_config.o (.text.ti_sysbios_knl_Clock_init)
                  00005adc    00000088     rf_multiMode_cc26x2.a : RFCC26X2_multiMode.c.cc26x2.ticlang.o (.text.RF_cmdDispatchTime)
                  00005b64    00000088                           : RFCC26X2_multiMode.c.cc26x2.ticlang.o (.text.RF_discardPendCmd)
                  00005bec    00000080     ethernet_task.o (.text.Ethernet_mainTask)
                  00005c6c    00000080     driverlib.lib : sys_ctrl.o (.text.NOROM_SysCtrlSetRechargeBeforePowerDown)
                  00005cec    00000080     ti_sysbios_config.o (.text.ti_sysbios_family_arm_m3_Hwi_initNVIC)
                  00005d6c    0000007e     driverlib.lib : chipinfo.o (.text.NOROM_ChipInfo_GetChipType)
                  00005dea    00000002     drivers_cc26x2.a : PowerCC26X2.c.obj (.text.emptyClockFunc)
                  00005dec    0000007c     ti_sysbios_config.o (.text.ti_sysbios_family_arm_m3_Hwi_postInit)
                  00005e68    00000078     driverlib.lib : osc.o (.text.NOROM_OSCHF_SwitchToRcOscTurnOffXosc)
                  00005ee0    00000078                   : osc.o (.text.NOROM_OSC_CapArrayAdjustWorkaround_Boot)
                  00005f58    00000078     rf_multiMode_cc26x2.a : RFCC26X2_multiMode.c.cc26x2.ticlang.o (.text.RF_ratFreeChannel)
                  00005fd0    00000078     drivers_cc26x2.a : SPICC26X2DMA.c.obj (.text.SPICC26X2DMA_close)
                  00006048    00000078     ti_sysbios_config.o (.text.ti_sysbios_knl_Task_postInit)
                  000060c0    00000074     drivers_cc26x2.a : PowerCC26X2_calibrateRCOSC_helpers.c.obj (.text.PowerCC26X2_updateSubSecInc)
                  00006134    00000074     rf_multiMode_cc26x2.a : RFCC26X2_multiMode.c.cc26x2.ticlang.o (.text.RF_hwiHw)
                  000061a8    00000074     drivers_cc26x2.a : TemperatureCC26X2.c.obj (.text.Temperature_init)
                  0000621c    00000074     ti_sysbios_config.o (.text.ti_sysbios_knl_Swi_restoreHwi)
                  00006290    00000070     ti_sysbios_config.o (.text.ti_sysbios_family_arm_m3_Hwi_Instance_init)
                  00006300    00000070     ti_sysbios_config.o (.text.ti_sysbios_knl_Task_startup)
                  00006370    00000070     ti_sysbios_config.o (.text.ti_sysbios_runtime_System_formatNum)
                  000063e0    0000006e     libclang_rt.builtins.a : comparedf2.c.obj (.text.__gedf2)
                  0000644e    00000002     ti_sysbios_config.o (.text.ti_sysbios_runtime_System_exitSpin)
                  00006450    0000006e     libclang_rt.builtins.a : comparedf2.c.obj (.text.__ledf2)
                  000064be    00000002     --HOLE-- [fill = 0]
                  000064c0    0000006c     EthernetServer.o (.text.EthernetServer_accept)
                  0000652c    0000006c     rf_multiMode_cc26x2.a : RFCC26X2_multiMode.c.cc26x2.ticlang.o (.text.RF_issueRadioFreeCb)
                  00006598    0000006c     libc.a : _printfi.c.obj (.text._mcpy)
                  00006604    0000006c     socket.o (.text.send)
                  00006670    0000006c     ti_sysbios_config.o (.text.ti_sysbios_family_arm_m3_Hwi_dispatchC)
                  000066dc    0000006c     ti_sysbios_config.o (.text.ti_sysbios_hal_Seconds_getTime)
                  00006748    0000006a     libc.a : copy_decompress_lzss.c.obj (.text:decompress:lzss)
                  000067b2    00000068     rf_multiMode_cc26x2.a : RFCC26X2_multiMode.c.cc26x2.ticlang.o (.text.RF_detachOverrides)
                  0000681a    00000006     ti_sysbios_config.o (.text.ClockP_stop)
                  00006820    00000068     libc.a : s_frexp.c.obj (.text.frexp)
                  00006888    00000068     ti_sysbios_config.o (.text.ti_sysbios_knl_Swi_run)
                  000068f0    00000064     drivers_cc26x2.a : PowerCC26X2_calibrateRCOSC.c.obj (.text.PowerCC26X2_initiateCalibration)
                  00006954    00000064     rf_multiMode_cc26x2.a : RFCC26X2_multiMode.c.cc26x2.ticlang.o (.text.RF_attachOverrides)
                  000069b8    00000064                           : RFCC26X2_multiMode.c.cc26x2.ticlang.o (.text.RF_dispatchNextEvent)
                  00006a1c    00000064                           : RFCC26X2_multiMode.c.cc26x2.ticlang.o (.text.RF_hwiCpe0PowerFsm)
                  00006a80    00000064     radio_queue.o (.text.RadioQueue_create)
                  00006ae4    00000064     drivers_cc26x2.a : UDMACC26XX.c.obj (.text.UDMACC26XX_open)
                  00006b48    00000064                      : PowerCC26X2.c.obj (.text.oscillatorISR)
                  00006bac    00000064     ti_sysbios_config.o (.text.ti_sysbios_knl_Idle_init)
                  00006c10    00000064     ti_sysbios_config.o (.text.ti_sysbios_knl_TaskSupport_buildTaskStack)
                  00006c74    00000062     libclang_rt.builtins.a : aeabi_dcmp.S.obj (.text)
                  00006cd6    00000060     drivers_cc26x2.a : SPICC26X2DMA.c.obj (.text.csnCallback)
                  00006d36    00000060     ti_sysbios_config.o (.text.ti_sysbios_heaps_HeapMem_allocUnprotected)
                  00006d96    00000002     --HOLE-- [fill = 0]
                  00006d98    00000060     ti_sysbios_config.o (.text.ti_sysbios_knl_Clock_walkQueueDynamic)
                  00006df8    00000060     ti_sysbios_config.o (.text.ti_sysbios_knl_Semaphore_post)
                  00006e58    00000060     ti_sysbios_config.o (.text.ti_sysbios_knl_Swi_schedule)
                  00006eb8    0000005e     rf_multiMode_cc26x2.a : rfc.c.cc26x2.ticlang.o (.text.NOROM_RFCAnaDivTxOverride)
                  00006f16    00000002     --HOLE-- [fill = 0]
                  00006f18    0000005c     EthernetServer.o (.text.EthernetServer_available)
                  00006f74    0000005c     libclang_rt.builtins.a : divmoddi4.c.obj (.text.__divmoddi4)
                  00006fd0    00000058     rf_multiMode_cc26x2.a : RFCC26X2_multiMode.c.cc26x2.ticlang.o (.text.RF_applyRfCorePatch)
                  00007028    00000058     socket.o (.text.recv)
                  00007080    00000058     sysbios.a : Hwi_asm_switch_gnu.obj (.text.ti_sysbios_family_arm_m3_Hwi_initStacks)
                  000070d8    00000056     libc.a : _ltoa.c.obj (.text.__TI_ltoa)
                  0000712e    00000002     --HOLE-- [fill = 0]
                  00007130    00000054     ethernet_task.o (.text.Ethernet_setTargetIp)
                  00007184    00000054     libsysbm.a : hostwrite.c.obj (.text.HOSTwrite)
                  000071d8    00000054     rf_multiMode_cc26x2.a : RFCC26X2_multiMode.c.cc26x2.ticlang.o (.text.RF_fsmXOSCState)
                  0000722c    00000054                           : RFCC26X2_multiMode.c.cc26x2.ticlang.o (.text.RF_getCurrentTime)
                  00007280    00000054     libc.a : _printfi.c.obj (.text._pconv_f)
                  000072d4    00000054     ti_sysbios_config.o (.text.ti_sysbios_runtime_Startup_exec)
                  00007328    00000052     driverlib.lib : chipinfo.o (.text.NOROM_ChipInfo_GetHwRevision)
                  0000737a    00000002     --HOLE-- [fill = 0]
                  0000737c    00000050     ti_drivers_config.o (.text.Board_shutDownExtFlash)
                  000073cc    00000050     rf_multiMode_cc26x2.a : RFCC26X2_multiMode.c.cc26x2.ticlang.o (.text.RF_enableHPOSCTemperatureCompensation)
                  0000741c    00000050                           : RFCC26X2_multiMode.c.cc26x2.ticlang.o (.text.RF_wakeupNotification)
                  0000746c    00000050     dashboard_task.o (.text.handleParameterChange)
                  000074bc    00000050     ti_sysbios_config.o (.text.ti_sysbios_knl_Swi_post)
                  0000750c    00000050     ti_sysbios_config.o (.text.ti_sysbios_knl_Swi_runLoop)
                  0000755c    0000004e     ti_drivers_config.o (.text.Board_sendExtFlashByte)
                  000075aa    0000004e     libc.a : _printfi.c.obj (.text._ecpy)
                  000075f8    0000004e     ti_sysbios_config.o (.text.ti_sysbios_heaps_HeapMem_freeUnprotected)
                  00007646    00000002     --HOLE-- [fill = 0]
                  00007648    0000004c     ti_sysbios_config.o (.text.BIOS_startFunc)
                  00007694    0000004c     driverlib.lib : osc.o (.text.NOROM_OSC_HPOSCRelativeFrequencyOffsetGet)
                  000076e0    0000004c     SPIfg.o (.text.SPI_begin)
                  0000772c    0000004c     rf_multiMode_cc26x2.a : rf_patch_cpe_bt5.c.cc26x2.ticlang.o (.text.configureBt5Patch)
                  00007778    0000004c     drivers_cc26x2.a : SPICC26X2DMA.c.obj (.text.initHw)
                  000077c4    0000004c     socket.o (.text.socket)
                  00007810    0000004c     drivers_cc26x2.a : PowerCC26X2.c.obj (.text.switchXOSCHF)
                  0000785c    0000004c     ti_sysbios_config.o (.text.ti_sysbios_knl_Swi_Instance_init)
                  000078a8    0000004a     IPAddress.o (.text.IPAddress_fromString)
                  000078f2    00000002     --HOLE-- [fill = 0]
                  000078f4    00000048     ti_sysbios_config.o (.text.BIOS_init)
                  0000793c    00000048     EthernetUdp.o (.text.EthernetUDP_begin)
                  00007984    00000048     ethernet_task.o (.text.Ethernet_handleRFpacket)
                  000079cc    00000048     driverlib.lib : aux_sysif.o (.text.NOROM_AUXSYSIFOpModeChange)
                  00007a14    00000048     rf_multiMode_cc26x2.a : rfc.c.cc26x2.ticlang.o (.text.NOROM_RFCSynthPowerDown)
                  00007a5c    00000048     drivers_cc26x2.a : PowerCC26X2.c.obj (.text.PowerCC26XX_switchXOSC_HF)
                  00007aa4    00000048                      : TemperatureCC26X2.c.obj (.text.Temperature_registerNotifyRange)
                  00007aec    00000048     libc.a : atoi.c.obj (.text.atoi)
                  00007b34    00000004     ti_sysbios_config.o (.text.ClockP_start)
                  00007b38    00000048     ArduinoCompatibility.o (.text.millis)
                  00007b80    00000048     ti_sysbios_config.o (.text.ti_sysbios_family_arm_cc26xx_Timer_start)
                  00007bc8    00000048     ti_sysbios_config.o (.text.ti_sysbios_heaps_HeapMem_Instance_init)
                  00007c10    00000048     ti_sysbios_config.o (.text.ti_sysbios_heaps_HeapMem_alloc)
                  00007c58    00000048     ti_sysbios_config.o (.text.ti_sysbios_knl_Task_schedule)
                  00007ca0    00000048     libclang_rt.builtins.a : fixdfsi.S.obj (.text)
                  00007ce8    00000044     ti_sysbios_config.o (.text.BIOS_atExitFunc)
                  00007d2c    00000044     EthernetServer.o (.text.EthernetServer_begin)
                  00007d70    00000044     drivers_cc26x2.a : GPIOCC26X2.c.obj (.text.GPIO_hwiIntFxn)
                  00007db4    00000044     driverlib.lib : prcm.o (.text.NOROM_PRCMPowerDomainsAllOff)
                  00007df8    00000044                   : prcm.o (.text.NOROM_PRCMPowerDomainsAllOn)
                  00007e3c    00000044     rf_multiMode_cc26x2.a : RFCC26X2_multiMode.c.cc26x2.ticlang.o (.text.RF_cmdGet)
                  00007e80    00000044                           : RFCC26X2_multiMode.c.cc26x2.ticlang.o (.text.RF_updatePowerupDuration)
                  00007ec4    00000044     drivers_cc26x2.a : SPI.c.obj (.text.SPI_init)
                  00007f08    00000044                      : TemperatureCC26X2.c.obj (.text.degreesToCode)
                  00007f4c    00000044                      : TemperatureCC26X2.c.obj (.text.setNextThresholds)
                  00007f90    00000044     libc.a : snprintf.c.obj (.text.snprintf)
                  00007fd4    00000044     ti_sysbios_config.o (.text.ti_sysbios_family_arm_m3_Hwi_Instance_finalize)
                  00008018    00000044     ti_sysbios_config.o (.text.ti_sysbios_family_arm_m3_Hwi_construct2)
                  0000805c    00000044     ti_sysbios_config.o (.text.ti_sysbios_family_arm_m3_Hwi_disableInterrupt)
                  000080a0    00000044     ti_sysbios_config.o (.text.ti_sysbios_family_arm_m3_Hwi_enableInterrupt)
                  000080e4    00000044     ti_sysbios_config.o (.text.ti_sysbios_knl_Swi_restore)
                  00008128    00000044     libclang_rt.builtins.a : fixunsdfsi.S.obj (.text)
                  0000816c    00000042     EthernetClient.o (.text.EthernetClient_connected)
                  000081ae    00000002     --HOLE-- [fill = 0]
                  000081b0    00000040     html.o (.text.Html_sectionNetworkInfo)
                  000081f0    00000040     html.o (.text.Html_sectionRemoteTarget)
                  00008230    00000040     drivers_cc26x2.a : PowerCC26X2_calibrateRCOSC.c.obj (.text.PowerCC26X2_RCOSC_clockFunc)
                  00008270    00000040                      : PowerCC26X2_calibrateRCOSC_helpers.c.obj (.text.PowerCC26X2_setAclkRefSrc)
                  000082b0    00000040     rf_multiMode_cc26x2.a : RFCC26X2_multiMode.c.cc26x2.ticlang.o (.text.RF_updateHpOscOverride)
                  000082f0    00000040     drivers_cc26x2.a : SPI.c.obj (.text.SPI_open)
                  00008330    00000040     SPIfg.o (.text.SPI_transf)
                  00008370    00000040     w5500.o (.text.W5500_read_buf)
                  000083b0    00000040     libc.a : strtok.c.obj (.text.strtok)
                  000083f0    00000040     ti_sysbios_config.o (.text.ti_sysbios_heaps_HeapMem_getStats)
                  00008430    00000040     ti_sysbios_config.o (.text.ti_sysbios_knl_Clock_getTicksUntilInterrupt)
                  00008470    00000040     ti_sysbios_config.o (.text.ti_sysbios_knl_Task_exit)
                  000084b0    0000003c     EthernetClient.o (.text.EthernetClient_stop)
                  000084ec    0000003c     drivers_cc26x2.a : GPIO.c.obj (.text.GPIO_resetConfig)
                  00008528    0000003c     ti_sysbios_config.o (.text.HwiP_construct)
                  00008564    0000003c     driverlib.lib : sys_ctrl.o (.text.NOROM_SysCtrlIdle)
                  000085a0    0000003c     drivers_cc26x2.a : PowerCC26X2_calibrateRCOSC_helpers.c.obj (.text.PowerCC26X2_setTdcClkSrc24M)
                  000085dc    0000003c     radio_task.o (.text.Radio_initObjects)
                  00008618    0000003c     radio_task.o (.text.Radio_mainTask)
                  00008654    0000003c     w5500.o (.text.W5500_write_buf)
                  00008690    0000003c     ti_sysbios_config.o (.text.ti_sysbios_family_arm_cc26xx_Timer_periodicStub)
                  000086cc    0000003c     ti_sysbios_config.o (.text.ti_sysbios_family_arm_cc26xx_Timer_setThreshold)
                  00008708    0000003c     ti_sysbios_config.o (.text.ti_sysbios_heaps_HeapMem_construct)
                  00008744    0000003c     ti_sysbios_config.o (.text.ti_sysbios_knl_ClockSupport_init)
                  00008780    0000003c     ti_sysbios_config.o (.text.ti_sysbios_knl_Task_blockI)
                  000087bc    0000003c     ti_sysbios_config.o (.text.ti_sysbios_knl_Task_create)
                  000087f8    0000003c     ti_sysbios_config.o (.text.ti_sysbios_knl_Task_restore)
                  00008834    0000003c     ti_sysbios_config.o (.text.ti_sysbios_runtime_Memory_alloc)
                  00008870    0000003c     ti_sysbios_config.o (.text.ti_sysbios_runtime_SystemSupport_flush)
                  000088ac    0000003c     drivers_cc26x2.a : TemperatureCC26X2.c.obj (.text.updateThresholds)
                  000088e8    0000003a     w5500.o (.text.W5500_getRXReceivedSize)
                  00008922    00000002     --HOLE-- [fill = 0]
                  00008924    00000038     drivers_cc26x2.a : PowerCC26X2_helpers.c.obj (.text.PowerCC26X2_oscDisableQualifiers)
                  0000895c    00000038                      : UDMACC26XX.c.obj (.text.UDMACC26XX_close)
                  00008994    00000038     ti_sysbios_config.o (.text.getTime)
                  000089cc    00000038     rf_multiMode_cc26x2.a : rf_patch_cpe_bt5.c.cc26x2.ticlang.o (.text.rf_patch_cpe_bt5)
                  00008a04    00000038     libc.a : sprintf.c.obj (.text.sprintf)
                  00008a3c    00000038     ti_sysbios_config.o (.text.ti_sysbios_knl_Task_processVitalTaskFlag)
                  00008a74    00000038     libc.a : autoinit.c.obj (.text:__TI_auto_init_nobinit_nopinit)
                  00008aac    00000038     libclang_rt.builtins.a : extendsfdf2.S.obj (.text)
                  00008ae4    00000036     EthernetClient.o (.text.EthernetClient_readBytesUntil)
                  00008b1a    00000036     w5500.o (.text.W5500_recv_data_processing)
                  00008b50    00000034     Ethernet.o (.text.Ethernet_begin_mac_ip_dns_gateway_subnet)
                  00008b84    00000034     ethernet_task.o (.text.Ethernet_getThisMac)
                  00008bb8    00000034     drivers_cc26x2.a : PowerCC26X2.c.obj (.text.Power_releaseConstraint)
                  00008bec    00000034     rf_multiMode_cc26x2.a : RFCC26X2_multiMode.c.cc26x2.ticlang.o (.text.RF_powerConstraintRelease)
                  00008c20    00000034                           : RFCC26X2_multiMode.c.cc26x2.ticlang.o (.text.RF_runDirectImmediateCmd)
                  00008c54    00000034     radio_queue.o (.text.RadioQueue_takePacket)
                  00008c88    00000034     ti_sysbios_config.o (.text.SwiP_construct)
                  00008cbc    00000034     libsysbm.a : trgmsg.c.obj (.text.__TI_writemsg)
                  00008cf0    00000034     libc.a : _printfi.c.obj (.text._fcpy)
                  00008d24    00000034     ti_sysbios_config.o (.text._pthread_cleanupFxn)
                  00008d58    00000034     ti_sysbios_config.o (.text.ti_sysbios_family_arm_m3_Hwi_getStackInfo)
                  00008d8c    00000034     ti_sysbios_config.o (.text.ti_sysbios_family_arm_m3_Hwi_init)
                  00008dc0    00000034     ti_sysbios_config.o (.text.ti_sysbios_knl_Clock_Instance_init)
                  00008df4    00000034     ti_sysbios_config.o (.text.ti_sysbios_knl_Task_unblockI)
                  00008e28    00000034     ti_sysbios_config.o (.text.ti_sysbios_runtime_Error_raiseX)
                  00008e5c    00000034     ti_sysbios_config.o (.text.ti_sysbios_runtime_SystemSupport_putch)
                  00008e90    00000034     ti_sysbios_config.o (.text.ti_sysbios_runtime_System_processAtExit)
                  00008ec4    00000034     sysbios.a : boot_cortex_m.obj (.text:_c_int00)
                  00008ef8    00000032     ti_sysbios_config.o (.text.ti_sysbios_knl_Semaphore_pendTimeout)
                  00008f2a    00000002     --HOLE-- [fill = 0]
                  00008f2c    00000030     ti_drivers_config.o (.text.Board_wakeUpExtFlash)
                  00008f5c    00000030     ti_sysbios_config.o (.text.ClockP_construct)
                  00008f8c    00000030     drivers_cc26x2.a : GPIOCC26XX.c.obj (.text.GPIO_setInterruptConfig)
                  00008fbc    00000030                      : PowerCC26X2.c.obj (.text.Power_setConstraint)
                  00008fec    00000030     rf_multiMode_cc26x2.a : RFCC26X2_multiMode.c.cc26x2.ticlang.o (.text.RF_checkCmdFsError)
                  0000901c    00000030     radio_task.o (.text.Radio_openRF)
                  0000904c    00000030     w5500.o (.text.W5500_init)
                  0000907c    00000030     libsysbm.a : trgmsg.c.obj (.text.__TI_readmsg)
                  000090ac    00000030     libc.a : snprintf.c.obj (.text._outs)
                  000090dc    00000030     drivers_cc26x2.a : PowerCC26X2.c.obj (.text.notify)
                  0000910c    00000030     libc.a : strstr.c.obj (.text.strstr)
                  0000913c    00000030     ti_sysbios_config.o (.text.ti_sysbios_family_arm_m3_Hwi_excHandlerMin)
                  0000916c    00000030     ti_sysbios_config.o (.text.ti_sysbios_heaps_HeapMem_free)
                  0000919c    00000030     ti_sysbios_config.o (.text.ti_sysbios_knl_TaskSupport_start)
                  000091cc    00000030     ti_sysbios_config.o (.text.ti_sysbios_runtime_System_atexit)
                  000091fc    0000002e     driverlib.lib : chipinfo.o (.text.NOROM_ThisLibraryIsFor_CC13x2_CC26x2_HwRev20AndLater_HaltIfViolated)
                  0000922a    0000002e     rf_multiMode_cc26x2.a : RFCC26X2_multiMode.c.cc26x2.ticlang.o (.text.RF_calculateDeltaTimeUs)
                  00009258    0000002e     w5500.o (.text.W5500_send_data_processing_offset)
                  00009286    0000002e     socket.o (.text.startUDP)
                  000092b4    0000002e     libclang_rt.builtins.a : floatsidf.S.obj (.text)
                  000092e2    00000002     --HOLE-- [fill = 0]
                  000092e4    0000002c     ti_sysbios_config.o (.text.PowerCC26XX_schedulerDisable)
                  00009310    0000002c     rf_multiMode_cc26x2.a : RFCC26X2_multiMode.c.cc26x2.ticlang.o (.text.RF_executeDirectImmediateCmd)
                  0000933c    0000002c     radio_task.o (.text.Radio_beginRX)
                  00009368    0000002c     drivers_cc26x2.a : TemperatureCC26X2.c.obj (.text.Temperature_unregisterNotify)
                  00009394    0000002c     w5500.o (.text.W5500_read)
                  000093c0    0000002c     w5500.o (.text.W5500_write)
                  000093ec    0000002c     ti_sysbios_config.o (.text._pthread_delete)
                  00009418    0000002c     SPIfg.o (.text.initSS)
                  00009444    0000002c     ti_sysbios_config.o (.text.ti_sysbios_gates_GateMutex_enter)
                  00009470    0000002c     ti_sysbios_config.o (.text.ti_sysbios_knl_Clock_getTicks)
                  0000949c    0000002c     ti_sysbios_config.o (.text.ti_sysbios_knl_Clock_getTimeout)
                  000094c8    0000002c     ti_sysbios_config.o (.text.ti_sysbios_knl_Task_restoreHwi)
                  000094f4    0000002c     ti_sysbios_config.o (.text.usleep)
                  00009520    0000002a     EthernetClient.o (.text.EthernetClient_timedRead)
                  0000954a    0000002a     driverlib.lib : osc.o (.text.NOROM_OSCHF_TurnOnXosc)
                  00009574    0000002a     drivers_cc26x2.a : SPICC26X2DMA.c.obj (.text.SPICC26X2DMA_swiFxn)
                  0000959e    0000002a     socket.o (.text.bufferData)
                  000095c8    0000002a     ti_sysbios_config.o (.text.ti_sysbios_family_arm_cc26xx_Timer_setNextTick)
                  000095f2    0000002a     ti_sysbios_config.o (.text.ti_sysbios_knl_Task_allBlockedFunction)
                  0000961c    00000028     ti_sysbios_config.o (.text.BIOS_registerRTSLock)
                  00009644    00000028     drivers_cc26x2.a : List.c.obj (.text.List_remove)
                  0000966c    00000028                      : PowerCC26X2.c.obj (.text.PowerCC26XX_isStableXOSC_HF)
                  00009694    00000028     rf_multiMode_cc26x2.a : RFCC26X2_multiMode.c.cc26x2.ticlang.o (.text.RF_cmdStoreEvents)
                  000096bc    00000028     sysbios.a : Hwi_asm_gnu.obj (.text.ti_sysbios_family_arm_m3_Hwi_excHandlerAsm)
                  000096e4    00000028     ti_sysbios_config.o (.text.ti_sysbios_gates_GateMutex_Instance_init)
                  0000970c    00000028     ti_sysbios_config.o (.text.ti_sysbios_knl_Semaphore_Instance_init)
                  00009734    00000028     ti_sysbios_config.o (.text.ti_sysbios_knl_Swi_init)
                  0000975c    00000028     sysbios.a : TaskSupport_asm_gnu.obj (.text.ti_sysbios_knl_TaskSupport_swap)
                  00009784    00000028     ti_sysbios_config.o (.text.ti_sysbios_knl_Task_construct)
                  000097ac    00000028     ti_sysbios_config.o (.text.ti_sysbios_knl_Task_init)
                  000097d4    00000026     drivers_cc26x2.a : List.c.obj (.text.List_insert)
                  000097fa    00000026                      : List.c.obj (.text.List_putHead)
                  00009820    00000026                      : SPICC26X2DMA.c.obj (.text.flushFifos)
                  00009846    00000002     --HOLE-- [fill = 0]
                  00009848    00000024     ti_sysbios_config.o (.text.BIOS_removeRTSLock)
                  0000986c    00000024     ti_drivers_config.o (.text.Board_init)
                  00009890    00000024     EthernetUdp.o (.text.EthernetUDP_stop)
                  000098b4    00000024     IPAddress.o (.text.IPAddress_toString)
                  000098d8    00000024     drivers_cc26x2.a : List.c.obj (.text.List_put)
                  000098fc    00000024                      : PowerCC26X2_helpers.c.obj (.text.PowerCC26X2_getOscHfSourceReady)
                  00009920    00000024                      : PowerCC26X2_helpers.c.obj (.text.PowerCC26X2_setSubSecIncToXoscLf)
                  00009944    00000024                      : PowerCC26X2_calibrateRCOSC_helpers.c.obj (.text.PowerCC26X2_writeCtrim)
                  00009968    00000024                      : PowerCC26X2_calibrateRCOSC_helpers.c.obj (.text.PowerCC26X2_writeCtrimFract)
                  0000998c    00000024                      : PowerCC26X2_calibrateRCOSC_helpers.c.obj (.text.PowerCC26X2_writeCtrimFractEn)
                  000099b0    00000024                      : PowerCC26X2_calibrateRCOSC_helpers.c.obj (.text.PowerCC26X2_writeRtrim)
                  000099d4    00000024                      : PowerCC26X2.c.obj (.text.Power_registerNotify)
                  000099f8    00000024     rf_multiMode_cc26x2.a : RFCC26X2_multiMode.c.cc26x2.ticlang.o (.text.RF_clkPowerUp)
                  00009a1c    00000024                           : RFCC26X2_multiMode.c.cc26x2.ticlang.o (.text.RF_hwiCpe0ChangePhy)
                  00009a40    00000024                           : RFCC26X2_multiMode.c.cc26x2.ticlang.o (.text.RF_isStateTransitionAllowed)
                  00009a64    00000024                           : RFCC26X2_multiMode.c.cc26x2.ticlang.o (.text.RF_searchAndReplacePAOverride)
                  00009a88    00000024     radio_queue.o (.text.RadioQueue_init)
                  00009aac    00000024     radio_queue.o (.text.RadioQueue_reset)
                  00009ad0    00000024     drivers_cc26x2.a : SPICC26X2DMA.c.obj (.text.releaseConstraint)
                  00009af4    00000024     socket.o (.text.sendUDP)
                  00009b18    00000024     ti_sysbios_config.o (.text.ti_sysbios_family_arm_m3_Hwi_construct)
                  00009b3c    00000024     ti_sysbios_config.o (.text.ti_sysbios_knl_Semaphore_create)
                  00009b60    00000024     ti_sysbios_config.o (.text.ti_sysbios_knl_Semaphore_destruct)
                  00009b84    00000024     ti_sysbios_config.o (.text.ti_sysbios_knl_Task_enter)
                  00009ba8    00000022     drivers_cc26x2.a : List.c.obj (.text.List_get)
                  00009bca    00000022     w5500.o (.text.W5500_getTXFreeSize)
                  00009bec    00000022     libc.a : strspn.c.obj (.text.strspn)
                  00009c0e    00000022     ti_sysbios_config.o (.text.ti_sysbios_runtime_SysMin_output)
                  00009c30    00000020     ti_sysbios_config.o (.text.HwiP_clearInterrupt)
                  00009c50    00000020     rf_multiMode_cc26x2.a : rfc.c.cc26x2.ticlang.o (.text.NOROM_RFCDoorbellSendTo)
                  00009c70    00000020                           : rfc.c.cc26x2.ticlang.o (.text.NOROM_RFCOverrideSearch)
                  00009c90    00000020     drivers_cc26x2.a : PowerCC26X2_helpers.c.obj (.text.PowerCC26X2_disableTCXOQual)
                  00009cb0    00000020                      : PowerCC26X2_helpers.c.obj (.text.PowerCC26X2_enableTCXOQual)
                  00009cd0    00000020     ti_sysbios_config.o (.text.PowerCC26XX_schedulerRestore)
                  00009cf0    00000020     drivers_cc26x2.a : PowerCC26X2.c.obj (.text.Power_unregisterNotify)
                  00009d10    00000020     rf_multiMode_cc26x2.a : RFCC26X2_multiMode.c.cc26x2.ticlang.o (.text.RF_cmdAlloc)
                  00009d30    00000020                           : RFCC26X2_multiMode.c.cc26x2.ticlang.o (.text.RF_invokeGlobalCallback)
                  00009d50    00000020                           : RFCC26X2_multiMode.c.cc26x2.ticlang.o (.text.RF_ratIsRunning)
                  00009d70    00000020     radio_task.o (.text.Radio_setFS)
                  00009d90    00000020     ti_sysbios_config.o (.text.SemaphoreP_constructBinary)
                  00009db0    00000020     libc.a : strcspn.c.obj (.text.strcspn)
                  00009dd0    00000020     ti_sysbios_config.o (.text.ti_sysbios_family_arm_m3_Hwi_initStack)
                  00009df0    00000020     ti_sysbios_config.o (.text.ti_sysbios_knl_Task_delete)
                  00009e10    00000020     ti_sysbios_config.o (.text.ti_sysbios_knl_Task_destruct)
                  00009e30    00000020     libclang_rt.builtins.a : floatunsidf.S.obj (.text)
                  00009e50    0000001e     EthernetClient.o (.text.EthernetClient_read)
                  00009e6e    0000001e     libc.a : memccpy.c.obj (.text.memccpy)
                  00009e8c    0000001e     sysbios.a : Hwi_asm_switch_gnu.obj (.text.ti_sysbios_family_arm_m3_Hwi_switchAndRunFunc)
                  00009eaa    0000001e     ti_sysbios_config.o (.text.ti_sysbios_runtime_System_putchar)
                  00009ec8    0000001c     ti_sysbios_config.o (.text.BIOS_rtsLock)
                  00009ee4    0000001c     EthernetClient.o (.text.EthernetClient_write)
                  00009f00    0000001c     drivers_cc26x2.a : GPIO.c.obj (.text.GPIO_setCallback)
                  00009f1c    0000001c                      : GPIOCC26XX.c.obj (.text.GPIO_setMux)
                  00009f38    0000001c                      : PowerCC26X2.c.obj (.text.Power_getTransitionLatency)
                  00009f54    0000001c     rf_multiMode_cc26x2.a : RFCC26X2_multiMode.c.cc26x2.ticlang.o (.text.RF_clkInactivityCallback)
                  00009f70    0000001c                           : RFCC26X2_multiMode.c.cc26x2.ticlang.o (.text.RF_getPAOverrideOffsetAndValue)
                  00009f8c    0000001c                           : RFCC26X2_multiMode.c.cc26x2.ticlang.o (.text.RF_powerConstraintSet)
                  00009fa8    0000001c                           : RFCC26X2_multiMode.c.cc26x2.ticlang.o (.text.RF_swiFsm)
                  00009fc4    0000001c     radio_task.o (.text.Radio_callback)
                  00009fe0    0000001c     w5500.o (.text.W5500_writeSnDPORT)
                  00009ffc    0000001c     w5500.o (.text.W5500_writeSnPORT)
                  0000a018    0000001c     w5500.o (.text.W5500_writeSnRX_RD)
                  0000a034    0000001c     w5500.o (.text.W5500_writeSnTX_WR)
                  0000a050    0000001c     socket.o (.text.listen)
                  0000a06c    0000001c     drivers_cc26x2.a : TemperatureCC26X2.c.obj (.text.setTempLowerLimit)
                  0000a088    0000001c                      : TemperatureCC26X2.c.obj (.text.setTempUpperLimit)
                  0000a0a4    0000001c     ti_sysbios_config.o (.text.ti_sysbios_knl_Idle_run)
                  0000a0c0    0000001c     ti_sysbios_config.o (.text.ti_sysbios_knl_Queue_put)
                  0000a0dc    0000001c     ti_sysbios_config.o (.text.ti_sysbios_knl_Semaphore_construct)
                  0000a0f8    0000001c     ti_sysbios_config.o (.text.ti_sysbios_knl_Swi_construct)
                  0000a114    0000001c     ti_sysbios_config.o (.text.ti_sysbios_knl_Swi_destruct)
                  0000a130    0000001c     Printfg.o (.text.write_string)
                  0000a14c    0000001a     EthernetUdp.o (.text.EthernetUDP_write)
                  0000a166    0000001a     w5500.o (.text.W5500_readSnRX_RD)
                  0000a180    0000001a     w5500.o (.text.W5500_readSnRX_RSR)
                  0000a19a    0000001a     w5500.o (.text.W5500_readSnTX_FSR)
                  0000a1b4    0000001a     w5500.o (.text.W5500_readSnTX_WR)
                  0000a1ce    0000001a     ti_sysbios_config.o (.text.ti_sysbios_knl_Task_sleepTimeout)
                  0000a1e8    00000018     ti_sysbios_config.o (.text.BIOS_exitFunc)
                  0000a200    00000018     ti_sysbios_config.o (.text.BIOS_rtsUnlock)
                  0000a218    00000018     ethernet_task.o (.text.Ethernet_getGatewayIp)
                  0000a230    00000018     ethernet_task.o (.text.Ethernet_getMask)
                  0000a248    00000018     drivers_cc26x2.a : GPIOCC26XX.c.obj (.text.GPIO_disableInt)
                  0000a260    00000018                      : PowerCC26X2.c.obj (.text.PowerCC26XX_calibrate)
                  0000a278    00000018                      : PowerCC26X2.c.obj (.text.Power_idleFunc)
                  0000a290    00000018     rf_multiMode_cc26x2.a : RFCC26X2_multiMode.c.cc26x2.ticlang.o (.text.RF_restartClockTimeout)
                  0000a2a8    00000018     libc.a : snprintf.c.obj (.text._outc)
                  0000a2c0    00000018            : sprintf.c.obj (.text._outs)
                  0000a2d8    00000018     Printfg.o (.text.println)
                  0000a2f0    00000018     ti_sysbios_config.o (.text.ti_sysbios_knl_Clock_scheduleNextTick)
                  0000a308    00000018     ti_sysbios_config.o (.text.ti_sysbios_knl_Swi_construct2)
                  0000a320    00000018     ti_sysbios_config.o (.text.ti_sysbios_knl_Swi_or)
                  0000a338    00000018     sysbios.a : TaskSupport_asm_gnu.obj (.text.ti_sysbios_knl_TaskSupport_glue)
                  0000a350    00000018     ti_sysbios_config.o (.text.ti_sysbios_knl_Task_unblock)
                  0000a368    00000018     ti_sysbios_config.o (.text.ti_sysbios_runtime_System_printf)
                  0000a380    00000018     ti_sysbios_config.o (.text.ti_sysbios_runtime_System_vprintf)
                  0000a398    00000016     ti_sysbios_config.o (.text.HwiP_setFunc)
                  0000a3ae    00000016     drivers_cc26x2.a : List.c.obj (.text.List_clearList)
                  0000a3c4    00000016     w5500.o (.text.W5500_read_data)
                  0000a3da    00000016     socket.o (.text.close)
                  0000a3f0    00000016     ti_sysbios_config.o (.text.ti_sysbios_knl_Clock_start)
                  0000a406    00000002     --HOLE-- [fill = 0]
                  0000a408    00000014     drivers_cc26x2.a : GPIOCC26XX.c.obj (.text.GPIO_read)
                  0000a41c    00000014                      : GPIO.c.obj (.text.GPIO_setUserArg)
                  0000a430    00000014                      : SPICC26X2DMA.c.obj (.text.OUTLINED_FUNCTION_0)
                  0000a444    00000014     rf_multiMode_cc26x2.a : RFCC26X2_multiMode.c.cc26x2.ticlang.o (.text.RF_dbellSyncOnAck)
                  0000a458    00000014     drivers_cc26x2.a : TemperatureCC26X2.c.obj (.text.Temperature_getTemperature)
                  0000a46c    00000014     w5500.o (.text.W5500_execCmdSn)
                  0000a480    00000014     w5500.o (.text.W5500_writeSn)
                  0000a494    00000014     w5500.o (.text.W5500_writeSn_buf)
                  0000a4a8    00000014     libc.a : args_main.c.obj (.text._args_main)
                  0000a4bc    00000014     dashboard_task.o (.text.strcmp)
                  0000a4d0    00000014     ti_sysbios_config.o (.text.ti_sysbios_family_arm_m3_Hwi_switchFromBootStack)
                  0000a4e4    00000014     libclang_rt.builtins.a : aeabi_ldivmod.S.obj (.text)
                  0000a4f8    00000014                            : aeabi_memset.S.obj (.text)
                  0000a50c    00000014                            : aeabi_uldivmod.S.obj (.text)
                  0000a520    00000012     EthernetUdp.o (.text.EthernetUDP_beginPacket_ip)
                  0000a532    00000012     Ethernet.o (.text.Ethernet_begin_mac_ip_dns)
                  0000a544    00000012     libc.a : _printfi.c.obj (.text.strchr)
                  0000a556    00000012            : memcpy_t2.S.obj (.text:TI_memcpy_small)
                  0000a568    00000010     ti_sysbios_config.o (.text.ClockP_getCpuFreq)
                  0000a578    00000010     EthernetClient.o (.text.EthernetClient_available)
                  0000a588    00000010     EthernetClient.o (.text.EthernetClient_status)
                  0000a598    00000010     drivers_cc26x2.a : GPIO.c.obj (.text.GPIO_getUserArg)
                  0000a5a8    00000010                      : GPIOCC26XX.c.obj (.text.GPIO_write)
                  0000a5b8    00000010     ti_sysbios_config.o (.text.HwiP_Params_init)
                  0000a5c8    00000010     ti_sysbios_config.o (.text.HwiP_post)
                  0000a5d8    00000010     rf_multiMode_cc26x2.a : rfc.c.cc26x2.ticlang.o (.text.NOROM_RFCCpeIntGetAndClear)
                  0000a5e8    00000010                           : rfc.c.cc26x2.ticlang.o (.text.NOROM_RFCHwIntGetAndClear)
                  0000a5f8    00000010     drivers_cc26x2.a : PowerCC26X2_helpers.c.obj (.text.PowerCC26X2_oscCtlClearXtal)
                  0000a608    00000010                      : PowerCC26X2_helpers.c.obj (.text.PowerCC26X2_prcmEnableCacheRetention)
                  0000a618    00000010                      : PowerCC26X2_calibrateRCOSC_helpers.c.obj (.text.PowerCC26X2_readCtrim)
                  0000a628    00000010                      : PowerCC26X2_calibrateRCOSC_helpers.c.obj (.text.PowerCC26X2_readCtrimFract)
                  0000a638    00000010                      : PowerCC26X2_calibrateRCOSC_helpers.c.obj (.text.PowerCC26X2_readRtrim)
                  0000a648    00000010                      : PowerCC26X2_helpers.c.obj (.text.PowerCC26X2_switchToTCXO)
                  0000a658    00000010                      : PowerCC26X2.c.obj (.text.Power_getDependencyCount)
                  0000a668    00000010     ti_sysbios_config.o (.text.SwiP_Params_init)
                  0000a678    00000010     ti_sysbios_config.o (.text.ti_sysbios_family_arm_cc26xx_Timer_dynamicStub)
                  0000a688    00000010     ti_sysbios_config.o (.text.ti_sysbios_family_arm_m3_Hwi_excHandler)
                  0000a698    00000010     libc.a : wcslen.c.obj (.text.wcslen)
                  0000a6a8    00000010            : copy_zero_init.c.obj (.text:decompress:ZI)
                  0000a6b8    0000000e     Ethernet.o (.text.Ethernet_begin_mac_ip_dns_gateway)
                  0000a6c6    0000000e     drivers_cc26x2.a : PowerCC26X2.c.obj (.text.OUTLINED_FUNCTION_0)
                  0000a6d4    0000000e     rf_multiMode_cc26x2.a : RFCC26X2_multiMode.c.cc26x2.ticlang.o (.text.OUTLINED_FUNCTION_0)
                  0000a6e2    0000000e                           : RFCC26X2_multiMode.c.cc26x2.ticlang.o (.text.OUTLINED_FUNCTION_3)
                  0000a6f0    0000000e     w5500.o (.text.W5500_readSn)
                  0000a6fe    0000000e     libc.a : _printfi.c.obj (.text.strlen)
                  0000a70c    0000000e     ti_sysbios_config.o (.text.strlen)
                  0000a71a    0000000e     drivers_cc26x2.a : PowerCC26X2.c.obj (.text.switchToTCXO)
                  0000a728    0000000e     ti_sysbios_config.o (.text.ti_sysbios_gates_GateMutex_leave)
                  0000a736    0000000e     libc.a : memset_t2.S.obj (.text:TI_memset_small)
                  0000a744    0000000e            : copy_decompress_none.c.obj (.text:decompress:none)
                  0000a752    00000002     --HOLE-- [fill = 0]
                  0000a754    0000000c     ti_sysbios_config.o (.text.BIOS_linkedWithIncorrectBootLibrary)
                  0000a760    0000000c     ti_sysbios_config.o (.text.BIOS_start)
                  0000a76c    0000000c     EthernetClient.o (.text.EthernetClient_println)
                  0000a778    0000000c     Ethernet.o (.text.Ethernet_begin_mac_ip)
                  0000a784    0000000c     Ethernet.o (.text.Ethernet_gatewayIP)
                  0000a790    0000000c     ethernet_task.o (.text.Ethernet_getSniffingStatus)
                  0000a79c    0000000c     ethernet_task.o (.text.Ethernet_getTargetIp)
                  0000a7a8    0000000c     ethernet_task.o (.text.Ethernet_getThisIp)
                  0000a7b4    0000000c     Ethernet.o (.text.Ethernet_localIP)
                  0000a7c0    0000000c     ethernet_task.o (.text.Ethernet_startSniffing)
                  0000a7cc    0000000c     ethernet_task.o (.text.Ethernet_stopSniffing)
                  0000a7d8    0000000c     Ethernet.o (.text.Ethernet_subnetMask)
                  0000a7e4    0000000c     ti_sysbios_config.o (.text.HwiP_disable)
                  0000a7f0    0000000c     driverlib.lib : cpu.o (.text.NOROM_CPUcpsid)
                  0000a7fc    0000000c                   : cpu.o (.text.NOROM_CPUcpsie)
                  0000a808    0000000c     drivers_cc26x2.a : PowerCC26X2_helpers.c.obj (.text.PowerCC26X2_oscClockSourceGet)
                  0000a814    0000000c                      : PowerCC26X2_helpers.c.obj (.text.PowerCC26X2_setPeriphDeepSleepEnable)
                  0000a820    0000000c                      : PowerCC26X2_helpers.c.obj (.text.PowerCC26X2_sysCtrlGetResetSource)
                  0000a82c    0000000c                      : PowerCC26X2_helpers.c.obj (.text.PowerCC26X2_sysCtrlVoltageConditionalControl)
                  0000a838    0000000c                      : PowerCC26X2.c.obj (.text.Power_getConstraintMask)
                  0000a844    0000000c     rf_multiMode_cc26x2.a : RFCC26X2_multiMode.c.cc26x2.ticlang.o (.text.RF_Params_init)
                  0000a850    0000000c     radio_queue.o (.text.RadioQueue_getDQpointer)
                  0000a85c    0000000c     drivers_cc26x2.a : SPI.c.obj (.text.SPI_Params_init)
                  0000a868    0000000c     ti_sysbios_config.o (.text.SwiP_getTrigger)
                  0000a874    0000000c     w5500.o (.text.W5500_readGAR)
                  0000a880    0000000c     w5500.o (.text.W5500_readSIPR)
                  0000a88c    0000000c     w5500.o (.text.W5500_readSUBR)
                  0000a898    0000000c     w5500.o (.text.W5500_writeGAR)
                  0000a8a4    0000000c     w5500.o (.text.W5500_writeSHAR)
                  0000a8b0    0000000c     w5500.o (.text.W5500_writeSIPR)
                  0000a8bc    0000000c     w5500.o (.text.W5500_writeSUBR)
                  0000a8c8    0000000c     libc.a : _lock.c.obj (.text._register_lock)
                  0000a8d4    0000000c            : _lock.c.obj (.text._register_unlock)
                  0000a8e0    0000000c     Printfg.o (.text.print_newline)
                  0000a8ec    0000000c     drivers_cc26x2.a : SPICC26X2DMA.c.obj (.text.spiPostNotify)
                  0000a8f8    0000000c     ti_sysbios_config.o (.text.ti_sysbios_heaps_HeapMem_init)
                  0000a904    0000000c     ti_sysbios_config.o (.text.ti_sysbios_knl_ClockSupport_setNextTick)
                  0000a910    0000000c     ti_sysbios_config.o (.text.ti_sysbios_knl_Clock_tick)
                  0000a91c    0000000c     ti_sysbios_config.o (.text.ti_sysbios_knl_Task_Params_init)
                  0000a928    0000000a     ti_sysbios_config.o (.text.ClockP_Params_init)
                  0000a932    0000000a     EthernetClient.o (.text.EthernetClient_begin)
                  0000a93c    0000000a     main.o (.text.OUTLINED_FUNCTION_0)
                  0000a946    0000000a     drivers_cc26x2.a : SPICC26X2DMA.c.obj (.text.OUTLINED_FUNCTION_2)
                  0000a950    0000000a     rf_multiMode_cc26x2.a : RFCC26X2_multiMode.c.cc26x2.ticlang.o (.text.OUTLINED_FUNCTION_5)
                  0000a95a    0000000a     drivers_cc26x2.a : PowerCC26X2_helpers.c.obj (.text.PowerCC26X2_sysCtrlStandby)
                  0000a964    0000000a                      : SPICC26X2DMA.c.obj (.text.SPICC26X2DMA_init)
                  0000a96e    0000000a     ti_sysbios_config.o (.text.SemaphoreP_pend)
                  0000a978    0000000a     drivers_cc26x2.a : UDMACC26XX.c.obj (.text.UDMACC26XX_hwiIntFxn)
                  0000a982    0000000a     w5500.o (.text.W5500_send_data_processing)
                  0000a98c    0000000a     w5500.o (.text.W5500_writeSnDIPR)
                  0000a996    0000000a     libc.a : sprintf.c.obj (.text._outc)
                  0000a9a0    0000000a     ti_sysbios_config.o (.text.ti_sysbios_knl_Semaphore_Params_init)
                  0000a9aa    00000002     --HOLE-- [fill = 0]
                  0000a9ac    00000008     html.o (.text.Html_head)
                  0000a9b4    00000008     html.o (.text.Html_preamble)
                  0000a9bc    00000008     html.o (.text.Html_script)
                  0000a9c4    00000008     html.o (.text.Html_style)
                  0000a9cc    00000008     driverlib.lib : cpu.o (.text.NOROM_CPUdelay)
                  0000a9d4    00000008     drivers_cc26x2.a : SPICC26X2DMA.c.obj (.text.OUTLINED_FUNCTION_1)
                  0000a9dc    00000008     rf_multiMode_cc26x2.a : RFCC26X2_multiMode.c.cc26x2.ticlang.o (.text.OUTLINED_FUNCTION_2)
                  0000a9e4    00000008     drivers_cc26x2.a : PowerCC26X2_helpers.c.obj (.text.PowerCC26X2_oschfTrySwitchToXosc)
                  0000a9ec    00000008     w5500.o (.text.W5500_writeSnCR)
                  0000a9f4    00000008     w5500.o (.text.W5500_writeSnIR)
                  0000a9fc    00000008     w5500.o (.text.W5500_writeSnMR)
                  0000aa04    00000008     libc.a : aeabi_portable.c.obj (.text.__aeabi_errno_addr)
                  0000aa0c    00000008     drivers_cc26x2.a : SPICC26X2DMA.c.obj (.text.blockingTransferCallback)
                  0000aa14    00000008     SPIfg.o (.text.resetSS)
                  0000aa1c    00000008     SPIfg.o (.text.setSS)
                  0000aa24    00000008     ti_sysbios_config.o (.text.ti_sysbios_runtime_System_exit)
                  0000aa2c    00000006     EthernetUdp.o (.text.EthernetUDP_begin_init)
                  0000aa32    00000006     EthernetUdp.o (.text.EthernetUDP_endPacket)
                  0000aa38    00000006     ti_sysbios_config.o (.text.HwiP_restore)
                  0000aa3e    00000006     dashboard_task.o (.text.OUTLINED_FUNCTION_0)
                  0000aa44    00000006     rf_multiMode_cc26x2.a : RFCC26X2_multiMode.c.cc26x2.ticlang.o (.text.OUTLINED_FUNCTION_4)
                  0000aa4a    00000006                           : RFCC26X2_multiMode.c.cc26x2.ticlang.o (.text.RF_clkReqAccess)
                  0000aa50    00000006     drivers_cc26x2.a : SPI.c.obj (.text.SPI_transfer)
                  0000aa56    00000006     w5500.o (.text.W5500_readSnCR)
                  0000aa5c    00000006     w5500.o (.text.W5500_readSnIR)
                  0000aa62    00000006     w5500.o (.text.W5500_readSnSR)
                  0000aa68    00000006     socket.o (.text.disconnect)
                  0000aa6e    00000006     ti_sysbios_config.o (.text.ti_sysbios_family_arm_m3_Hwi_destruct)
                  0000aa74    00000006     ti_sysbios_config.o (.text.ti_sysbios_family_arm_m3_Hwi_doSwiRestore)
                  0000aa7a    00000006     ti_sysbios_config.o (.text.ti_sysbios_family_arm_m3_Hwi_doTaskRestore)
                  0000aa80    00000006     ti_sysbios_config.o (.text.ti_sysbios_knl_Idle_loop)
                  0000aa86    00000006     ti_sysbios_config.o (.text.ti_sysbios_knl_Swi_startup)
                  0000aa8c    00000004     ti_sysbios_config.o (.text.HwiP_destruct)
                  0000aa90    00000004     ti_sysbios_config.o (.text.HwiP_disableInterrupt)
                  0000aa94    00000004     ti_sysbios_config.o (.text.HwiP_enableInterrupt)
                  0000aa98    00000004     rf_multiMode_cc26x2.a : rfc.c.cc26x2.ticlang.o (.text.NOROM_RFCOverrideUpdate)
                  0000aa9c    00000004     drivers_cc26x2.a : PowerCC26X2_helpers.c.obj (.text.PowerCC26X2_oschfSwitchToRcosc)
                  0000aaa0    00000004                      : PowerCC26X2_helpers.c.obj (.text.PowerCC26X2_sysCtrlIdle)
                  0000aaa4    00000004                      : PowerCC26X2_helpers.c.obj (.text.PowerCC26X2_turnOnXosc)
                  0000aaa8    00000004     rf_multiMode_cc26x2.a : RFCC26X2_multiMode.c.cc26x2.ticlang.o (.text.RF_defaultExecutionPolicy)
                  0000aaac    00000004     ti_sysbios_config.o (.text.ResetISR)
                  0000aab0    00000004     ti_sysbios_config.o (.text.SemaphoreP_destruct)
                  0000aab4    00000004     ti_sysbios_config.o (.text.SemaphoreP_post)
                  0000aab8    00000004     ti_sysbios_config.o (.text.SwiP_destruct)
                  0000aabc    00000004     ti_sysbios_config.o (.text.SwiP_or)
                  0000aac0    00000004     ti_sysbios_config.o (.text.SwiP_post)
                  0000aac4    00000004     w5500.o (.text.W5500_getGatewayIp)
                  0000aac8    00000004     w5500.o (.text.W5500_getIPAddress)
                  0000aacc    00000004     w5500.o (.text.W5500_getSubnetMask)
                  0000aad0    00000004     w5500.o (.text.W5500_setGatewayIp)
                  0000aad4    00000004     w5500.o (.text.W5500_setIPAddress)
                  0000aad8    00000004     w5500.o (.text.W5500_setMACAddress)
                  0000aadc    00000004     w5500.o (.text.W5500_setSubnetMask)
                  0000aae0    00000004     ti_sysbios_config.o (.text._system_post_cinit)
                  0000aae4    00000004     ti_sysbios_config.o (.text._system_pre_init)
                  0000aae8    00000004     drivers_cc26x2.a : PowerCC26X2.c.obj (.text.configureRFCoreClocks)
                  0000aaec    00000004                      : PowerCC26X2.c.obj (.text.nopResourceHandler)
                  0000aaf0    00000004     ti_sysbios_config.o (.text.ti_sysbios_heaps_HeapMem_isBlocking)
                  0000aaf4    00000004     libclang_rt.builtins.a : aeabi_memcpy.S.obj (.text)

__llvm_prf_cnts 
*          0    20000000    00000000     UNINITIALIZED

__llvm_prf_bits 
*          0    20000000    00000000     UNINITIALIZED

.TI.bound:dmaUart0RxControlTableEntry 
*          0    20001810    00000010     UNINITIALIZED
                  20001810    00000010     ti_drivers_config.o (.TI.bound:dmaUart0RxControlTableEntry)

.TI.bound:dmaUart0TxControlTableEntry 
*          0    20001820    00000010     UNINITIALIZED
                  20001820    00000010     ti_drivers_config.o (.TI.bound:dmaUart0TxControlTableEntry)

.TI.bound:dmaSpi0RxControlTableEntry 
*          0    20001830    00000010     UNINITIALIZED
                  20001830    00000010     ti_drivers_config.o (.TI.bound:dmaSpi0RxControlTableEntry)

.TI.bound:dmaSpi0TxControlTableEntry 
*          0    20001840    00000010     UNINITIALIZED
                  20001840    00000010     ti_drivers_config.o (.TI.bound:dmaSpi0TxControlTableEntry)

.TI.bound:dmaSpi0RxAltControlTableEntry 
*          0    20001a30    00000010     UNINITIALIZED
                  20001a30    00000010     ti_drivers_config.o (.TI.bound:dmaSpi0RxAltControlTableEntry)

.TI.bound:dmaSpi0TxAltControlTableEntry 
*          0    20001a40    00000010     UNINITIALIZED
                  20001a40    00000010     ti_drivers_config.o (.TI.bound:dmaSpi0TxAltControlTableEntry)

.args      0    0000aaf8    00000008     
                  0000aaf8    00000008     --HOLE-- [fill = 0]

.rodata    0    0000ab00    00001d5c     
                  0000ab00    000005d0     ti_sysbios_config.o (.rodata.str1.1)
                  0000b0d0    00000538     rf_multiMode_cc26x2.a : rf_patch_cpe_bt5.c.cc26x2.ticlang.o (.rodata.patchImageBt5)
                  0000b608    00000331     html.o (.rodata.remoteTarget)
                  0000b939    0000030e     html.o (.rodata.networkInfo)
                  0000bc47    000002b9     html.o (.rodata.style)
                  0000bf00    0000022a     html.o (.rodata.script)
                  0000c12a    00000001     ti_drivers_config.o (.rodata.GPIO_pinLowerBound)
                  0000c12b    00000001     ti_drivers_config.o (.rodata.GPIO_pinUpperBound)
                  0000c12c    00000004     ti_sysbios_config.o (.rodata.ti_sysbios_family_arm_m3_Hwi_swiTaskKeyAddress)
                  0000c130    00000101     libc.a : aeabi_ctype.S.obj (.rodata)
                  0000c231    0000008d     ti_sysbios_config.o (.rodata.ti_sysbios_heaps_HeapMem_alloc.err)
                  0000c2be    00000089     ti_sysbios_config.o (.rodata.ti_sysbios_family_arm_m3_Hwi_Instance_init.err.1)
                  0000c347    00000089     ti_sysbios_config.o (.rodata.ti_sysbios_runtime_Memory_alloc.err)
                  0000c3d0    00000086     ti_sysbios_config.o (.rodata.ti_sysbios_family_arm_m3_Hwi_Instance_init.err)
                  0000c456    00000083     html.o (.rodata.head)
                  0000c4d9    00000001     ti_drivers_config.o (.rodata.SPI_count)
                  0000c4da    00000001     ti_drivers_config.o (.rodata.TemperatureCC26X2_config)
                  0000c4db    00000005     --HOLE-- [fill = 0]
                  0000c4e0    00000070     driverlib.lib : osc.o (.rodata..L__const.NOROM_OSC_HPOSC_Debug_InitFreqOffsetParams.hposcParm)
                  0000c550    00000054     drivers_cc26x2.a : PowerCC26X2.c.obj (.rodata.resourceDB)
                  0000c5a4    00000040     ti_drivers_config.o (.rodata.spiCC26X2DMAHWAttrs)
                  0000c5e4    0000003c     html.o (.rodata.preamble)
                  0000c620    0000003a     dashboard_task.o (.rodata.str1.1)
                  0000c65a    00000002     --HOLE-- [fill = 0]
                  0000c65c    00000024     ti_sysbios_config.o (.rodata.ti_sysbios_knl_Task_Params_default)
                  0000c680    00000022     libc.a : _printfi.c.obj (.rodata.str1.1)
                  0000c6a2    00000002     --HOLE-- [fill = 0]
                  0000c6a4    00000020     drivers_cc26x2.a : SPI.c.obj (.rodata.SPI_defaultParams)
                  0000c6c4    00000020     rf_multiMode_cc26x2.a : RFCC26X2_multiMode.c.cc26x2.ticlang.o (.rodata.cst32)
                  0000c6e4    0000001d     ethernet_task.o (.rodata.str1.1)
                  0000c701    00000003     --HOLE-- [fill = 0]
                  0000c704    0000001c     ti_sysbios_config.o (.rodata.ti_sysbios_family_arm_cc26xx_Timer_Params_default)
                  0000c720    00000018     drivers_cc26x2.a : SPICC26X2DMA.c.obj (.rodata.SPICC26X2DMA_fxnTable)
                  0000c738    00000018                      : SPICC26X2DMA.c.obj (.rodata.cst8)
                  0000c750    00000018                      : SPICC26X2DMA.c.obj (.rodata.frameFormat)
                  0000c768    00000018     ti_sysbios_config.o (.rodata.ti_sysbios_family_arm_m3_Hwi_Params_default)
                  0000c780    00000017     Printfg.o (.rodata.str1.1)
                  0000c797    00000001     --HOLE-- [fill = 0]
                  0000c798    00000014     ti_drivers_config.o (.rodata.PowerCC26X2_config)
                  0000c7ac    00000014     ti_sysbios_config.o (.rodata.ti_sysbios_knl_Swi_Params_default)
                  0000c7c0    00000010     ti_drivers_config.o (.rodata.GPIO_config)
                  0000c7d0    0000000d     IPAddress.o (.rodata..L.str)
                  0000c7dd    00000003     --HOLE-- [fill = 0]
                  0000c7e0    0000000c     ti_drivers_config.o (.rodata.RFCC26XX_hwAttrs)
                  0000c7ec    0000000c     ti_drivers_config.o (.rodata.SPI_config)
                  0000c7f8    0000000c     ti_sysbios_config.o (.rodata.ti_sysbios_heaps_HeapMem_Params_default)
                  0000c804    0000000c     ti_sysbios_config.o (.rodata.ti_sysbios_knl_Clock_Params_default)
                  0000c810    0000000c     ti_sysbios_config.o (.rodata.ti_sysbios_knl_Semaphore_Params_default)
                  0000c81c    0000000b     html.o (.rodata.str1.1)
                  0000c827    0000000a     radio_task.o (.rodata.str1.1)
                  0000c831    00000003     --HOLE-- [fill = 0]
                  0000c834    00000008     rf_multiMode_cc26x2.a : RFCC26X2_multiMode.c.cc26x2.ticlang.o (.rodata..L__const.RF_hwiCpe0Active.activeCmd)
                  0000c83c    00000008     ti_drivers_config.o (.rodata.UDMACC26XX_config)
                  0000c844    00000008     driverlib.lib : aux_sysif.o (.rodata.cst4)
                  0000c84c    00000008     ti_sysbios_config.o (.rodata.ti_sysbios_knl_Idle_funcList)
                  0000c854    00000008     ti_drivers_config.o (.rodata.udmaCC26XXHWAttrs)

MODULE SUMMARY

       Module                                     code    ro data   rw data
       ------                                     ----    -------   -------
    .\
       radio_queue.o                              236     0         6216   
       html.o                                     160     3052      2048   
       radio_task.o                               272     10        318    
       dashboard_task.o                           534     58        3      
       ethernet_task.o                            444     29        114    
       main.o                                     222     0         168    
    +--+------------------------------------------+-------+---------+---------+
       Total:                                     1868    3149      8867   
                                                                           
    .\ethernet\
       w5500.o                                    938     0         0      
       socket.o                                   452     0         2      
[...]
0000a579  EthernetClient_available                                           
0000a589  EthernetClient_status                                              
0000a599  GPIO_getUserArg                                                    
0000a5a9  GPIO_write                                                         
0000a5b9  HwiP_Params_init                                                   
0000a5c9  HwiP_post                                                          
0000a5d9  NOROM_RFCCpeIntGetAndClear                                         
0000a5e9  NOROM_RFCHwIntGetAndClear                                          
0000a5f9  PowerCC26X2_oscCtlClearXtal                                        
0000a609  PowerCC26X2_prcmEnableCacheRetention                               
0000a619  PowerCC26X2_readCtrim                                              
0000a629  PowerCC26X2_readCtrimFract                                         
0000a639  PowerCC26X2_readRtrim                                              
0000a649  PowerCC26X2_switchToTCXO                                           
0000a659  Power_getDependencyCount                                           
0000a669  SwiP_Params_init                                                   
0000a679  ti_sysbios_family_arm_cc26xx_Timer_dynamicStub                     
0000a689  ti_sysbios_family_arm_m3_Hwi_excHandler                            
0000a699  wcslen                                                             
0000a6a9  __TI_zero_init                                                     
0000a6b9  Ethernet_begin_mac_ip_dns_gateway                                  
0000a6f1  W5500_readSn                                                       
0000a729  ti_sysbios_gates_GateMutex_leave                                   
0000a737  TI_memset_small                                                    
0000a745  __TI_decompress_none                                               
0000a755  BIOS_linkedWithIncorrectBootLibrary                                
0000a761  BIOS_start                                                         
0000a76d  EthernetClient_println                                             
0000a779  Ethernet_begin_mac_ip                                              
0000a785  Ethernet_gatewayIP                                                 
0000a791  Ethernet_getSniffingStatus                                         
0000a79d  Ethernet_getTargetIp                                               
0000a7a9  Ethernet_getThisIp                                                 
0000a7b5  Ethernet_localIP                                                   
0000a7c1  Ethernet_startSniffing                                             
0000a7cd  Ethernet_stopSniffing                                              
0000a7d9  Ethernet_subnetMask                                                
0000a7e5  HwiP_disable                                                       
0000a7f1  NOROM_CPUcpsid                                                     
0000a7fd  NOROM_CPUcpsie                                                     
0000a809  PowerCC26X2_oscClockSourceGet                                      
0000a815  PowerCC26X2_setPeriphDeepSleepEnable                               
0000a821  PowerCC26X2_sysCtrlGetResetSource                                  
0000a82d  PowerCC26X2_sysCtrlVoltageConditionalControl                       
0000a839  Power_getConstraintMask                                            
0000a845  RF_Params_init                                                     
0000a851  RadioQueue_getDQpointer                                            
0000a85d  SPI_Params_init                                                    
0000a869  SwiP_getTrigger                                                    
0000a875  W5500_readGAR                                                      
0000a881  W5500_readSIPR                                                     
0000a88d  W5500_readSUBR                                                     
0000a899  W5500_writeGAR                                                     
0000a8a5  W5500_writeSHAR                                                    
0000a8b1  W5500_writeSIPR                                                    
0000a8bd  W5500_writeSUBR                                                    
0000a8c9  _register_lock                                                     
0000a8d5  _register_unlock                                                   
0000a8e1  print_newline                                                      
0000a8f9  ti_sysbios_heaps_HeapMem_init                                      
0000a905  ti_sysbios_knl_ClockSupport_setNextTick                            
0000a911  ti_sysbios_knl_Clock_tick                                          
0000a91d  ti_sysbios_knl_Task_Params_init                                    
0000a929  ClockP_Params_init                                                 
0000a933  EthernetClient_begin                                               
0000a95b  PowerCC26X2_sysCtrlStandby                                         
0000a965  SPICC26X2DMA_init                                                  
0000a96f  SemaphoreP_pend                                                    
0000a979  UDMACC26XX_hwiIntFxn                                               
0000a983  W5500_send_data_processing                                         
0000a98d  W5500_writeSnDIPR                                                  
0000a9a1  ti_sysbios_knl_Semaphore_Params_init                               
0000a9ad  Html_head                                                          
0000a9b5  Html_preamble                                                      
0000a9bd  Html_script                                                        
0000a9c5  Html_style                                                         
0000a9cd  NOROM_CPUdelay                                                     
0000a9e5  PowerCC26X2_oschfTrySwitchToXosc                                   
0000a9ed  W5500_writeSnCR                                                    
0000a9f5  W5500_writeSnIR                                                    
0000a9fd  W5500_writeSnMR                                                    
0000aa05  __aeabi_errno_addr                                                 
0000aa15  resetSS                                                            
0000aa1d  setSS                                                              
0000aa25  ti_sysbios_runtime_System_exit                                     
0000aa2d  EthernetUDP_begin_init                                             
0000aa33  EthernetUDP_endPacket                                              
0000aa39  HwiP_restore                                                       
0000aa51  SPI_transfer                                                       
0000aa57  W5500_readSnCR                                                     
0000aa5d  W5500_readSnIR                                                     
0000aa63  W5500_readSnSR                                                     
0000aa69  disconnect                                                         
0000aa6f  ti_sysbios_family_arm_m3_Hwi_destruct                              
0000aa75  ti_sysbios_family_arm_m3_Hwi_doSwiRestore                          
0000aa7b  ti_sysbios_family_arm_m3_Hwi_doTaskRestore                         
0000aa81  ti_sysbios_knl_Idle_loop                                           
0000aa87  ti_sysbios_knl_Swi_startup                                         
0000aa8d  HwiP_destruct                                                      
0000aa91  HwiP_disableInterrupt                                              
0000aa95  HwiP_enableInterrupt                                               
0000aa99  NOROM_RFCOverrideUpdate                                            
0000aa9d  PowerCC26X2_oschfSwitchToRcosc                                     
0000aaa1  PowerCC26X2_sysCtrlIdle                                            
0000aaa5  PowerCC26X2_turnOnXosc                                             
0000aaa9  RF_defaultExecutionPolicy                                          
0000aaad  ResetISR                                                           
0000aab1  SemaphoreP_destruct                                                
0000aab5  SemaphoreP_post                                                    
0000aab9  SwiP_destruct                                                      
0000aabd  SwiP_or                                                            
0000aac1  SwiP_post                                                          
0000aac5  W5500_getGatewayIp                                                 
0000aac9  W5500_getIPAddress                                                 
0000aacd  W5500_getSubnetMask                                                
0000aad1  W5500_setGatewayIp                                                 
0000aad5  W5500_setIPAddress                                                 
0000aad9  W5500_setMACAddress                                                
0000aadd  W5500_setSubnetMask                                                
0000aae1  _system_post_cinit                                                 
0000aae5  _system_pre_init                                                   
0000aaf1  ti_sysbios_heaps_HeapMem_isBlocking                                
0000aaf5  __aeabi_memcpy                                                     
0000aaf5  __aeabi_memcpy4                                                    
0000aaf5  __aeabi_memcpy8                                                    
0000aaf8  __c_args__                                                         
0000b608  remoteTarget                                                       
0000b939  networkInfo                                                        
0000bc47  style                                                              
0000bf00  script                                                             
0000c12a  GPIO_pinLowerBound                                                 
0000c12b  GPIO_pinUpperBound                                                 
0000c12c  ti_sysbios_family_arm_m3_Hwi_swiTaskKeyAddress                     
0000c130  __aeabi_ctype_table_                                               
0000c130  __aeabi_ctype_table_C                                              
0000c456  head                                                               
0000c4d9  SPI_count                                                          
0000c4da  TemperatureCC26X2_config                                           
0000c550  resourceDB                                                         
0000c5a4  spiCC26X2DMAHWAttrs                                                
0000c5e4  preamble                                                           
0000c6a4  SPI_defaultParams                                                  
0000c720  SPICC26X2DMA_fxnTable                                              
0000c798  PowerCC26X2_config                                                 
0000c7c0  GPIO_config                                                        
0000c7e0  RFCC26XX_hwAttrs                                                   
0000c7ec  SPI_config                                                         
0000c83c  UDMACC26XX_config                                                  
0000c84c  ti_sysbios_knl_Idle_funcList                                       
0000c854  udmaCC26XXHWAttrs                                                  
0000ca0c  __TI_Handler_Table_Base                                            
0000ca18  __TI_Handler_Table_Limit                                           
0000ca50  __TI_CINIT_Base                                                    
0000ca90  __TI_CINIT_Limit                                                   
0000ca90  __TI_CINIT_Warm                                                    
00057fa8  __ccfg                                                             
20000000  __start___llvm_prf_bits                                            
20000000  __start___llvm_prf_cnts                                            
20000000  __stop___llvm_prf_bits                                             
20000000  __stop___llvm_prf_cnts                                             
20000000  ti_sysbios_family_arm_m3_Hwi_ramVectors                            
200000d8  PowerCC26X2_module                                                 
2000024c  gpioPinConfigs                                                     
200002c8  ti_sysbios_runtime_Startup_done                                    
200002cb  ti_sysbios_knl_Idle_initDone                                       
200002cc  ti_sysbios_runtime_Memory_defaultHeapInstance                      
200002e4  ti_sysbios_runtime_Error_ignore                                    
200002f0  ti_sysbios_family_arm_cc26xx_Timer_Module_state                    
200002fc  ti_sysbios_runtime_System_Module_state                             
20000308  ti_sysbios_runtime_SysMin_Module_state                             
20000318  ti_sysbios_knl_Swi_Module_state                                    
200003a8  BIOS_Module_state                                                  
200003d4  ti_sysbios_family_arm_m3_Hwi_Module_state                          
20000410  ti_sysbios_knl_Clock_Module_state                                  
20000534  pOverrides_bt5le1m_0Common                                         
200005c4  ti_sysbios_knl_Task_Module_state                                   
20000600  thisMac_byte                                                       
20000606  pThisIp                                                            
20000617  pTargetIp                                                          
20000628  RF_cmdBle5RadioSetup_bt5le1m_0                                     
2000064c  RF_cmdBle5GenericRx_bt5le1m_0                                      
2000066c  pOverrides_bt5le1m_02Mbps                                          
20000688  RF_cmdFs_bt5le1m_0                                                 
200006a0  pOverrides_bt5le1m_01Mbps                                          
200006b8  bleGenericRx_bt5le1m_0Par                                          
200006cc  pOverrides_bt5le1m_0Coded                                          
200006e0  Ethernet_server_port                                               
200006f0  RF_prop_bt5le1m_0                                                  
20000700  _hposcCoeffs                                                       
20000724  RFCC26XX_schedulerPolicy                                           
2000072c  ti_sysbios_gates_GateMutex_Module_state                            
20000734  ti_sysbios_heaps_HeapMem_Module_state                              
2000073c  ti_sysbios_knl_Semaphore_Module_state                              
20000748  EthernetClientPrintMethods                                         
20000750  __aeabi_errno                                                      
20000754  _lock                                                              
20000758  _unlock                                                            
20001a50  __primary_heap_start__                                             
20005a50  __primary_heap_end__                                               
2000728c  formatBuffer                                                       
20007a8c  ti_sysbios_runtime_SysMin_outbuf                                   
20008150  ti_sysbios_knl_Idle_taskStack                                      
20008350  _CIOBUF_                                                           
20008350  __CIOBUF_                                                          
20008570  spiCC26X2DMAObjects                                                
20008670  ti_sysbios_family_arm_m3_Hwi_dispatchTable                         
20008748  gpioCallbackFunctions                                              
200087c4  gpioUserArgs                                                       
200088a8  ti_sysbios_knl_ClockSupport_timerStruct                            
20008908  ti_sysbios_knl_Idle_taskStruct                                     
20008a24  ti_sysbios_knl_Swi_readyQs                                         
20008a54  ti_sysbios_knl_Task_readyQs                                        
20008a84  BIOS_heapMemObject                                                 
20008ab0  BIOS_rtsGate                                                       
20008ad8  ti_sysbios_heaps_HeapMem_gate                                      
20008b00  Dashboard_taskParams                                               
20008b24  Ethernet_taskParams                                                
20008b48  Radio_taskParams                                                   
20008b6c  Ethernet                                                           
20008b8c  ti_sysbios_runtime_System_atexitHandlers                           
20008bac  udmaCC26XXObject                                                   
20008c04  ti_sysbios_hal_Seconds_Module_state                                
20008c18  thisMac_char                                                       
20008c2a  pGatewayIp                                                         
20008c3b  pMask                                                              
20008c4c  hEthUdp                                                            
20008c59  bReadyToSend                                                       
20008c5c  sem_eiParams                                                       
20008c68  sem_r2sParams                                                      
20008c74  sem_riParams                                                       
20008c88  parmbuf                                                            
20008c9c  Dashboard_taskHandle                                               
20008ca0  Ethernet_taskHandle                                                
20008ca4  PowerCC26XX_swiKey                                                 
20008ca8  PowerCC26XX_taskKey                                                
20008cac  Radio_taskHandle                                                   
20008cb0  hTargetIp                                                          
20008cb4  hThisIp                                                            
20008cb8  sem_ethernetInit                                                   
20008cbc  sem_radioInit                                                      
20008cc0  sem_ready2send                                                     
20008cc4  spi                                                                
20008cc8  ti_sysbios_family_arm_cc26xx_TimestampProvider_Module_state        
20008ccc  ti_sysbios_knl_Task_defaultStackHeap                               
20008cd0  ethServer                                                          
20008cd2  readDestination                                                    
20013a00  __stack                                                            
20014000  __STACK_END                                                        
ffffffff  __TI_pprof_out_hndl                                                
ffffffff  __TI_prof_data_size                                                
ffffffff  __TI_prof_data_start                                               
ffffffff  __binit__                                                          
ffffffff  binit                                                              
UNDEFED   ITM_flush                                                          
UNDEFED   ITM_restore                                                        
UNDEFED   __mpu_init                                                         

[631 symbols]
