<?xml version="1.0" encoding="ISO-8859-1" ?>
<link_info>
   <banner>TI ARM Clang Linker PC v2.1.2.LTS</banner>
   <copyright>Copyright (c) 1996-2018 Texas Instruments Incorporated</copyright>
   <link_time>0x6459e313</link_time>
   <link_errors>0x0</link_errors>
   <output_file>mSniff_LP_CC2652RB_tirtos7_ticlang.out</output_file>
   <entry_point>
      <name>ResetISR</name>
      <address>0xb62f</address>
   </entry_point>
   <input_file_list>
      <input_file id="fl-1">
         <path>.\</path>
         <kind>object</kind>
         <file>dashboard_task.o</file>
         <name>dashboard_task.o</name>
      </input_file>
      <input_file id="fl-2">
         <path>.\</path>
         <kind>object</kind>
         <file>ethernet_task.o</file>
         <name>ethernet_task.o</name>
      </input_file>
      <input_file id="fl-3">
         <path>.\</path>
         <kind>object</kind>
         <file>html.o</file>
         <name>html.o</name>
      </input_file>
      <input_file id="fl-4">
         <path>.\syscfg\</path>
         <kind>object</kind>
         <file>ti_devices_config.o</file>
         <name>ti_devices_config.o</name>
      </input_file>
      <input_file id="fl-5">
         <path>.\syscfg\</path>
         <kind>object</kind>
         <file>ti_radio_config.o</file>
         <name>ti_radio_config.o</name>
      </input_file>
      <input_file id="fl-6">
         <path>.\syscfg\</path>
         <kind>object</kind>
         <file>ti_drivers_config.o</file>
         <name>ti_drivers_config.o</name>
      </input_file>
      <input_file id="fl-7">
         <path>.\syscfg\</path>
         <kind>object</kind>
         <file>ti_sysbios_config.o</file>
         <name>ti_sysbios_config.o</name>
      </input_file>
      <input_file id="fl-8">
         <path>.\</path>
         <kind>object</kind>
         <file>main.o</file>
         <name>main.o</name>
      </input_file>
      <input_file id="fl-9">
         <path>.\</path>
         <kind>object</kind>
         <file>radio_queue.o</file>
         <name>radio_queue.o</name>
      </input_file>
      <input_file id="fl-a">
         <path>.\</path>
         <kind>object</kind>
         <file>radio_task.o</file>
         <name>radio_task.o</name>
      </input_file>
      <input_file id="fl-b">
         <path>.\ethernet\</path>
         <kind>object</kind>
         <file>ArduinoCompatibility.o</file>
         <name>ArduinoCompatibility.o</name>
      </input_file>
      <input_file id="fl-c">
         <path>.\ethernet\</path>
         <kind>object</kind>
         <file>Dhcp.o</file>
         <name>Dhcp.o</name>
      </input_file>
      <input_file id="fl-d">
         <path>.\ethernet\</path>
         <kind>object</kind>
         <file>Dns.o</file>
         <name>Dns.o</name>
      </input_file>
      <input_file id="fl-e">
         <path>.\ethernet\</path>
         <kind>object</kind>
         <file>Ethernet.o</file>
         <name>Ethernet.o</name>
      </input_file>
      <input_file id="fl-f">
         <path>.\ethernet\</path>
         <kind>object</kind>
         <file>EthernetBonjour.o</file>
         <name>EthernetBonjour.o</name>
      </input_file>
      <input_file id="fl-10">
         <path>.\ethernet\</path>
         <kind>object</kind>
         <file>EthernetClient.o</file>
         <name>EthernetClient.o</name>
      </input_file>
      <input_file id="fl-11">
         <path>.\ethernet\</path>
         <kind>object</kind>
         <file>EthernetServer.o</file>
         <name>EthernetServer.o</name>
      </input_file>
      <input_file id="fl-12">
         <path>.\ethernet\</path>
         <kind>object</kind>
         <file>EthernetUdp.o</file>
         <name>EthernetUdp.o</name>
      </input_file>
      <input_file id="fl-13">
         <path>.\ethernet\</path>
         <kind>object</kind>
         <file>EthernetUtil.o</file>
         <name>EthernetUtil.o</name>
      </input_file>
      <input_file id="fl-14">
         <path>.\ethernet\</path>
         <kind>object</kind>
         <file>IPAddress.o</file>
         <name>IPAddress.o</name>
      </input_file>
      <input_file id="fl-15">
         <path>.\ethernet\</path>
         <kind>object</kind>
         <file>Printfg.o</file>
         <name>Printfg.o</name>
      </input_file>
      <input_file id="fl-16">
         <path>.\ethernet\</path>
         <kind>object</kind>
         <file>SPIfg.o</file>
         <name>SPIfg.o</name>
      </input_file>
      <input_file id="fl-17">
         <path>.\ethernet\</path>
         <kind>object</kind>
         <file>Serial.o</file>
         <name>Serial.o</name>
      </input_file>
      <input_file id="fl-18">
         <path>.\ethernet\</path>
         <kind>object</kind>
         <file>UnitTest.o</file>
         <name>UnitTest.o</name>
      </input_file>
      <input_file id="fl-19">
         <path>.\ethernet\</path>
         <kind>object</kind>
         <file>socket.o</file>
         <name>socket.o</name>
      </input_file>
      <input_file id="fl-1a">
         <path>.\ethernet\</path>
         <kind>object</kind>
         <file>w5500.o</file>
         <name>w5500.o</name>
      </input_file>
      <input_file id="fl-1b">
         <path>.\websocket\</path>
         <kind>object</kind>
         <file>WebsocketServer.o</file>
         <name>WebsocketServer.o</name>
      </input_file>
      <input_file id="fl-2f">
         <kind>object</kind>
         <file>&lt;internal&gt;</file>
         <name>&lt;internal&gt;</name>
      </input_file>
      <input_file id="fl-30">
         <path>C:\ti\simplelink_cc13xx_cc26xx_sdk_6_30_01_03\source\ti\drivers\lib\ticlang\m4f\</path>
         <kind>archive</kind>
         <file>drivers_cc26x2.a</file>
         <name>GPIO.c.obj</name>
      </input_file>
      <input_file id="fl-31">
         <path>C:\ti\simplelink_cc13xx_cc26xx_sdk_6_30_01_03\source\ti\drivers\lib\ticlang\m4f\</path>
         <kind>archive</kind>
         <file>drivers_cc26x2.a</file>
         <name>GPIOCC26XX.c.obj</name>
      </input_file>
      <input_file id="fl-32">
         <path>C:\ti\simplelink_cc13xx_cc26xx_sdk_6_30_01_03\source\ti\drivers\lib\ticlang\m4f\</path>
         <kind>archive</kind>
         <file>drivers_cc26x2.a</file>
         <name>PowerCC26X2.c.obj</name>
      </input_file>
      <input_file id="fl-33">
         <path>C:\ti\simplelink_cc13xx_cc26xx_sdk_6_30_01_03\source\ti\drivers\lib\ticlang\m4f\</path>
         <kind>archive</kind>
         <file>drivers_cc26x2.a</file>
         <name>PowerCC26X2_calibrateRCOSC.c.obj</name>
      </input_file>
      <input_file id="fl-34">
         <path>C:\ti\simplelink_cc13xx_cc26xx_sdk_6_30_01_03\source\ti\drivers\lib\ticlang\m4f\</path>
         <kind>archive</kind>
         <file>drivers_cc26x2.a</file>
         <name>SPI.c.obj</name>
      </input_file>
      <input_file id="fl-35">
         <path>C:\ti\simplelink_cc13xx_cc26xx_sdk_6_30_01_03\source\ti\drivers\lib\ticlang\m4f\</path>
         <kind>archive</kind>
         <file>drivers_cc26x2.a</file>
         <name>TemperatureCC26X2.c.obj</name>
      </input_file>
      <input_file id="fl-36">
         <path>C:\ti\simplelink_cc13xx_cc26xx_sdk_6_30_01_03\source\ti\drivers\lib\ticlang\m4f\</path>
         <kind>archive</kind>
         <file>drivers_cc26x2.a</file>
         <name>UART2.c.obj</name>
      </input_file>
      <input_file id="fl-37">
         <path>C:\ti\simplelink_cc13xx_cc26xx_sdk_6_30_01_03\source\ti\drivers\lib\ticlang\m4f\</path>
         <kind>archive</kind>
         <file>drivers_cc26x2.a</file>
         <name>UART2CC26X2.c.obj</name>
      </input_file>
      <input_file id="fl-38">
         <path>C:\ti\simplelink_cc13xx_cc26xx_sdk_6_30_01_03\source\ti\drivers\lib\ticlang\m4f\</path>
         <kind>archive</kind>
         <file>drivers_cc26x2.a</file>
         <name>GPIOCC26X2.c.obj</name>
      </input_file>
      <input_file id="fl-39">
         <path>C:\ti\simplelink_cc13xx_cc26xx_sdk_6_30_01_03\source\ti\drivers\lib\ticlang\m4f\</path>
         <kind>archive</kind>
         <file>drivers_cc26x2.a</file>
         <name>PowerCC26X2_calibrateRCOSC_helpers.c.obj</name>
      </input_file>
      <input_file id="fl-3a">
         <path>C:\ti\simplelink_cc13xx_cc26xx_sdk_6_30_01_03\source\ti\drivers\lib\ticlang\m4f\</path>
         <kind>archive</kind>
         <file>drivers_cc26x2.a</file>
         <name>PowerCC26X2_helpers.c.obj</name>
      </input_file>
      <input_file id="fl-3b">
         <path>C:\ti\simplelink_cc13xx_cc26xx_sdk_6_30_01_03\source\ti\drivers\lib\ticlang\m4f\</path>
         <kind>archive</kind>
         <file>drivers_cc26x2.a</file>
         <name>SPICC26X2DMA.c.obj</name>
      </input_file>
      <input_file id="fl-3c">
         <path>C:\ti\simplelink_cc13xx_cc26xx_sdk_6_30_01_03\source\ti\drivers\lib\ticlang\m4f\</path>
         <kind>archive</kind>
         <file>drivers_cc26x2.a</file>
         <name>List.c.obj</name>
      </input_file>
      <input_file id="fl-3d">
         <path>C:\ti\simplelink_cc13xx_cc26xx_sdk_6_30_01_03\source\ti\drivers\lib\ticlang\m4f\</path>
         <kind>archive</kind>
         <file>drivers_cc26x2.a</file>
         <name>RingBuf.c.obj</name>
      </input_file>
      <input_file id="fl-3e">
         <path>C:\ti\simplelink_cc13xx_cc26xx_sdk_6_30_01_03\source\ti\drivers\lib\ticlang\m4f\</path>
         <kind>archive</kind>
         <file>drivers_cc26x2.a</file>
         <name>UDMACC26XX.c.obj</name>
      </input_file>
      <input_file id="fl-3f">
         <path>C:\ti\simplelink_cc13xx_cc26xx_sdk_6_30_01_03\source\ti\drivers\rf\lib\ticlang\m4f\</path>
         <kind>archive</kind>
         <file>rf_multiMode_cc26x2.a</file>
         <name>RFCC26X2_multiMode.c.cc26x2.ticlang.o</name>
      </input_file>
      <input_file id="fl-40">
         <path>C:\ti\simplelink_cc13xx_cc26xx_sdk_6_30_01_03\source\ti\drivers\rf\lib\ticlang\m4f\</path>
         <kind>archive</kind>
         <file>rf_multiMode_cc26x2.a</file>
         <name>rfc.c.cc26x2.ticlang.o</name>
      </input_file>
      <input_file id="fl-41">
         <path>C:\ti\simplelink_cc13xx_cc26xx_sdk_6_30_01_03\source\ti\drivers\rf\lib\ticlang\m4f\</path>
         <kind>archive</kind>
         <file>rf_multiMode_cc26x2.a</file>
         <name>rf_patch_cpe_multi_protocol.c.cc26x2.ticlang.o</name>
      </input_file>
      <input_file id="fl-42">
         <path>C:\ti\simplelink_cc13xx_cc26xx_sdk_6_30_01_03\kernel\tirtos7\packages\ti\sysbios\lib\ticlang\m4f\</path>
         <kind>archive</kind>
         <file>sysbios.a</file>
         <name>TaskSupport_asm_gnu.obj</name>
      </input_file>
      <input_file id="fl-43">
         <path>C:\ti\simplelink_cc13xx_cc26xx_sdk_6_30_01_03\kernel\tirtos7\packages\ti\sysbios\lib\ticlang\m4f\</path>
         <kind>archive</kind>
         <file>sysbios.a</file>
         <name>Hwi_asm_gnu.obj</name>
      </input_file>
      <input_file id="fl-44">
         <path>C:\ti\simplelink_cc13xx_cc26xx_sdk_6_30_01_03\kernel\tirtos7\packages\ti\sysbios\lib\ticlang\m4f\</path>
         <kind>archive</kind>
         <file>sysbios.a</file>
         <name>Hwi_asm_switch_gnu.obj</name>
      </input_file>
      <input_file id="fl-45">
         <path>C:\ti\simplelink_cc13xx_cc26xx_sdk_6_30_01_03\kernel\tirtos7\packages\ti\sysbios\lib\ticlang\m4f\</path>
         <kind>archive</kind>
         <file>sysbios.a</file>
         <name>boot_cortex_m.obj</name>
      </input_file>
      <input_file id="fl-46">
         <path>C:\ti\simplelink_cc13xx_cc26xx_sdk_6_30_01_03\source\ti\devices\cc13x2_cc26x2\driverlib\bin\ticlang\</path>
         <kind>archive</kind>
         <file>driverlib.lib</file>
         <name>chipinfo.o</name>
      </input_file>
      <input_file id="fl-47">
         <path>C:\ti\simplelink_cc13xx_cc26xx_sdk_6_30_01_03\source\ti\devices\cc13x2_cc26x2\driverlib\bin\ticlang\</path>
         <kind>archive</kind>
         <file>driverlib.lib</file>
         <name>setup.o</name>
      </input_file>
      <input_file id="fl-48">
         <path>C:\ti\simplelink_cc13xx_cc26xx_sdk_6_30_01_03\source\ti\devices\cc13x2_cc26x2\driverlib\bin\ticlang\</path>
         <kind>archive</kind>
         <file>driverlib.lib</file>
         <name>aux_sysif.o</name>
      </input_file>
      <input_file id="fl-49">
         <path>C:\ti\simplelink_cc13xx_cc26xx_sdk_6_30_01_03\source\ti\devices\cc13x2_cc26x2\driverlib\bin\ticlang\</path>
         <kind>archive</kind>
         <file>driverlib.lib</file>
         <name>sys_ctrl.o</name>
      </input_file>
      <input_file id="fl-4a">
         <path>C:\ti\simplelink_cc13xx_cc26xx_sdk_6_30_01_03\source\ti\devices\cc13x2_cc26x2\driverlib\bin\ticlang\</path>
         <kind>archive</kind>
         <file>driverlib.lib</file>
         <name>cpu.o</name>
      </input_file>
      <input_file id="fl-4b">
         <path>C:\ti\simplelink_cc13xx_cc26xx_sdk_6_30_01_03\source\ti\devices\cc13x2_cc26x2\driverlib\bin\ticlang\</path>
         <kind>archive</kind>
         <file>driverlib.lib</file>
         <name>osc.o</name>
      </input_file>
      <input_file id="fl-4c">
         <path>C:\ti\simplelink_cc13xx_cc26xx_sdk_6_30_01_03\source\ti\devices\cc13x2_cc26x2\driverlib\bin\ticlang\</path>
         <kind>archive</kind>
         <file>driverlib.lib</file>
         <name>prcm.o</name>
      </input_file>
      <input_file id="fl-58">
         <path>C:\ti\ccs1210\ccs\tools\compiler\ti-cgt-armllvm_2.1.2.LTS\lib\armv7em-ti-none-eabihf\c\</path>
         <kind>archive</kind>
         <file>libc.a</file>
         <name>snprintf.c.obj</name>
      </input_file>
      <input_file id="fl-59">
         <path>C:\ti\ccs1210\ccs\tools\compiler\ti-cgt-armllvm_2.1.2.LTS\lib\armv7em-ti-none-eabihf\c\</path>
         <kind>archive</kind>
         <file>libc.a</file>
         <name>sprintf.c.obj</name>
      </input_file>
      <input_file id="fl-5a">
         <path>C:\ti\ccs1210\ccs\tools\compiler\ti-cgt-armllvm_2.1.2.LTS\lib\armv7em-ti-none-eabihf\c\</path>
         <kind>archive</kind>
         <file>libc.a</file>
         <name>aeabi_portable.c.obj</name>
      </input_file>
      <input_file id="fl-5b">
         <path>C:\ti\ccs1210\ccs\tools\compiler\ti-cgt-armllvm_2.1.2.LTS\lib\armv7em-ti-none-eabihf\c\</path>
         <kind>archive</kind>
         <file>libc.a</file>
         <name>exit.c.obj</name>
      </input_file>
      <input_file id="fl-5c">
         <path>C:\ti\ccs1210\ccs\tools\compiler\ti-cgt-armllvm_2.1.2.LTS\lib\armv7em-ti-none-eabihf\c\</path>
         <kind>archive</kind>
         <file>libc.a</file>
         <name>_lock.c.obj</name>
      </input_file>
      <input_file id="fl-5d">
         <path>C:\ti\ccs1210\ccs\tools\compiler\ti-cgt-armllvm_2.1.2.LTS\lib\armv7em-ti-none-eabihf\c\</path>
         <kind>archive</kind>
         <file>libc.a</file>
         <name>args_main.c.obj</name>
      </input_file>
      <input_file id="fl-5e">
         <path>C:\ti\ccs1210\ccs\tools\compiler\ti-cgt-armllvm_2.1.2.LTS\lib\armv7em-ti-none-eabihf\c\</path>
         <kind>archive</kind>
         <file>libc.a</file>
         <name>assert.c.obj</name>
      </input_file>
      <input_file id="fl-5f">
         <path>C:\ti\ccs1210\ccs\tools\compiler\ti-cgt-armllvm_2.1.2.LTS\lib\armv7em-ti-none-eabihf\c\</path>
         <kind>archive</kind>
         <file>libc.a</file>
         <name>atoi.c.obj</name>
      </input_file>
      <input_file id="fl-60">
         <path>C:\ti\ccs1210\ccs\tools\compiler\ti-cgt-armllvm_2.1.2.LTS\lib\armv7em-ti-none-eabihf\c\</path>
         <kind>archive</kind>
         <file>libc.a</file>
         <name>defs.c.obj</name>
      </input_file>
      <input_file id="fl-61">
         <path>C:\ti\ccs1210\ccs\tools\compiler\ti-cgt-armllvm_2.1.2.LTS\lib\armv7em-ti-none-eabihf\c\</path>
         <kind>archive</kind>
         <file>libc.a</file>
         <name>strstr.c.obj</name>
      </input_file>
      <input_file id="fl-62">
         <path>C:\ti\ccs1210\ccs\tools\compiler\ti-cgt-armllvm_2.1.2.LTS\lib\armv7em-ti-none-eabihf\c\</path>
         <kind>archive</kind>
         <file>libc.a</file>
         <name>strtok.c.obj</name>
      </input_file>
      <input_file id="fl-63">
         <path>C:\ti\ccs1210\ccs\tools\compiler\ti-cgt-armllvm_2.1.2.LTS\lib\armv7em-ti-none-eabihf\c\</path>
         <kind>archive</kind>
         <file>libc.a</file>
         <name>autoinit.c.obj</name>
      </input_file>
      <input_file id="fl-64">
         <path>C:\ti\ccs1210\ccs\tools\compiler\ti-cgt-armllvm_2.1.2.LTS\lib\armv7em-ti-none-eabihf\c\</path>
         <kind>archive</kind>
         <file>libc.a</file>
         <name>cpy_tbl.c.obj</name>
      </input_file>
      <input_file id="fl-65">
         <path>C:\ti\ccs1210\ccs\tools\compiler\ti-cgt-armllvm_2.1.2.LTS\lib\armv7em-ti-none-eabihf\c\</path>
         <kind>archive</kind>
         <file>libc.a</file>
         <name>copy_zero_init.c.obj</name>
      </input_file>
      <input_file id="fl-66">
         <path>C:\ti\ccs1210\ccs\tools\compiler\ti-cgt-armllvm_2.1.2.LTS\lib\armv7em-ti-none-eabihf\c\</path>
         <kind>archive</kind>
         <file>libc.a</file>
         <name>copy_decompress_none.c.obj</name>
      </input_file>
      <input_file id="fl-67">
         <path>C:\ti\ccs1210\ccs\tools\compiler\ti-cgt-armllvm_2.1.2.LTS\lib\armv7em-ti-none-eabihf\c\</path>
         <kind>archive</kind>
         <file>libc.a</file>
         <name>copy_decompress_lzss.c.obj</name>
      </input_file>
      <input_file id="fl-68">
         <path>C:\ti\ccs1210\ccs\tools\compiler\ti-cgt-armllvm_2.1.2.LTS\lib\armv7em-ti-none-eabihf\c\</path>
         <kind>archive</kind>
         <file>libc.a</file>
         <name>_printfi.c.obj</name>
      </input_file>
      <input_file id="fl-69">
         <path>C:\ti\ccs1210\ccs\tools\compiler\ti-cgt-armllvm_2.1.2.LTS\lib\armv7em-ti-none-eabihf\c\</path>
         <kind>archive</kind>
         <file>libc.a</file>
         <name>fflush.c.obj</name>
      </input_file>
      <input_file id="fl-6a">
         <path>C:\ti\ccs1210\ccs\tools\compiler\ti-cgt-armllvm_2.1.2.LTS\lib\armv7em-ti-none-eabihf\c\</path>
         <kind>archive</kind>
         <file>libc.a</file>
         <name>fputs.c.obj</name>
      </input_file>
      <input_file id="fl-6b">
         <path>C:\ti\ccs1210\ccs\tools\compiler\ti-cgt-armllvm_2.1.2.LTS\lib\armv7em-ti-none-eabihf\c\</path>
         <kind>archive</kind>
         <file>libc.a</file>
         <name>_io_perm.c.obj</name>
      </input_file>
      <input_file id="fl-6c">
         <path>C:\ti\ccs1210\ccs\tools\compiler\ti-cgt-armllvm_2.1.2.LTS\lib\armv7em-ti-none-eabihf\c\</path>
         <kind>archive</kind>
         <file>libc.a</file>
         <name>setvbuf.c.obj</name>
      </input_file>
      <input_file id="fl-6d">
         <path>C:\ti\ccs1210\ccs\tools\compiler\ti-cgt-armllvm_2.1.2.LTS\lib\armv7em-ti-none-eabihf\c\</path>
         <kind>archive</kind>
         <file>libc.a</file>
         <name>wcslen.c.obj</name>
      </input_file>
      <input_file id="fl-6e">
         <path>C:\ti\ccs1210\ccs\tools\compiler\ti-cgt-armllvm_2.1.2.LTS\lib\armv7em-ti-none-eabihf\c\</path>
         <kind>archive</kind>
         <file>libc.a</file>
         <name>aeabi_ctype.S.obj</name>
      </input_file>
      <input_file id="fl-6f">
         <path>C:\ti\ccs1210\ccs\tools\compiler\ti-cgt-armllvm_2.1.2.LTS\lib\armv7em-ti-none-eabihf\c\</path>
         <kind>archive</kind>
         <file>libc.a</file>
         <name>_ltoa.c.obj</name>
      </input_file>
      <input_file id="fl-70">
         <path>C:\ti\ccs1210\ccs\tools\compiler\ti-cgt-armllvm_2.1.2.LTS\lib\armv7em-ti-none-eabihf\c\</path>
         <kind>archive</kind>
         <file>libc.a</file>
         <name>memccpy.c.obj</name>
      </input_file>
      <input_file id="fl-71">
         <path>C:\ti\ccs1210\ccs\tools\compiler\ti-cgt-armllvm_2.1.2.LTS\lib\armv7em-ti-none-eabihf\c\</path>
         <kind>archive</kind>
         <file>libc.a</file>
         <name>strcspn.c.obj</name>
      </input_file>
      <input_file id="fl-72">
         <path>C:\ti\ccs1210\ccs\tools\compiler\ti-cgt-armllvm_2.1.2.LTS\lib\armv7em-ti-none-eabihf\c\</path>
         <kind>archive</kind>
         <file>libc.a</file>
         <name>strspn.c.obj</name>
      </input_file>
      <input_file id="fl-73">
         <path>C:\ti\ccs1210\ccs\tools\compiler\ti-cgt-armllvm_2.1.2.LTS\lib\armv7em-ti-none-eabihf\c\</path>
         <kind>archive</kind>
         <file>libc.a</file>
         <name>s_frexp.c.obj</name>
      </input_file>
      <input_file id="fl-74">
         <path>C:\ti\ccs1210\ccs\tools\compiler\ti-cgt-armllvm_2.1.2.LTS\lib\armv7em-ti-none-eabihf\c\</path>
         <kind>archive</kind>
         <file>libc.a</file>
         <name>s_scalbn.c.obj</name>
      </input_file>
      <input_file id="fl-75">
         <path>C:\ti\ccs1210\ccs\tools\compiler\ti-cgt-armllvm_2.1.2.LTS\lib\armv7em-ti-none-eabihf\c\</path>
         <kind>archive</kind>
         <file>libc.a</file>
         <name>fopen.c.obj</name>
      </input_file>
      <input_file id="fl-76">
         <path>C:\ti\ccs1210\ccs\tools\compiler\ti-cgt-armllvm_2.1.2.LTS\lib\armv7em-ti-none-eabihf\c\</path>
         <kind>archive</kind>
         <file>libc.a</file>
         <name>fseek.c.obj</name>
      </input_file>
      <input_file id="fl-77">
         <path>C:\ti\ccs1210\ccs\tools\compiler\ti-cgt-armllvm_2.1.2.LTS\lib\armv7em-ti-none-eabihf\c\</path>
         <kind>archive</kind>
         <file>libc.a</file>
         <name>fclose.c.obj</name>
      </input_file>
      <input_file id="fl-b0">
         <path>C:\ti\ccs1210\ccs\tools\compiler\ti-cgt-armllvm_2.1.2.LTS\lib\armv7em-ti-none-eabihf\c\</path>
         <kind>archive</kind>
         <file>libsysbm.a</file>
         <name>write.c.obj</name>
      </input_file>
      <input_file id="fl-b1">
         <path>C:\ti\ccs1210\ccs\tools\compiler\ti-cgt-armllvm_2.1.2.LTS\lib\armv7em-ti-none-eabihf\c\</path>
         <kind>archive</kind>
         <file>libsysbm.a</file>
         <name>hostwrite.c.obj</name>
      </input_file>
      <input_file id="fl-b2">
         <path>C:\ti\ccs1210\ccs\tools\compiler\ti-cgt-armllvm_2.1.2.LTS\lib\armv7em-ti-none-eabihf\c\</path>
         <kind>archive</kind>
         <file>libsysbm.a</file>
         <name>host_device.c.obj</name>
      </input_file>
      <input_file id="fl-b3">
         <path>C:\ti\ccs1210\ccs\tools\compiler\ti-cgt-armllvm_2.1.2.LTS\lib\armv7em-ti-none-eabihf\c\</path>
         <kind>archive</kind>
         <file>libsysbm.a</file>
         <name>trgmsg.c.obj</name>
      </input_file>
      <input_file id="fl-b4">
         <path>C:\ti\ccs1210\ccs\tools\compiler\ti-cgt-armllvm_2.1.2.LTS\lib\armv7em-ti-none-eabihf\c\</path>
         <kind>archive</kind>
         <file>libsysbm.a</file>
         <name>remove.c.obj</name>
      </input_file>
      <input_file id="fl-b5">
         <path>C:\ti\ccs1210\ccs\tools\compiler\ti-cgt-armllvm_2.1.2.LTS\lib\armv7em-ti-none-eabihf\c\</path>
         <kind>archive</kind>
         <file>libsysbm.a</file>
         <name>open.c.obj</name>
      </input_file>
      <input_file id="fl-b6">
         <path>C:\ti\ccs1210\ccs\tools\compiler\ti-cgt-armllvm_2.1.2.LTS\lib\armv7em-ti-none-eabihf\c\</path>
         <kind>archive</kind>
         <file>libsysbm.a</file>
         <name>lseek.c.obj</name>
      </input_file>
      <input_file id="fl-b7">
         <path>C:\ti\ccs1210\ccs\tools\compiler\ti-cgt-armllvm_2.1.2.LTS\lib\armv7em-ti-none-eabihf\c\</path>
         <kind>archive</kind>
         <file>libsysbm.a</file>
         <name>unlink.c.obj</name>
      </input_file>
      <input_file id="fl-b8">
         <path>C:\ti\ccs1210\ccs\tools\compiler\ti-cgt-armllvm_2.1.2.LTS\lib\armv7em-ti-none-eabihf\c\</path>
         <kind>archive</kind>
         <file>libsysbm.a</file>
         <name>hostclose.c.obj</name>
      </input_file>
      <input_file id="fl-b9">
         <path>C:\ti\ccs1210\ccs\tools\compiler\ti-cgt-armllvm_2.1.2.LTS\lib\armv7em-ti-none-eabihf\c\</path>
         <kind>archive</kind>
         <file>libsysbm.a</file>
         <name>hostlseek.c.obj</name>
      </input_file>
      <input_file id="fl-ba">
         <path>C:\ti\ccs1210\ccs\tools\compiler\ti-cgt-armllvm_2.1.2.LTS\lib\armv7em-ti-none-eabihf\c\</path>
         <kind>archive</kind>
         <file>libsysbm.a</file>
         <name>hostopen.c.obj</name>
      </input_file>
      <input_file id="fl-bb">
         <path>C:\ti\ccs1210\ccs\tools\compiler\ti-cgt-armllvm_2.1.2.LTS\lib\armv7em-ti-none-eabihf\c\</path>
         <kind>archive</kind>
         <file>libsysbm.a</file>
         <name>hostread.c.obj</name>
      </input_file>
      <input_file id="fl-bc">
         <path>C:\ti\ccs1210\ccs\tools\compiler\ti-cgt-armllvm_2.1.2.LTS\lib\armv7em-ti-none-eabihf\c\</path>
         <kind>archive</kind>
         <file>libsysbm.a</file>
         <name>hostrename.c.obj</name>
      </input_file>
      <input_file id="fl-bd">
         <path>C:\ti\ccs1210\ccs\tools\compiler\ti-cgt-armllvm_2.1.2.LTS\lib\armv7em-ti-none-eabihf\c\</path>
         <kind>archive</kind>
         <file>libsysbm.a</file>
         <name>hostunlink.c.obj</name>
      </input_file>
      <input_file id="fl-be">
         <path>C:\ti\ccs1210\ccs\tools\compiler\ti-cgt-armllvm_2.1.2.LTS\lib\clang\14.0.6\lib\armv7em-ti-none-eabihf\</path>
         <kind>archive</kind>
         <file>libclang_rt.builtins.a</file>
         <name>adddf3.S.obj</name>
      </input_file>
      <input_file id="fl-bf">
         <path>C:\ti\ccs1210\ccs\tools\compiler\ti-cgt-armllvm_2.1.2.LTS\lib\clang\14.0.6\lib\armv7em-ti-none-eabihf\</path>
         <kind>archive</kind>
         <file>libclang_rt.builtins.a</file>
         <name>muldf3.S.obj</name>
      </input_file>
      <input_file id="fl-c0">
         <path>C:\ti\ccs1210\ccs\tools\compiler\ti-cgt-armllvm_2.1.2.LTS\lib\clang\14.0.6\lib\armv7em-ti-none-eabihf\</path>
         <kind>archive</kind>
         <file>libclang_rt.builtins.a</file>
         <name>divdf3.S.obj</name>
      </input_file>
      <input_file id="fl-c1">
         <path>C:\ti\ccs1210\ccs\tools\compiler\ti-cgt-armllvm_2.1.2.LTS\lib\clang\14.0.6\lib\armv7em-ti-none-eabihf\</path>
         <kind>archive</kind>
         <file>libclang_rt.builtins.a</file>
         <name>extendsfdf2.S.obj</name>
      </input_file>
      <input_file id="fl-c2">
         <path>C:\ti\ccs1210\ccs\tools\compiler\ti-cgt-armllvm_2.1.2.LTS\lib\clang\14.0.6\lib\armv7em-ti-none-eabihf\</path>
         <kind>archive</kind>
         <file>libclang_rt.builtins.a</file>
         <name>fixdfsi.S.obj</name>
      </input_file>
      <input_file id="fl-c3">
         <path>C:\ti\ccs1210\ccs\tools\compiler\ti-cgt-armllvm_2.1.2.LTS\lib\clang\14.0.6\lib\armv7em-ti-none-eabihf\</path>
         <kind>archive</kind>
         <file>libclang_rt.builtins.a</file>
         <name>fixunsdfsi.S.obj</name>
      </input_file>
      <input_file id="fl-c4">
         <path>C:\ti\ccs1210\ccs\tools\compiler\ti-cgt-armllvm_2.1.2.LTS\lib\clang\14.0.6\lib\armv7em-ti-none-eabihf\</path>
         <kind>archive</kind>
         <file>libclang_rt.builtins.a</file>
         <name>floatsidf.S.obj</name>
      </input_file>
      <input_file id="fl-c5">
         <path>C:\ti\ccs1210\ccs\tools\compiler\ti-cgt-armllvm_2.1.2.LTS\lib\clang\14.0.6\lib\armv7em-ti-none-eabihf\</path>
         <kind>archive</kind>
         <file>libclang_rt.builtins.a</file>
         <name>floatunsidf.S.obj</name>
      </input_file>
      <input_file id="fl-c6">
         <path>C:\ti\ccs1210\ccs\tools\compiler\ti-cgt-armllvm_2.1.2.LTS\lib\clang\14.0.6\lib\armv7em-ti-none-eabihf\</path>
         <kind>archive</kind>
         <file>libclang_rt.builtins.a</file>
         <name>truncdfsf2.S.obj</name>
      </input_file>
      <input_file id="fl-c7">
         <path>C:\ti\ccs1210\ccs\tools\compiler\ti-cgt-armllvm_2.1.2.LTS\lib\clang\14.0.6\lib\armv7em-ti-none-eabihf\</path>
         <kind>archive</kind>
         <file>libclang_rt.builtins.a</file>
         <name>aeabi_dcmp.S.obj</name>
      </input_file>
      <input_file id="fl-c8">
         <path>C:\ti\ccs1210\ccs\tools\compiler\ti-cgt-armllvm_2.1.2.LTS\lib\clang\14.0.6\lib\armv7em-ti-none-eabihf\</path>
         <kind>archive</kind>
         <file>libclang_rt.builtins.a</file>
         <name>aeabi_ldivmod.S.obj</name>
      </input_file>
      <input_file id="fl-c9">
         <path>C:\ti\ccs1210\ccs\tools\compiler\ti-cgt-armllvm_2.1.2.LTS\lib\clang\14.0.6\lib\armv7em-ti-none-eabihf\</path>
         <kind>archive</kind>
         <file>libclang_rt.builtins.a</file>
         <name>aeabi_memcpy.S.obj</name>
      </input_file>
      <input_file id="fl-ca">
         <path>C:\ti\ccs1210\ccs\tools\compiler\ti-cgt-armllvm_2.1.2.LTS\lib\clang\14.0.6\lib\armv7em-ti-none-eabihf\</path>
         <kind>archive</kind>
         <file>libclang_rt.builtins.a</file>
         <name>aeabi_memset.S.obj</name>
      </input_file>
      <input_file id="fl-cb">
         <path>C:\ti\ccs1210\ccs\tools\compiler\ti-cgt-armllvm_2.1.2.LTS\lib\clang\14.0.6\lib\armv7em-ti-none-eabihf\</path>
         <kind>archive</kind>
         <file>libclang_rt.builtins.a</file>
         <name>aeabi_uldivmod.S.obj</name>
      </input_file>
      <input_file id="fl-cc">
         <path>C:\ti\ccs1210\ccs\tools\compiler\ti-cgt-armllvm_2.1.2.LTS\lib\clang\14.0.6\lib\armv7em-ti-none-eabihf\</path>
         <kind>archive</kind>
         <file>libclang_rt.builtins.a</file>
         <name>udivmoddi4.S.obj</name>
      </input_file>
      <input_file id="fl-cd">
         <path>C:\ti\ccs1210\ccs\tools\compiler\ti-cgt-armllvm_2.1.2.LTS\lib\clang\14.0.6\lib\armv7em-ti-none-eabihf\</path>
         <kind>archive</kind>
         <file>libclang_rt.builtins.a</file>
         <name>comparedf2.c.obj</name>
      </input_file>
      <input_file id="fl-ce">
         <path>C:\ti\ccs1210\ccs\tools\compiler\ti-cgt-armllvm_2.1.2.LTS\lib\clang\14.0.6\lib\armv7em-ti-none-eabihf\</path>
         <kind>archive</kind>
         <file>libclang_rt.builtins.a</file>
         <name>divmoddi4.c.obj</name>
      </input_file>
      <input_file id="fl-cf">
         <path>C:\ti\ccs1210\ccs\tools\compiler\ti-cgt-armllvm_2.1.2.LTS\lib\clang\14.0.6\lib\armv7em-ti-none-eabihf\</path>
         <kind>archive</kind>
         <file>libclang_rt.builtins.a</file>
         <name>aeabi_div0.c.obj</name>
      </input_file>
      <input_file id="fl-d0">
         <path>C:\ti\ccs1210\ccs\tools\compiler\ti-cgt-armllvm_2.1.2.LTS\lib\armv7em-ti-none-eabihf\c\</path>
         <kind>archive</kind>
         <file>libc.a</file>
         <name>getdevice.c.obj</name>
      </input_file>
      <input_file id="fl-d1">
         <path>C:\ti\ccs1210\ccs\tools\compiler\ti-cgt-armllvm_2.1.2.LTS\lib\armv7em-ti-none-eabihf\c\</path>
         <kind>archive</kind>
         <file>libc.a</file>
         <name>memcpy_t2.S.obj</name>
      </input_file>
      <input_file id="fl-d2">
         <path>C:\ti\ccs1210\ccs\tools\compiler\ti-cgt-armllvm_2.1.2.LTS\lib\armv7em-ti-none-eabihf\c\</path>
         <kind>archive</kind>
         <file>libc.a</file>
         <name>memset_t2.S.obj</name>
      </input_file>
   </input_file_list>
   <object_component_list>
      <object_component id="oc-4ae">
         <name>.text:__TI_printfi</name>
         <load_address>0x40</load_address>
         <run_address>0x40</run_address>
         <size>0x9d4</size>
         <input_file_ref idref="fl-68"/>
      </object_component>
      <object_component id="oc-191">
         <name>.text.findHposcCoefficients</name>
         <load_address>0xa14</load_address>
         <run_address>0xa14</run_address>
         <size>0x5ea</size>
         <input_file_ref idref="fl-4b"/>
      </object_component>
      <object_component id="oc-366">
         <name>.text.BIOS_nullFunc</name>
         <load_address>0xffe</load_address>
         <run_address>0xffe</run_address>
         <size>0x2</size>
         <input_file_ref idref="fl-7"/>
      </object_component>
      <object_component id="oc-3b1">
         <name>.text.RF_fsmActiveState</name>
         <load_address>0x1000</load_address>
         <run_address>0x1000</run_address>
         <size>0x498</size>
         <input_file_ref idref="fl-3f"/>
      </object_component>
      <object_component id="oc-2d9">
         <name>.text.ti_sysbios_runtime_System_doPrint</name>
         <load_address>0x1498</load_address>
         <run_address>0x1498</run_address>
         <size>0x304</size>
         <input_file_ref idref="fl-7"/>
      </object_component>
      <object_component id="oc-50b">
         <name>.text.SPICC26X2DMA_transfer</name>
         <load_address>0x179c</load_address>
         <run_address>0x179c</run_address>
         <size>0x2c8</size>
         <input_file_ref idref="fl-3b"/>
      </object_component>
      <object_component id="oc-179">
         <name>.text.ClockP_getSystemTickPeriod</name>
         <load_address>0x1a64</load_address>
         <run_address>0x1a64</run_address>
         <size>0x4</size>
         <input_file_ref idref="fl-7"/>
      </object_component>
      <object_component id="oc-4f2">
         <name>.text._pconv_a</name>
         <load_address>0x1a68</load_address>
         <run_address>0x1a68</run_address>
         <size>0x2b8</size>
         <input_file_ref idref="fl-68"/>
      </object_component>
      <object_component id="oc-1c8">
         <name>.text.RF_open</name>
         <load_address>0x1d20</load_address>
         <run_address>0x1d20</run_address>
         <size>0x29c</size>
         <input_file_ref idref="fl-3f"/>
      </object_component>
      <object_component id="oc-3b6">
         <name>.text.ClockP_getTimeout</name>
         <load_address>0x1fbc</load_address>
         <run_address>0x1fbc</run_address>
         <size>0x4</size>
         <input_file_ref idref="fl-7"/>
      </object_component>
      <object_component id="oc-4f5">
         <name>.text._pconv_g</name>
         <load_address>0x1fc0</load_address>
         <run_address>0x1fc0</run_address>
         <size>0x238</size>
         <input_file_ref idref="fl-68"/>
      </object_component>
      <object_component id="oc-3e3">
         <name>.text.DHCP_parseDHCPResponse</name>
         <load_address>0x21f8</load_address>
         <run_address>0x21f8</run_address>
         <size>0x1f0</size>
         <input_file_ref idref="fl-c"/>
      </object_component>
      <object_component id="oc-3b0">
         <name>.text.RF_dispatchNextCmd</name>
         <load_address>0x23e8</load_address>
         <run_address>0x23e8</run_address>
         <size>0x1dc</size>
         <input_file_ref idref="fl-3f"/>
      </object_component>
      <object_component id="oc-3fb">
         <name>.text</name>
         <load_address>0x25c4</load_address>
         <run_address>0x25c4</run_address>
         <size>0x1b6</size>
         <input_file_ref idref="fl-be"/>
      </object_component>
      <object_component id="oc-53a">
         <name>.text.SPICC26X2DMA_hwiFxn</name>
         <load_address>0x277a</load_address>
         <run_address>0x277a</run_address>
         <size>0x1ae</size>
         <input_file_ref idref="fl-3b"/>
      </object_component>
      <object_component id="oc-525">
         <name>.text.fcvt</name>
         <load_address>0x2928</load_address>
         <run_address>0x2928</run_address>
         <size>0x1a0</size>
         <input_file_ref idref="fl-68"/>
      </object_component>
      <object_component id="oc-18c">
         <name>.text.PowerCC26X2_auxISR</name>
         <load_address>0x2ac8</load_address>
         <run_address>0x2ac8</run_address>
         <size>0x194</size>
         <input_file_ref idref="fl-33"/>
      </object_component>
      <object_component id="oc-50a">
         <name>.text.SPICC26X2DMA_open</name>
         <load_address>0x2c5c</load_address>
         <run_address>0x2c5c</run_address>
         <size>0x188</size>
         <input_file_ref idref="fl-3b"/>
      </object_component>
      <object_component id="oc-3b5">
         <name>.text.ClockP_isActive</name>
         <load_address>0x2de4</load_address>
         <run_address>0x2de4</run_address>
         <size>0x4</size>
         <input_file_ref idref="fl-7"/>
      </object_component>
      <object_component id="oc-4f3">
         <name>.text._pconv_e</name>
         <load_address>0x2de8</load_address>
         <run_address>0x2de8</run_address>
         <size>0x180</size>
         <input_file_ref idref="fl-68"/>
      </object_component>
      <object_component id="oc-49c">
         <name>.text.DHCP_send_DHCP_MESSAGE</name>
         <load_address>0x2f68</load_address>
         <run_address>0x2f68</run_address>
         <size>0x174</size>
         <input_file_ref idref="fl-c"/>
      </object_component>
      <object_component id="oc-559">
         <name>.text.configNextTransfer</name>
         <load_address>0x30dc</load_address>
         <run_address>0x30dc</run_address>
         <size>0x160</size>
         <input_file_ref idref="fl-3b"/>
      </object_component>
      <object_component id="oc-385">
         <name>.text.Power_sleep</name>
         <load_address>0x323c</load_address>
         <run_address>0x323c</run_address>
         <size>0x158</size>
         <input_file_ref idref="fl-32"/>
      </object_component>
      <object_component id="oc-3b7">
         <name>.text.RF_radioOpDoneCb</name>
         <load_address>0x3394</load_address>
         <run_address>0x3394</run_address>
         <size>0x148</size>
         <input_file_ref idref="fl-3f"/>
      </object_component>
      <object_component id="oc-476">
         <name>.text.ClockP_setTimeout</name>
         <load_address>0x34dc</load_address>
         <run_address>0x34dc</run_address>
         <size>0x4</size>
         <input_file_ref idref="fl-7"/>
      </object_component>
      <object_component id="oc-3cb">
         <name>.text.ti_sysbios_runtime_System_printfExtend</name>
         <load_address>0x34e0</load_address>
         <run_address>0x34e0</run_address>
         <size>0x144</size>
         <input_file_ref idref="fl-7"/>
      </object_component>
      <object_component id="oc-3f7">
         <name>.text</name>
         <load_address>0x3624</load_address>
         <run_address>0x3624</run_address>
         <size>0x136</size>
         <input_file_ref idref="fl-c0"/>
      </object_component>
      <object_component id="oc-10c">
         <name>.text.Board_initHook</name>
         <load_address>0x375a</load_address>
         <run_address>0x375a</run_address>
         <size>0x2</size>
         <input_file_ref idref="fl-6"/>
      </object_component>
      <object_component id="oc-bf">
         <name>.text.Radio_mainTask</name>
         <load_address>0x375c</load_address>
         <run_address>0x375c</run_address>
         <size>0x134</size>
         <input_file_ref idref="fl-a"/>
      </object_component>
      <object_component id="oc-190">
         <name>.text.findHposcPc</name>
         <load_address>0x3890</load_address>
         <run_address>0x3890</run_address>
         <size>0x134</size>
         <input_file_ref idref="fl-4b"/>
      </object_component>
      <object_component id="oc-3b9">
         <name>.text.RF_fsmSetupState</name>
         <load_address>0x39c4</load_address>
         <run_address>0x39c4</run_address>
         <size>0x12c</size>
         <input_file_ref idref="fl-3f"/>
      </object_component>
      <object_component id="oc-299">
         <name>.text.RF_abortCmd</name>
         <load_address>0x3af0</load_address>
         <run_address>0x3af0</run_address>
         <size>0x124</size>
         <input_file_ref idref="fl-3f"/>
      </object_component>
      <object_component id="oc-50c">
         <name>.text.SPICC26X2DMA_transferCancel</name>
         <load_address>0x3c14</load_address>
         <run_address>0x3c14</run_address>
         <size>0x122</size>
         <input_file_ref idref="fl-3b"/>
      </object_component>
      <object_component id="oc-4cc">
         <name>.text.NOROM_RFCCpePatchReset</name>
         <load_address>0x3d36</load_address>
         <run_address>0x3d36</run_address>
         <size>0x2</size>
         <input_file_ref idref="fl-40"/>
      </object_component>
      <object_component id="oc-36f">
         <name>.text.ti_sysbios_family_arm_cc26xx_Timer_construct</name>
         <load_address>0x3d38</load_address>
         <run_address>0x3d38</run_address>
         <size>0x120</size>
         <input_file_ref idref="fl-7"/>
      </object_component>
      <object_component id="oc-6c">
         <name>.text.ti_sysbios_family_arm_m3_Hwi_dispatch</name>
         <load_address>0x3e58</load_address>
         <run_address>0x3e58</run_address>
         <size>0x11c</size>
         <input_file_ref idref="fl-43"/>
      </object_component>
      <object_component id="oc-f8">
         <name>.text.Power_init</name>
         <load_address>0x3f74</load_address>
         <run_address>0x3f74</run_address>
         <size>0x118</size>
         <input_file_ref idref="fl-32"/>
      </object_component>
      <object_component id="oc-2b2">
         <name>.text.RF_decodeOverridePointers</name>
         <load_address>0x408c</load_address>
         <run_address>0x408c</run_address>
         <size>0x118</size>
         <input_file_ref idref="fl-3f"/>
      </object_component>
      <object_component id="oc-2e8">
         <name>.text.DHCP_request_DHCP_lease</name>
         <load_address>0x41a4</load_address>
         <run_address>0x41a4</run_address>
         <size>0x110</size>
         <input_file_ref idref="fl-c"/>
      </object_component>
      <object_component id="oc-278">
         <name>.text.PowerCC26X2_calibrate</name>
         <load_address>0x42b4</load_address>
         <run_address>0x42b4</run_address>
         <size>0x10c</size>
         <input_file_ref idref="fl-33"/>
      </object_component>
      <object_component id="oc-519">
         <name>.text.scalbn</name>
         <load_address>0x43c0</load_address>
         <run_address>0x43c0</run_address>
         <size>0x10c</size>
         <input_file_ref idref="fl-74"/>
      </object_component>
      <object_component id="oc-2c6">
         <name>.text.RF_fsmPowerUpState</name>
         <load_address>0x44cc</load_address>
         <run_address>0x44cc</run_address>
         <size>0x108</size>
         <input_file_ref idref="fl-3f"/>
      </object_component>
      <object_component id="oc-152">
         <name>.text.Dashboard_handleHttp</name>
         <load_address>0x45d4</load_address>
         <run_address>0x45d4</run_address>
         <size>0x104</size>
         <input_file_ref idref="fl-1"/>
      </object_component>
      <object_component id="oc-ff">
         <name>.text.GPIO_init</name>
         <load_address>0x46d8</load_address>
         <run_address>0x46d8</run_address>
         <size>0x104</size>
         <input_file_ref idref="fl-38"/>
      </object_component>
      <object_component id="oc-3b2">
         <name>.text.RF_hwiCpe0Active</name>
         <load_address>0x47dc</load_address>
         <run_address>0x47dc</run_address>
         <size>0xfc</size>
         <input_file_ref idref="fl-3f"/>
      </object_component>
      <object_component id="oc-489">
         <name>.text</name>
         <load_address>0x48d8</load_address>
         <run_address>0x48d8</run_address>
         <size>0xfc</size>
         <input_file_ref idref="fl-bf"/>
      </object_component>
      <object_component id="oc-4c5">
         <name>.text.NOROM_SysCtrlStandby</name>
         <load_address>0x49d4</load_address>
         <run_address>0x49d4</run_address>
         <size>0xf4</size>
         <input_file_ref idref="fl-49"/>
      </object_component>
      <object_component id="oc-d0">
         <name>.text.Dashboard_mainTask</name>
         <load_address>0x4ac8</load_address>
         <run_address>0x4ac8</run_address>
         <size>0xf0</size>
         <input_file_ref idref="fl-1"/>
      </object_component>
      <object_component id="oc-75">
         <name>.text.NOROM_SetupTrimDevice</name>
         <load_address>0x4bb8</load_address>
         <run_address>0x4bb8</run_address>
         <size>0xe4</size>
         <input_file_ref idref="fl-47"/>
      </object_component>
      <object_component id="oc-12b">
         <name>.text.ti_sysbios_knl_Semaphore_pend</name>
         <load_address>0x4c9c</load_address>
         <run_address>0x4c9c</run_address>
         <size>0xe4</size>
         <input_file_ref idref="fl-7"/>
      </object_component>
      <object_component id="oc-88">
         <name>.text.main</name>
         <load_address>0x4d80</load_address>
         <run_address>0x4d80</run_address>
         <size>0xdc</size>
         <input_file_ref idref="fl-8"/>
      </object_component>
      <object_component id="oc-508">
         <name>.text.SPICC26X2DMA_control</name>
         <load_address>0x4e5c</load_address>
         <run_address>0x4e5c</run_address>
         <size>0xd8</size>
         <input_file_ref idref="fl-3b"/>
      </object_component>
      <object_component id="oc-15c">
         <name>.text.ti_sysbios_family_arm_m3_Hwi_excFillContext</name>
         <load_address>0x4f34</load_address>
         <run_address>0x4f34</run_address>
         <size>0xd8</size>
         <input_file_ref idref="fl-7"/>
      </object_component>
      <object_component id="oc-25f">
         <name>.text.configureXOSCHF</name>
         <load_address>0x500c</load_address>
         <run_address>0x500c</run_address>
         <size>0xd0</size>
         <input_file_ref idref="fl-32"/>
      </object_component>
      <object_component id="oc-1d1">
         <name>.text.RF_postCmd</name>
         <load_address>0x50dc</load_address>
         <run_address>0x50dc</run_address>
         <size>0xcc</size>
         <input_file_ref idref="fl-3f"/>
      </object_component>
      <object_component id="oc-252">
         <name>.text.ti_sysbios_knl_Clock_workFuncDynamic</name>
         <load_address>0x51a8</load_address>
         <run_address>0x51a8</run_address>
         <size>0xcc</size>
         <input_file_ref idref="fl-7"/>
      </object_component>
      <object_component id="oc-46c">
         <name>.text.RF_updatePaConfiguration</name>
         <load_address>0x5274</load_address>
         <run_address>0x5274</run_address>
         <size>0xca</size>
         <input_file_ref idref="fl-3f"/>
      </object_component>
      <object_component id="oc-a6">
         <name>.text.TrimAfterColdResetWakeupFromShutDown</name>
         <load_address>0x533e</load_address>
         <run_address>0x533e</run_address>
         <size>0xc4</size>
         <input_file_ref idref="fl-47"/>
      </object_component>
      <object_component id="oc-2c7">
         <name>.text.RF_defaultCallback</name>
         <load_address>0x5402</load_address>
         <run_address>0x5402</run_address>
         <size>0x2</size>
         <input_file_ref idref="fl-3f"/>
      </object_component>
      <object_component id="oc-2bd">
         <name>.text.RF_swiHw</name>
         <load_address>0x5404</load_address>
         <run_address>0x5404</run_address>
         <size>0xbc</size>
         <input_file_ref idref="fl-3f"/>
      </object_component>
      <object_component id="oc-1e0">
         <name>.text.ti_sysbios_knl_Task_Instance_finalize</name>
         <load_address>0x54c0</load_address>
         <run_address>0x54c0</run_address>
         <size>0xb8</size>
         <input_file_ref idref="fl-7"/>
      </object_component>
      <object_component id="oc-fe">
         <name>.text.NOROM_OSC_HPOSCInitializeFrequencyOffsetParameters</name>
         <load_address>0x5578</load_address>
         <run_address>0x5578</run_address>
         <size>0xb6</size>
         <input_file_ref idref="fl-4b"/>
      </object_component>
      <object_component id="oc-456">
         <name>.text.NOROM_OSCHF_AttemptToSwitchToXosc</name>
         <load_address>0x562e</load_address>
         <run_address>0x562e</run_address>
         <size>0xb4</size>
         <input_file_ref idref="fl-4b"/>
      </object_component>
      <object_component id="oc-440">
         <name>.text.__aeabi_ldiv0</name>
         <load_address>0x56e2</load_address>
         <run_address>0x56e2</run_address>
         <size>0x2</size>
         <input_file_ref idref="fl-cf"/>
      </object_component>
      <object_component id="oc-261">
         <name>.text.PowerCC26XX_standbyPolicy</name>
         <load_address>0x56e4</load_address>
         <run_address>0x56e4</run_address>
         <size>0xb4</size>
         <input_file_ref idref="fl-7"/>
      </object_component>
      <object_component id="oc-38f">
         <name>.text.Power_releaseDependency</name>
         <load_address>0x5798</load_address>
         <run_address>0x5798</run_address>
         <size>0xb4</size>
         <input_file_ref idref="fl-32"/>
      </object_component>
      <object_component id="oc-21d">
         <name>.text.Dashboard_handleParameterChange</name>
         <load_address>0x584c</load_address>
         <run_address>0x584c</run_address>
         <size>0xb0</size>
         <input_file_ref idref="fl-1"/>
      </object_component>
      <object_component id="oc-194">
         <name>.text.Power_setDependency</name>
         <load_address>0x58fc</load_address>
         <run_address>0x58fc</run_address>
         <size>0xb0</size>
         <input_file_ref idref="fl-32"/>
      </object_component>
      <object_component id="oc-372">
         <name>.text</name>
         <load_address>0x59ac</load_address>
         <run_address>0x59ac</run_address>
         <size>0xb0</size>
         <input_file_ref idref="fl-cc"/>
      </object_component>
      <object_component id="oc-2d3">
         <name>.text.RF_pendCmd</name>
         <load_address>0x5a5c</load_address>
         <run_address>0x5a5c</run_address>
         <size>0xac</size>
         <input_file_ref idref="fl-3f"/>
      </object_component>
      <object_component id="oc-28d">
         <name>.text.temperatureHwiFxn</name>
         <load_address>0x5b08</load_address>
         <run_address>0x5b08</run_address>
         <size>0xa8</size>
         <input_file_ref idref="fl-35"/>
      </object_component>
      <object_component id="oc-466">
         <name>.text.RF_initRadioSetup</name>
         <load_address>0x5bb0</load_address>
         <run_address>0x5bb0</run_address>
         <size>0xa4</size>
         <input_file_ref idref="fl-3f"/>
      </object_component>
      <object_component id="oc-1df">
         <name>.text.ti_sysbios_knl_Task_Instance_init</name>
         <load_address>0x5c54</load_address>
         <run_address>0x5c54</run_address>
         <size>0xa4</size>
         <input_file_ref idref="fl-7"/>
      </object_component>
      <object_component id="oc-3c6">
         <name>.text.RF_calculateDispatchTime</name>
         <load_address>0x5cf8</load_address>
         <run_address>0x5cf8</run_address>
         <size>0xa0</size>
         <input_file_ref idref="fl-3f"/>
      </object_component>
      <object_component id="oc-4ca">
         <name>.text.RF_defaultSubmitPolicy</name>
         <load_address>0x5d98</load_address>
         <run_address>0x5d98</run_address>
         <size>0x98</size>
         <input_file_ref idref="fl-3f"/>
      </object_component>
      <object_component id="oc-4fd">
         <name>.text.RF_verifyGap</name>
         <load_address>0x5e30</load_address>
         <run_address>0x5e30</run_address>
         <size>0x96</size>
         <input_file_ref idref="fl-3f"/>
      </object_component>
      <object_component id="oc-365">
         <name>.text._nop</name>
         <load_address>0x5ec6</load_address>
         <run_address>0x5ec6</run_address>
         <size>0x2</size>
         <input_file_ref idref="fl-5c"/>
      </object_component>
      <object_component id="oc-1ac">
         <name>.text.RF_hposcRfCompensateFxn</name>
         <load_address>0x5ec8</load_address>
         <run_address>0x5ec8</run_address>
         <size>0x94</size>
         <input_file_ref idref="fl-3f"/>
      </object_component>
      <object_component id="oc-3af">
         <name>.text.RF_ratRestartChannels</name>
         <load_address>0x5f5c</load_address>
         <run_address>0x5f5c</run_address>
         <size>0x94</size>
         <input_file_ref idref="fl-3f"/>
      </object_component>
      <object_component id="oc-1d7">
         <name>.text.ti_sysbios_knl_Clock_startI</name>
         <load_address>0x5ff0</load_address>
         <run_address>0x5ff0</run_address>
         <size>0x94</size>
         <input_file_ref idref="fl-7"/>
      </object_component>
      <object_component id="oc-11d">
         <name>.text.ti_sysbios_knl_Task_sleep</name>
         <load_address>0x6084</load_address>
         <run_address>0x6084</run_address>
         <size>0x94</size>
         <input_file_ref idref="fl-7"/>
      </object_component>
      <object_component id="oc-1b4">
         <name>.text.GPIO_setConfig</name>
         <load_address>0x6118</load_address>
         <run_address>0x6118</run_address>
         <size>0x8c</size>
         <input_file_ref idref="fl-31"/>
      </object_component>
      <object_component id="oc-16d">
         <name>.text.ti_sysbios_knl_Clock_init</name>
         <load_address>0x61a4</load_address>
         <run_address>0x61a4</run_address>
         <size>0x8c</size>
         <input_file_ref idref="fl-7"/>
      </object_component>
      <object_component id="oc-460">
         <name>.text.RF_cmdDispatchTime</name>
         <load_address>0x6230</load_address>
         <run_address>0x6230</run_address>
         <size>0x88</size>
         <input_file_ref idref="fl-3f"/>
      </object_component>
      <object_component id="oc-39d">
         <name>.text.RF_discardPendCmd</name>
         <load_address>0x62b8</load_address>
         <run_address>0x62b8</run_address>
         <size>0x88</size>
         <input_file_ref idref="fl-3f"/>
      </object_component>
      <object_component id="oc-117">
         <name>.text.Radio_initObjects</name>
         <load_address>0x6340</load_address>
         <run_address>0x6340</run_address>
         <size>0x88</size>
         <input_file_ref idref="fl-a"/>
      </object_component>
      <object_component id="oc-4fc">
         <name>.text.NOROM_SysCtrlSetRechargeBeforePowerDown</name>
         <load_address>0x63c8</load_address>
         <run_address>0x63c8</run_address>
         <size>0x80</size>
         <input_file_ref idref="fl-49"/>
      </object_component>
      <object_component id="oc-16a">
         <name>.text.ti_sysbios_family_arm_m3_Hwi_initNVIC</name>
         <load_address>0x6448</load_address>
         <run_address>0x6448</run_address>
         <size>0x80</size>
         <input_file_ref idref="fl-7"/>
      </object_component>
      <object_component id="oc-2b0">
         <name>.text.NOROM_ChipInfo_GetChipType</name>
         <load_address>0x64c8</load_address>
         <run_address>0x64c8</run_address>
         <size>0x7e</size>
         <input_file_ref idref="fl-46"/>
      </object_component>
      <object_component id="oc-184">
         <name>.text.emptyClockFunc</name>
         <load_address>0x6546</load_address>
         <run_address>0x6546</run_address>
         <size>0x2</size>
         <input_file_ref idref="fl-32"/>
      </object_component>
      <object_component id="oc-4bf">
         <name>.text.ti_sysbios_family_arm_m3_Hwi_postInit</name>
         <load_address>0x6548</load_address>
         <run_address>0x6548</run_address>
         <size>0x7c</size>
         <input_file_ref idref="fl-7"/>
      </object_component>
      <object_component id="oc-139">
         <name>.text.Ethernet_handleRFpacket</name>
         <load_address>0x65c4</load_address>
         <run_address>0x65c4</run_address>
         <size>0x78</size>
         <input_file_ref idref="fl-2"/>
      </object_component>
      <object_component id="oc-449">
         <name>.text.NOROM_OSCHF_SwitchToRcOscTurnOffXosc</name>
         <load_address>0x663c</load_address>
         <run_address>0x663c</run_address>
         <size>0x78</size>
         <input_file_ref idref="fl-4b"/>
      </object_component>
      <object_component id="oc-ea">
         <name>.text.NOROM_OSC_CapArrayAdjustWorkaround_Boot</name>
         <load_address>0x66b4</load_address>
         <run_address>0x66b4</run_address>
         <size>0x78</size>
         <input_file_ref idref="fl-4b"/>
      </object_component>
      <object_component id="oc-3ab">
         <name>.text.RF_ratFreeChannel</name>
         <load_address>0x672c</load_address>
         <run_address>0x672c</run_address>
         <size>0x78</size>
         <input_file_ref idref="fl-3f"/>
      </object_component>
      <object_component id="oc-503">
         <name>.text.SPICC26X2DMA_close</name>
         <load_address>0x67a4</load_address>
         <run_address>0x67a4</run_address>
         <size>0x78</size>
         <input_file_ref idref="fl-3b"/>
      </object_component>
      <object_component id="oc-3bb">
         <name>.text.configureMultiProtocolPatch</name>
         <load_address>0x681c</load_address>
         <run_address>0x681c</run_address>
         <size>0x78</size>
         <input_file_ref idref="fl-41"/>
      </object_component>
      <object_component id="oc-2da">
         <name>.text.ti_sysbios_knl_Task_postInit</name>
         <load_address>0x6894</load_address>
         <run_address>0x6894</run_address>
         <size>0x78</size>
         <input_file_ref idref="fl-7"/>
      </object_component>
      <object_component id="oc-26b">
         <name>.text.PowerCC26X2_updateSubSecInc</name>
         <load_address>0x690c</load_address>
         <run_address>0x690c</run_address>
         <size>0x74</size>
         <input_file_ref idref="fl-39"/>
      </object_component>
      <object_component id="oc-2bf">
         <name>.text.RF_hwiHw</name>
         <load_address>0x6980</load_address>
         <run_address>0x6980</run_address>
         <size>0x74</size>
         <input_file_ref idref="fl-3f"/>
      </object_component>
      <object_component id="oc-1a3">
         <name>.text.Temperature_init</name>
         <load_address>0x69f4</load_address>
         <run_address>0x69f4</run_address>
         <size>0x74</size>
         <input_file_ref idref="fl-35"/>
      </object_component>
      <object_component id="oc-de">
         <name>.text.ti_sysbios_knl_Swi_restoreHwi</name>
         <load_address>0x6a68</load_address>
         <run_address>0x6a68</run_address>
         <size>0x74</size>
         <input_file_ref idref="fl-7"/>
      </object_component>
      <object_component id="oc-448">
         <name>.text.ti_sysbios_family_arm_m3_Hwi_Instance_init</name>
         <load_address>0x6adc</load_address>
         <run_address>0x6adc</run_address>
         <size>0x70</size>
         <input_file_ref idref="fl-7"/>
      </object_component>
      <object_component id="oc-23c">
         <name>.text.ti_sysbios_knl_Task_startup</name>
         <load_address>0x6b4c</load_address>
         <run_address>0x6b4c</run_address>
         <size>0x70</size>
         <input_file_ref idref="fl-7"/>
      </object_component>
      <object_component id="oc-3ca">
         <name>.text.ti_sysbios_runtime_System_formatNum</name>
         <load_address>0x6bbc</load_address>
         <run_address>0x6bbc</run_address>
         <size>0x70</size>
         <input_file_ref idref="fl-7"/>
      </object_component>
      <object_component id="oc-4d9">
         <name>.text.__gedf2</name>
         <load_address>0x6c2c</load_address>
         <run_address>0x6c2c</run_address>
         <size>0x6e</size>
         <input_file_ref idref="fl-cd"/>
      </object_component>
      <object_component id="oc-91">
         <name>.text.ti_sysbios_runtime_System_exitSpin</name>
         <load_address>0x6c9a</load_address>
         <run_address>0x6c9a</run_address>
         <size>0x2</size>
         <input_file_ref idref="fl-7"/>
      </object_component>
      <object_component id="oc-4d3">
         <name>.text.__ledf2</name>
         <load_address>0x6c9c</load_address>
         <run_address>0x6c9c</run_address>
         <size>0x6e</size>
         <input_file_ref idref="fl-cd"/>
      </object_component>
      <object_component id="oc-20f">
         <name>.text.EthernetServer_accept</name>
         <load_address>0x6d0c</load_address>
         <run_address>0x6d0c</run_address>
         <size>0x6c</size>
         <input_file_ref idref="fl-11"/>
      </object_component>
      <object_component id="oc-12c">
         <name>.text.Ethernet_begin_mac</name>
         <load_address>0x6d78</load_address>
         <run_address>0x6d78</run_address>
         <size>0x6c</size>
         <input_file_ref idref="fl-e"/>
      </object_component>
      <object_component id="oc-c8">
         <name>.text.Ethernet_mainTask</name>
         <load_address>0x6de4</load_address>
         <run_address>0x6de4</run_address>
         <size>0x6c</size>
         <input_file_ref idref="fl-2"/>
      </object_component>
      <object_component id="oc-3ba">
         <name>.text.RF_issueRadioFreeCb</name>
         <load_address>0x6e50</load_address>
         <run_address>0x6e50</run_address>
         <size>0x6c</size>
         <input_file_ref idref="fl-3f"/>
      </object_component>
      <object_component id="oc-524">
         <name>.text._mcpy</name>
         <load_address>0x6ebc</load_address>
         <run_address>0x6ebc</run_address>
         <size>0x6c</size>
         <input_file_ref idref="fl-68"/>
      </object_component>
      <object_component id="oc-4b5">
         <name>.text.send</name>
         <load_address>0x6f28</load_address>
         <run_address>0x6f28</run_address>
         <size>0x6c</size>
         <input_file_ref idref="fl-19"/>
      </object_component>
      <object_component id="oc-94">
         <name>.text.ti_sysbios_family_arm_m3_Hwi_dispatchC</name>
         <load_address>0x6f94</load_address>
         <run_address>0x6f94</run_address>
         <size>0x6c</size>
         <input_file_ref idref="fl-7"/>
      </object_component>
      <object_component id="oc-3f2">
         <name>.text.ti_sysbios_hal_Seconds_getTime</name>
         <load_address>0x7000</load_address>
         <run_address>0x7000</run_address>
         <size>0x6c</size>
         <input_file_ref idref="fl-7"/>
      </object_component>
      <object_component id="oc-2c">
         <name>.text:decompress:lzss</name>
         <load_address>0x706c</load_address>
         <run_address>0x706c</run_address>
         <size>0x6a</size>
         <input_file_ref idref="fl-67"/>
      </object_component>
      <object_component id="oc-4cd">
         <name>.text.RF_detachOverrides</name>
         <load_address>0x70d6</load_address>
         <run_address>0x70d6</run_address>
         <size>0x68</size>
         <input_file_ref idref="fl-3f"/>
      </object_component>
      <object_component id="oc-515">
         <name>.text.frexp</name>
         <load_address>0x7140</load_address>
         <run_address>0x7140</run_address>
         <size>0x68</size>
         <input_file_ref idref="fl-73"/>
      </object_component>
      <object_component id="oc-161">
         <name>.text.ti_sysbios_knl_Swi_run</name>
         <load_address>0x71a8</load_address>
         <run_address>0x71a8</run_address>
         <size>0x68</size>
         <input_file_ref idref="fl-7"/>
      </object_component>
      <object_component id="oc-388">
         <name>.text.PowerCC26X2_initiateCalibration</name>
         <load_address>0x7210</load_address>
         <run_address>0x7210</run_address>
         <size>0x64</size>
         <input_file_ref idref="fl-33"/>
      </object_component>
      <object_component id="oc-4ce">
         <name>.text.RF_attachOverrides</name>
         <load_address>0x7274</load_address>
         <run_address>0x7274</run_address>
         <size>0x64</size>
         <input_file_ref idref="fl-3f"/>
      </object_component>
      <object_component id="oc-2d6">
         <name>.text.RF_dispatchNextEvent</name>
         <load_address>0x72d8</load_address>
         <run_address>0x72d8</run_address>
         <size>0x64</size>
         <input_file_ref idref="fl-3f"/>
      </object_component>
      <object_component id="oc-2be">
         <name>.text.RF_hwiCpe0PowerFsm</name>
         <load_address>0x733c</load_address>
         <run_address>0x733c</run_address>
         <size>0x64</size>
         <input_file_ref idref="fl-3f"/>
      </object_component>
      <object_component id="oc-1c0">
         <name>.text.RadioQueue_create</name>
         <load_address>0x73a0</load_address>
         <run_address>0x73a0</run_address>
         <size>0x64</size>
         <input_file_ref idref="fl-9"/>
      </object_component>
      <object_component id="oc-537">
         <name>.text.UDMACC26XX_open</name>
         <load_address>0x7404</load_address>
         <run_address>0x7404</run_address>
         <size>0x64</size>
         <input_file_ref idref="fl-3e"/>
      </object_component>
      <object_component id="oc-18b">
         <name>.text.oscillatorISR</name>
         <load_address>0x7468</load_address>
         <run_address>0x7468</run_address>
         <size>0x64</size>
         <input_file_ref idref="fl-32"/>
      </object_component>
      <object_component id="oc-170">
         <name>.text.ti_sysbios_knl_Idle_init</name>
         <load_address>0x74cc</load_address>
         <run_address>0x74cc</run_address>
         <size>0x64</size>
         <input_file_ref idref="fl-7"/>
      </object_component>
      <object_component id="oc-48d">
         <name>.text.ti_sysbios_knl_TaskSupport_buildTaskStack</name>
         <load_address>0x7530</load_address>
         <run_address>0x7530</run_address>
         <size>0x64</size>
         <input_file_ref idref="fl-7"/>
      </object_component>
      <object_component id="oc-3c3">
         <name>.text.RF_syncCb</name>
         <load_address>0x7594</load_address>
         <run_address>0x7594</run_address>
         <size>0x62</size>
         <input_file_ref idref="fl-3f"/>
      </object_component>
      <object_component id="oc-47d">
         <name>.text</name>
         <load_address>0x75f8</load_address>
         <run_address>0x75f8</run_address>
         <size>0x62</size>
         <input_file_ref idref="fl-c7"/>
      </object_component>
      <object_component id="oc-118">
         <name>.text.Radio_openRF</name>
         <load_address>0x765c</load_address>
         <run_address>0x765c</run_address>
         <size>0x60</size>
         <input_file_ref idref="fl-a"/>
      </object_component>
      <object_component id="oc-539">
         <name>.text.csnCallback</name>
         <load_address>0x76bc</load_address>
         <run_address>0x76bc</run_address>
         <size>0x60</size>
         <input_file_ref idref="fl-3b"/>
      </object_component>
      <object_component id="oc-43a">
         <name>.text.ti_sysbios_heaps_HeapMem_allocUnprotected</name>
         <load_address>0x771c</load_address>
         <run_address>0x771c</run_address>
         <size>0x60</size>
         <input_file_ref idref="fl-7"/>
      </object_component>
      <object_component id="oc-377">
         <name>.text.ti_sysbios_knl_Clock_walkQueueDynamic</name>
         <load_address>0x777c</load_address>
         <run_address>0x777c</run_address>
         <size>0x60</size>
         <input_file_ref idref="fl-7"/>
      </object_component>
      <object_component id="oc-11b">
         <name>.text.ti_sysbios_knl_Semaphore_post</name>
         <load_address>0x77dc</load_address>
         <run_address>0x77dc</run_address>
         <size>0x60</size>
         <input_file_ref idref="fl-7"/>
      </object_component>
      <object_component id="oc-432">
         <name>.text.ti_sysbios_knl_Swi_schedule</name>
         <load_address>0x783c</load_address>
         <run_address>0x783c</run_address>
         <size>0x60</size>
         <input_file_ref idref="fl-7"/>
      </object_component>
      <object_component id="oc-3a8">
         <name>.text.NOROM_RFCAnaDivTxOverride</name>
         <load_address>0x789c</load_address>
         <run_address>0x789c</run_address>
         <size>0x5e</size>
         <input_file_ref idref="fl-40"/>
      </object_component>
      <object_component id="oc-148">
         <name>.text.EthernetServer_available</name>
         <load_address>0x78fc</load_address>
         <run_address>0x78fc</run_address>
         <size>0x5c</size>
         <input_file_ref idref="fl-11"/>
      </object_component>
      <object_component id="oc-322">
         <name>.text.Radio_setRXChannel</name>
         <load_address>0x7958</load_address>
         <run_address>0x7958</run_address>
         <size>0x5c</size>
         <input_file_ref idref="fl-a"/>
      </object_component>
      <object_component id="oc-390">
         <name>.text.__divmoddi4</name>
         <load_address>0x79b4</load_address>
         <run_address>0x79b4</run_address>
         <size>0x5c</size>
         <input_file_ref idref="fl-ce"/>
      </object_component>
      <object_component id="oc-465">
         <name>.text.RF_applyRfCorePatch</name>
         <load_address>0x7a10</load_address>
         <run_address>0x7a10</run_address>
         <size>0x58</size>
         <input_file_ref idref="fl-3f"/>
      </object_component>
      <object_component id="oc-214">
         <name>.text.recv</name>
         <load_address>0x7a68</load_address>
         <run_address>0x7a68</run_address>
         <size>0x58</size>
         <input_file_ref idref="fl-19"/>
      </object_component>
      <object_component id="oc-433">
         <name>.text.ti_sysbios_family_arm_m3_Hwi_initStacks</name>
         <load_address>0x7ac0</load_address>
         <run_address>0x7ac0</run_address>
         <size>0x58</size>
         <input_file_ref idref="fl-44"/>
      </object_component>
      <object_component id="oc-51d">
         <name>.text.__TI_ltoa</name>
         <load_address>0x7b18</load_address>
         <run_address>0x7b18</run_address>
         <size>0x56</size>
         <input_file_ref idref="fl-6f"/>
      </object_component>
      <object_component id="oc-232">
         <name>.text.EthernetClient_stop</name>
         <load_address>0x7b70</load_address>
         <run_address>0x7b70</run_address>
         <size>0x54</size>
         <input_file_ref idref="fl-10"/>
      </object_component>
      <object_component id="oc-234">
         <name>.text.HOSTwrite</name>
         <load_address>0x7bc4</load_address>
         <run_address>0x7bc4</run_address>
         <size>0x54</size>
         <input_file_ref idref="fl-b1"/>
      </object_component>
      <object_component id="oc-474">
         <name>.text.RF_fsmXOSCState</name>
         <load_address>0x7c18</load_address>
         <run_address>0x7c18</run_address>
         <size>0x54</size>
         <input_file_ref idref="fl-3f"/>
      </object_component>
      <object_component id="oc-4d1">
         <name>.text.RF_getCurrentTime</name>
         <load_address>0x7c6c</load_address>
         <run_address>0x7c6c</run_address>
         <size>0x54</size>
         <input_file_ref idref="fl-3f"/>
      </object_component>
      <object_component id="oc-4f4">
         <name>.text._pconv_f</name>
         <load_address>0x7cc0</load_address>
         <run_address>0x7cc0</run_address>
         <size>0x54</size>
         <input_file_ref idref="fl-68"/>
      </object_component>
      <object_component id="oc-f4">
         <name>.text.ti_sysbios_runtime_Startup_exec</name>
         <load_address>0x7d14</load_address>
         <run_address>0x7d14</run_address>
         <size>0x54</size>
         <input_file_ref idref="fl-7"/>
      </object_component>
      <object_component id="oc-e7">
         <name>.text.NOROM_ChipInfo_GetHwRevision</name>
         <load_address>0x7d68</load_address>
         <run_address>0x7d68</run_address>
         <size>0x52</size>
         <input_file_ref idref="fl-46"/>
      </object_component>
      <object_component id="oc-10b">
         <name>.text.Board_shutDownExtFlash</name>
         <load_address>0x7dbc</load_address>
         <run_address>0x7dbc</run_address>
         <size>0x50</size>
         <input_file_ref idref="fl-6"/>
      </object_component>
      <object_component id="oc-316">
         <name>.text.Ethernet_setTargetIp</name>
         <load_address>0x7e0c</load_address>
         <run_address>0x7e0c</run_address>
         <size>0x50</size>
         <input_file_ref idref="fl-2"/>
      </object_component>
      <object_component id="oc-105">
         <name>.text.RF_enableHPOSCTemperatureCompensation</name>
         <load_address>0x7e5c</load_address>
         <run_address>0x7e5c</run_address>
         <size>0x50</size>
         <input_file_ref idref="fl-3f"/>
      </object_component>
      <object_component id="oc-2c4">
         <name>.text.RF_wakeupNotification</name>
         <load_address>0x7eac</load_address>
         <run_address>0x7eac</run_address>
         <size>0x50</size>
         <input_file_ref idref="fl-3f"/>
      </object_component>
      <object_component id="oc-43f">
         <name>.text.ti_sysbios_knl_Swi_post</name>
         <load_address>0x7efc</load_address>
         <run_address>0x7efc</run_address>
         <size>0x50</size>
         <input_file_ref idref="fl-7"/>
      </object_component>
      <object_component id="oc-4b7">
         <name>.text.ti_sysbios_knl_Swi_runLoop</name>
         <load_address>0x7f4c</load_address>
         <run_address>0x7f4c</run_address>
         <size>0x50</size>
         <input_file_ref idref="fl-7"/>
      </object_component>
      <object_component id="oc-1b3">
         <name>.text.Board_sendExtFlashByte</name>
         <load_address>0x7f9c</load_address>
         <run_address>0x7f9c</run_address>
         <size>0x4e</size>
         <input_file_ref idref="fl-6"/>
      </object_component>
      <object_component id="oc-522">
         <name>.text._ecpy</name>
         <load_address>0x7fea</load_address>
         <run_address>0x7fea</run_address>
         <size>0x4e</size>
         <input_file_ref idref="fl-68"/>
      </object_component>
      <object_component id="oc-439">
         <name>.text.ti_sysbios_heaps_HeapMem_freeUnprotected</name>
         <load_address>0x8038</load_address>
         <run_address>0x8038</run_address>
         <size>0x4e</size>
         <input_file_ref idref="fl-7"/>
      </object_component>
      <object_component id="oc-15d">
         <name>.text.BIOS_startFunc</name>
         <load_address>0x8088</load_address>
         <run_address>0x8088</run_address>
         <size>0x4c</size>
         <input_file_ref idref="fl-7"/>
      </object_component>
      <object_component id="oc-298">
         <name>.text.NOROM_OSC_HPOSCRelativeFrequencyOffsetGet</name>
         <load_address>0x80d4</load_address>
         <run_address>0x80d4</run_address>
         <size>0x4c</size>
         <input_file_ref idref="fl-4b"/>
      </object_component>
      <object_component id="oc-11a">
         <name>.text.Radio_beginRX</name>
         <load_address>0x8120</load_address>
         <run_address>0x8120</run_address>
         <size>0x4c</size>
         <input_file_ref idref="fl-a"/>
      </object_component>
      <object_component id="oc-2e2">
         <name>.text.SPI_begin</name>
         <load_address>0x816c</load_address>
         <run_address>0x816c</run_address>
         <size>0x4c</size>
         <input_file_ref idref="fl-16"/>
      </object_component>
      <object_component id="oc-534">
         <name>.text.initHw</name>
         <load_address>0x81b8</load_address>
         <run_address>0x81b8</run_address>
         <size>0x4c</size>
         <input_file_ref idref="fl-3b"/>
      </object_component>
      <object_component id="oc-1fc">
         <name>.text.socket</name>
         <load_address>0x8204</load_address>
         <run_address>0x8204</run_address>
         <size>0x4c</size>
         <input_file_ref idref="fl-19"/>
      </object_component>
      <object_component id="oc-264">
         <name>.text.switchXOSCHF</name>
         <load_address>0x8250</load_address>
         <run_address>0x8250</run_address>
         <size>0x4c</size>
         <input_file_ref idref="fl-32"/>
      </object_component>
      <object_component id="oc-24b">
         <name>.text.ti_sysbios_knl_Swi_Instance_init</name>
         <load_address>0x829c</load_address>
         <run_address>0x829c</run_address>
         <size>0x4c</size>
         <input_file_ref idref="fl-7"/>
      </object_component>
      <object_component id="oc-40f">
         <name>.text.IPAddress_fromString</name>
         <load_address>0x82e8</load_address>
         <run_address>0x82e8</run_address>
         <size>0x4a</size>
         <input_file_ref idref="fl-14"/>
      </object_component>
      <object_component id="oc-16c">
         <name>.text.BIOS_init</name>
         <load_address>0x8334</load_address>
         <run_address>0x8334</run_address>
         <size>0x48</size>
         <input_file_ref idref="fl-7"/>
      </object_component>
      <object_component id="oc-137">
         <name>.text.EthernetUDP_begin</name>
         <load_address>0x837c</load_address>
         <run_address>0x837c</run_address>
         <size>0x48</size>
         <input_file_ref idref="fl-12"/>
      </object_component>
      <object_component id="oc-f0">
         <name>.text.NOROM_AUXSYSIFOpModeChange</name>
         <load_address>0x83c4</load_address>
         <run_address>0x83c4</run_address>
         <size>0x48</size>
         <input_file_ref idref="fl-48"/>
      </object_component>
      <object_component id="oc-468">
         <name>.text.NOROM_RFCSynthPowerDown</name>
         <load_address>0x840c</load_address>
         <run_address>0x840c</run_address>
         <size>0x48</size>
         <input_file_ref idref="fl-40"/>
      </object_component>
      <object_component id="oc-473">
         <name>.text.PowerCC26XX_switchXOSC_HF</name>
         <load_address>0x8454</load_address>
         <run_address>0x8454</run_address>
         <size>0x48</size>
         <input_file_ref idref="fl-32"/>
      </object_component>
      <object_component id="oc-11c">
         <name>.text.Radio_getStats</name>
         <load_address>0x849c</load_address>
         <run_address>0x849c</run_address>
         <size>0x48</size>
         <input_file_ref idref="fl-a"/>
      </object_component>
      <object_component id="oc-1aa">
         <name>.text.Temperature_registerNotifyRange</name>
         <load_address>0x84e4</load_address>
         <run_address>0x84e4</run_address>
         <size>0x48</size>
         <input_file_ref idref="fl-35"/>
      </object_component>
      <object_component id="oc-31e">
         <name>.text.atoi</name>
         <load_address>0x852c</load_address>
         <run_address>0x852c</run_address>
         <size>0x48</size>
         <input_file_ref idref="fl-5f"/>
      </object_component>
      <object_component id="oc-37c">
         <name>.text.ClockP_start</name>
         <load_address>0x8574</load_address>
         <run_address>0x8574</run_address>
         <size>0x4</size>
         <input_file_ref idref="fl-7"/>
      </object_component>
      <object_component id="oc-300">
         <name>.text.millis</name>
         <load_address>0x8578</load_address>
         <run_address>0x8578</run_address>
         <size>0x48</size>
         <input_file_ref idref="fl-b"/>
      </object_component>
      <object_component id="oc-43c">
         <name>.text.ti_sysbios_family_arm_cc26xx_Timer_start</name>
         <load_address>0x85c0</load_address>
         <run_address>0x85c0</run_address>
         <size>0x48</size>
         <input_file_ref idref="fl-7"/>
      </object_component>
      <object_component id="oc-369">
         <name>.text.ti_sysbios_heaps_HeapMem_Instance_init</name>
         <load_address>0x8608</load_address>
         <run_address>0x8608</run_address>
         <size>0x48</size>
         <input_file_ref idref="fl-7"/>
      </object_component>
      <object_component id="oc-36e">
         <name>.text.ti_sysbios_heaps_HeapMem_alloc</name>
[...]
         <value>0xa741</value>
         <object_component_ref idref="oc-29f"/>
      </symbol>
      <symbol id="sm-952">
         <name>NOROM_RFCAnaDivTxOverride</name>
         <value>0x789d</value>
         <object_component_ref idref="oc-3a8"/>
      </symbol>
      <symbol id="sm-953">
         <name>NOROM_RFCOverrideUpdate</name>
         <value>0xb61b</value>
         <object_component_ref idref="oc-2b1"/>
      </symbol>
      <symbol id="sm-954">
         <name>NOROM_RFCHwIntGetAndClear</name>
         <value>0xb155</value>
         <object_component_ref idref="oc-3b3"/>
      </symbol>
      <symbol id="sm-966">
         <name>rf_patch_cpe_multi_protocol</name>
         <value>0x9421</value>
         <object_component_ref idref="oc-2c9"/>
      </symbol>
      <symbol id="sm-96f">
         <name>ti_sysbios_knl_TaskSupport_swap</name>
         <value>0xa1a9</value>
         <object_component_ref idref="oc-242"/>
      </symbol>
      <symbol id="sm-970">
         <name>ti_sysbios_knl_TaskSupport_glue</name>
         <value>0xadf1</value>
         <object_component_ref idref="oc-4de"/>
      </symbol>
      <symbol id="sm-971">
         <name>ti_sysbios_knl_TaskSupport_swapReturn</name>
         <value>0xa1b4</value>
         <object_component_ref idref="oc-242"/>
      </symbol>
      <symbol id="sm-986">
         <name>ti_sysbios_family_arm_m3_Hwi_dispatch</name>
         <value>0x3e59</value>
         <object_component_ref idref="oc-6c"/>
      </symbol>
      <symbol id="sm-987">
         <name>ti_sysbios_family_arm_m3_Hwi_pendSV</name>
         <value>0x3f35</value>
         <object_component_ref idref="oc-6c"/>
      </symbol>
      <symbol id="sm-988">
         <name>ti_sysbios_family_arm_m3_Hwi_excHandlerAsm</name>
         <value>0xa109</value>
         <object_component_ref idref="oc-67"/>
      </symbol>
      <symbol id="sm-989">
         <name>ti_sysbios_family_arm_m3_Hwi_return</name>
         <value>0x3f58</value>
         <object_component_ref idref="oc-6c"/>
      </symbol>
      <symbol id="sm-98a">
         <name>ti_sysbios_family_arm_m3_Hwi_interruptsAreDisabledButShouldNotBe</name>
         <value>0x3f30</value>
         <object_component_ref idref="oc-6c"/>
      </symbol>
      <symbol id="sm-997">
         <name>ti_sysbios_family_arm_m3_Hwi_switchAndRunFunc</name>
         <value>0xa93d</value>
         <object_component_ref idref="oc-4b6"/>
      </symbol>
      <symbol id="sm-998">
         <name>ti_sysbios_family_arm_m3_Hwi_initStacks</name>
         <value>0x7ac1</value>
         <object_component_ref idref="oc-433"/>
      </symbol>
      <symbol id="sm-99d">
         <name>_c_int00</name>
         <value>0x9919</value>
         <object_component_ref idref="oc-35"/>
      </symbol>
      <symbol id="sm-99e">
         <name>__stack</name>
         <value>0x20013a00</value>
         <object_component_ref idref="oc-42"/>
      </symbol>
      <symbol id="sm-9ac">
         <name>NOROM_ChipInfo_GetChipType</name>
         <value>0x64c9</value>
         <object_component_ref idref="oc-2b0"/>
      </symbol>
      <symbol id="sm-9ad">
         <name>NOROM_ChipInfo_GetHwRevision</name>
         <value>0x7d69</value>
         <object_component_ref idref="oc-e7"/>
      </symbol>
      <symbol id="sm-9ae">
         <name>NOROM_ThisLibraryIsFor_CC13x2_CC26x2_HwRev20AndLater_HaltIfViolated</name>
         <value>0x9c21</value>
         <object_component_ref idref="oc-a0"/>
      </symbol>
      <symbol id="sm-9bb">
         <name>NOROM_SetupTrimDevice</name>
         <value>0x4bb9</value>
         <object_component_ref idref="oc-75"/>
      </symbol>
      <symbol id="sm-9c7">
         <name>NOROM_AUXSYSIFOpModeChange</name>
         <value>0x83c5</value>
         <object_component_ref idref="oc-f0"/>
      </symbol>
      <symbol id="sm-9d5">
         <name>NOROM_SysCtrlIdle</name>
         <value>0x8ff5</value>
         <object_component_ref idref="oc-44f"/>
      </symbol>
      <symbol id="sm-9d6">
         <name>NOROM_SysCtrlStandby</name>
         <value>0x49d5</value>
         <object_component_ref idref="oc-4c5"/>
      </symbol>
      <symbol id="sm-9d7">
         <name>NOROM_SysCtrlSetRechargeBeforePowerDown</name>
         <value>0x63c9</value>
         <object_component_ref idref="oc-4fc"/>
      </symbol>
      <symbol id="sm-9e5">
         <name>NOROM_CPUcpsid</name>
         <value>0xb31d</value>
         <object_component_ref idref="oc-380"/>
      </symbol>
      <symbol id="sm-9e6">
         <name>NOROM_CPUcpsie</name>
         <value>0xb329</value>
         <object_component_ref idref="oc-387"/>
      </symbol>
      <symbol id="sm-9e7">
         <name>NOROM_CPUdelay</name>
         <value>0xb521</value>
         <object_component_ref idref="oc-2a5"/>
      </symbol>
      <symbol id="sm-a0a">
         <name>NOROM_OSCHF_TurnOnXosc</name>
         <value>0x9f97</value>
         <object_component_ref idref="oc-389"/>
      </symbol>
      <symbol id="sm-a0b">
         <name>NOROM_OSCHF_AttemptToSwitchToXosc</name>
         <value>0x562f</value>
         <object_component_ref idref="oc-456"/>
      </symbol>
      <symbol id="sm-a0c">
         <name>NOROM_OSCHF_SwitchToRcOscTurnOffXosc</name>
         <value>0x663d</value>
         <object_component_ref idref="oc-449"/>
      </symbol>
      <symbol id="sm-a0d">
         <name>NOROM_OSC_CapArrayAdjustWorkaround_Boot</name>
         <value>0x66b5</value>
         <object_component_ref idref="oc-ea"/>
      </symbol>
      <symbol id="sm-a0e">
         <name>NOROM_OSC_HPOSCInitializeFrequencyOffsetParameters</name>
         <value>0x5579</value>
         <object_component_ref idref="oc-fe"/>
      </symbol>
      <symbol id="sm-a0f">
         <name>_hposcCoeffs</name>
         <value>0x20000740</value>
         <object_component_ref idref="oc-27d"/>
      </symbol>
      <symbol id="sm-a10">
         <name>NOROM_OSC_HPOSCRelativeFrequencyOffsetGet</name>
         <value>0x80d5</value>
         <object_component_ref idref="oc-298"/>
      </symbol>
      <symbol id="sm-a1c">
         <name>NOROM_PRCMPowerDomainsAllOff</name>
         <value>0x88c1</value>
         <object_component_ref idref="oc-457"/>
      </symbol>
      <symbol id="sm-a1d">
         <name>NOROM_PRCMPowerDomainsAllOn</name>
         <value>0x8905</value>
         <object_component_ref idref="oc-27e"/>
      </symbol>
      <symbol id="sm-a2e">
         <name>snprintf</name>
         <value>0x8a9d</value>
         <object_component_ref idref="oc-336"/>
      </symbol>
      <symbol id="sm-a3f">
         <name>sprintf</name>
         <value>0x9459</value>
         <object_component_ref idref="oc-328"/>
      </symbol>
      <symbol id="sm-a4a">
         <name>__aeabi_errno_addr</name>
         <value>0xb561</value>
         <object_component_ref idref="oc-4af"/>
      </symbol>
      <symbol id="sm-a4b">
         <name>__aeabi_errno</name>
         <value>0x200007ac</value>
         <object_component_ref idref="oc-4f6"/>
      </symbol>
      <symbol id="sm-a5b">
         <name>_nop</name>
         <value>0x5ec7</value>
         <object_component_ref idref="oc-365"/>
      </symbol>
      <symbol id="sm-a5c">
         <name>_register_lock</name>
         <value>0xb40d</value>
         <object_component_ref idref="oc-35c"/>
      </symbol>
      <symbol id="sm-a5d">
         <name>_lock</name>
         <value>0x200007b0</value>
         <object_component_ref idref="oc-353"/>
      </symbol>
      <symbol id="sm-a5e">
         <name>_register_unlock</name>
         <value>0xb419</value>
         <object_component_ref idref="oc-360"/>
      </symbol>
      <symbol id="sm-a5f">
         <name>_unlock</name>
         <value>0x200007b4</value>
         <object_component_ref idref="oc-357"/>
      </symbol>
      <symbol id="sm-a69">
         <name>_args_main</name>
         <value>0xafb1</value>
         <object_component_ref idref="oc-5d"/>
      </symbol>
      <symbol id="sm-a74">
         <name>atoi</name>
         <value>0x852d</value>
         <object_component_ref idref="oc-31e"/>
      </symbol>
      <symbol id="sm-a7e">
         <name>strstr</name>
         <value>0x9b31</value>
         <object_component_ref idref="oc-215"/>
      </symbol>
      <symbol id="sm-a8a">
         <name>strtok</name>
         <value>0x8e7d</value>
         <object_component_ref idref="oc-219"/>
      </symbol>
      <symbol id="sm-a95">
         <name>__TI_auto_init_nobinit_nopinit</name>
         <value>0x94c9</value>
         <object_component_ref idref="oc-7b"/>
      </symbol>
      <symbol id="sm-aa0">
         <name>__TI_zero_init</name>
         <value>0xb215</value>
         <object_component_ref idref="oc-5a"/>
      </symbol>
      <symbol id="sm-aa9">
         <name>__TI_decompress_none</name>
         <value>0xb2a3</value>
         <object_component_ref idref="oc-30"/>
      </symbol>
      <symbol id="sm-ab3">
         <name>__TI_decompress_lzss</name>
         <value>0x706d</value>
         <object_component_ref idref="oc-2c"/>
      </symbol>
      <symbol id="sm-af3">
         <name>__TI_printfi</name>
         <value>0x41</value>
         <object_component_ref idref="oc-4ae"/>
      </symbol>
      <symbol id="sm-b00">
         <name>wcslen</name>
         <value>0xb205</value>
         <object_component_ref idref="oc-4ee"/>
      </symbol>
      <symbol id="sm-b01">
         <name>__aeabi_ctype_table_</name>
         <value>0xd740</value>
         <object_component_ref idref="oc-410"/>
      </symbol>
      <symbol id="sm-b02">
         <name>__aeabi_ctype_table_C</name>
         <value>0xd740</value>
         <object_component_ref idref="oc-410"/>
      </symbol>
      <symbol id="sm-b0b">
         <name>__TI_ltoa</name>
         <value>0x7b19</value>
         <object_component_ref idref="oc-51d"/>
      </symbol>
      <symbol id="sm-b14">
         <name>memccpy</name>
         <value>0xa91f</value>
         <object_component_ref idref="oc-4e7"/>
      </symbol>
      <symbol id="sm-b1d">
         <name>strcspn</name>
         <value>0xa861</value>
         <object_component_ref idref="oc-30d"/>
      </symbol>
      <symbol id="sm-b27">
         <name>strspn</name>
         <value>0xa65d</value>
         <object_component_ref idref="oc-309"/>
      </symbol>
      <symbol id="sm-b31">
         <name>frexp</name>
         <value>0x7141</value>
         <object_component_ref idref="oc-515"/>
      </symbol>
      <symbol id="sm-b32">
         <name>frexpl</name>
         <value>0x7141</value>
         <object_component_ref idref="oc-515"/>
      </symbol>
      <symbol id="sm-b3c">
         <name>scalbn</name>
         <value>0x43c1</value>
         <object_component_ref idref="oc-519"/>
      </symbol>
      <symbol id="sm-b3d">
         <name>ldexp</name>
         <value>0x43c1</value>
         <object_component_ref idref="oc-519"/>
      </symbol>
      <symbol id="sm-b3e">
         <name>scalbnl</name>
         <value>0x43c1</value>
         <object_component_ref idref="oc-519"/>
      </symbol>
      <symbol id="sm-b3f">
         <name>ldexpl</name>
         <value>0x43c1</value>
         <object_component_ref idref="oc-519"/>
      </symbol>
      <symbol id="sm-b4d">
         <name>HOSTwrite</name>
         <value>0x7bc5</value>
         <object_component_ref idref="oc-234"/>
      </symbol>
      <symbol id="sm-b5c">
         <name>C$$IO$$</name>
         <value>0x973b</value>
         <object_component_ref idref="oc-34c"/>
      </symbol>
      <symbol id="sm-b5d">
         <name>__TI_writemsg</name>
         <value>0x9711</value>
         <object_component_ref idref="oc-34c"/>
      </symbol>
      <symbol id="sm-b5e">
         <name>__CIOBUF_</name>
         <value>0x20008350</value>
         <object_component_ref idref="oc-427"/>
      </symbol>
      <symbol id="sm-b5f">
         <name>__TI_readmsg</name>
         <value>0x9aa1</value>
         <object_component_ref idref="oc-352"/>
      </symbol>
      <symbol id="sm-b60">
         <name>_CIOBUF_</name>
         <value>0x20008350</value>
         <object_component_ref idref="oc-427"/>
      </symbol>
      <symbol id="sm-b6c">
         <name>parmbuf</name>
         <value>0x20008cd0</value>
      </symbol>
      <symbol id="sm-b75">
         <name>__aeabi_dadd</name>
         <value>0x25cf</value>
         <object_component_ref idref="oc-3fb"/>
      </symbol>
      <symbol id="sm-b76">
         <name>__adddf3</name>
         <value>0x25cf</value>
         <object_component_ref idref="oc-3fb"/>
      </symbol>
      <symbol id="sm-b77">
         <name>__aeabi_dsub</name>
         <value>0x25c5</value>
         <object_component_ref idref="oc-3fb"/>
      </symbol>
      <symbol id="sm-b78">
         <name>__subdf3</name>
         <value>0x25c5</value>
         <object_component_ref idref="oc-3fb"/>
      </symbol>
      <symbol id="sm-b7e">
         <name>__aeabi_dmul</name>
         <value>0x48d9</value>
         <object_component_ref idref="oc-489"/>
      </symbol>
      <symbol id="sm-b7f">
         <name>__muldf3</name>
         <value>0x48d9</value>
         <object_component_ref idref="oc-489"/>
      </symbol>
      <symbol id="sm-b85">
         <name>__aeabi_ddiv</name>
         <value>0x3625</value>
         <object_component_ref idref="oc-3f7"/>
      </symbol>
      <symbol id="sm-b86">
         <name>__divdf3</name>
         <value>0x3625</value>
         <object_component_ref idref="oc-3f7"/>
      </symbol>
      <symbol id="sm-b8c">
         <name>__aeabi_f2d</name>
         <value>0x9501</value>
         <object_component_ref idref="oc-479"/>
      </symbol>
      <symbol id="sm-b8d">
         <name>__extendsfdf2</name>
         <value>0x9501</value>
         <object_component_ref idref="oc-479"/>
      </symbol>
      <symbol id="sm-b93">
         <name>__aeabi_d2iz</name>
         <value>0x86e1</value>
         <object_component_ref idref="oc-481"/>
      </symbol>
      <symbol id="sm-b94">
         <name>__fixdfsi</name>
         <value>0x86e1</value>
         <object_component_ref idref="oc-481"/>
      </symbol>
      <symbol id="sm-b9a">
         <name>__aeabi_d2uiz</name>
         <value>0x8c35</value>
         <object_component_ref idref="oc-3ff"/>
      </symbol>
      <symbol id="sm-b9b">
         <name>__fixunsdfsi</name>
         <value>0x8c35</value>
         <object_component_ref idref="oc-3ff"/>
      </symbol>
      <symbol id="sm-ba1">
         <name>__aeabi_i2d</name>
         <value>0x9cd9</value>
         <object_component_ref idref="oc-485"/>
      </symbol>
      <symbol id="sm-ba2">
         <name>__floatsidf</name>
         <value>0x9cd9</value>
         <object_component_ref idref="oc-485"/>
      </symbol>
      <symbol id="sm-ba8">
         <name>__aeabi_ui2d</name>
         <value>0xa8e1</value>
         <object_component_ref idref="oc-3f3"/>
      </symbol>
      <symbol id="sm-ba9">
         <name>__floatunsidf</name>
         <value>0xa8e1</value>
         <object_component_ref idref="oc-3f3"/>
      </symbol>
      <symbol id="sm-baf">
         <name>__aeabi_dcmpeq</name>
         <value>0x75f9</value>
         <object_component_ref idref="oc-47d"/>
      </symbol>
      <symbol id="sm-bb0">
         <name>__aeabi_dcmplt</name>
         <value>0x760d</value>
         <object_component_ref idref="oc-47d"/>
      </symbol>
      <symbol id="sm-bb1">
         <name>__aeabi_dcmple</name>
         <value>0x7621</value>
         <object_component_ref idref="oc-47d"/>
      </symbol>
      <symbol id="sm-bb2">
         <name>__aeabi_dcmpge</name>
         <value>0x7635</value>
         <object_component_ref idref="oc-47d"/>
      </symbol>
      <symbol id="sm-bb3">
         <name>__aeabi_dcmpgt</name>
         <value>0x7649</value>
         <object_component_ref idref="oc-47d"/>
      </symbol>
      <symbol id="sm-bb9">
         <name>__aeabi_ldivmod</name>
         <value>0xafed</value>
         <object_component_ref idref="oc-279"/>
      </symbol>
      <symbol id="sm-bbf">
         <name>__aeabi_memcpy</name>
         <value>0xb67d</value>
         <object_component_ref idref="oc-4d"/>
      </symbol>
      <symbol id="sm-bc0">
         <name>__aeabi_memcpy4</name>
         <value>0xb67d</value>
         <object_component_ref idref="oc-4d"/>
      </symbol>
      <symbol id="sm-bc1">
         <name>__aeabi_memcpy8</name>
         <value>0xb67d</value>
         <object_component_ref idref="oc-4d"/>
      </symbol>
      <symbol id="sm-bc7">
         <name>__aeabi_memset</name>
         <value>0xb001</value>
         <object_component_ref idref="oc-71"/>
      </symbol>
      <symbol id="sm-bc8">
         <name>__aeabi_memset4</name>
         <value>0xb001</value>
         <object_component_ref idref="oc-71"/>
      </symbol>
      <symbol id="sm-bc9">
         <name>__aeabi_memset8</name>
         <value>0xb001</value>
         <object_component_ref idref="oc-71"/>
      </symbol>
      <symbol id="sm-bca">
         <name>__aeabi_memclr</name>
         <value>0xb00d</value>
         <object_component_ref idref="oc-71"/>
      </symbol>
      <symbol id="sm-bcb">
         <name>__aeabi_memclr4</name>
         <value>0xb00d</value>
         <object_component_ref idref="oc-71"/>
      </symbol>
      <symbol id="sm-bcc">
         <name>__aeabi_memclr8</name>
         <value>0xb00d</value>
         <object_component_ref idref="oc-71"/>
      </symbol>
      <symbol id="sm-bd2">
         <name>__aeabi_uldivmod</name>
         <value>0xb015</value>
         <object_component_ref idref="oc-24d"/>
      </symbol>
      <symbol id="sm-bd8">
         <name>__udivmoddi4</name>
         <value>0x59ad</value>
         <object_component_ref idref="oc-372"/>
      </symbol>
      <symbol id="sm-be4">
         <name>__ledf2</name>
         <value>0x6c9d</value>
         <object_component_ref idref="oc-4d3"/>
      </symbol>
      <symbol id="sm-be5">
         <name>__gedf2</name>
         <value>0x6c2d</value>
         <object_component_ref idref="oc-4d9"/>
      </symbol>
      <symbol id="sm-be6">
         <name>__cmpdf2</name>
         <value>0x6c9d</value>
         <object_component_ref idref="oc-4d3"/>
      </symbol>
      <symbol id="sm-be7">
         <name>__eqdf2</name>
         <value>0x6c9d</value>
         <object_component_ref idref="oc-4d3"/>
      </symbol>
      <symbol id="sm-be8">
         <name>__ltdf2</name>
         <value>0x6c9d</value>
         <object_component_ref idref="oc-4d3"/>
      </symbol>
      <symbol id="sm-be9">
         <name>__nedf2</name>
         <value>0x6c9d</value>
         <object_component_ref idref="oc-4d3"/>
      </symbol>
      <symbol id="sm-bea">
         <name>__gtdf2</name>
         <value>0x6c2d</value>
         <object_component_ref idref="oc-4d9"/>
      </symbol>
      <symbol id="sm-bf3">
         <name>__divmoddi4</name>
         <value>0x79b5</value>
         <object_component_ref idref="oc-390"/>
      </symbol>
      <symbol id="sm-bfd">
         <name>__aeabi_ldiv0</name>
         <value>0x56e3</value>
         <object_component_ref idref="oc-440"/>
      </symbol>
      <symbol id="sm-c06">
         <name>TI_memcpy_small</name>
         <value>0xb083</value>
         <object_component_ref idref="oc-98"/>
      </symbol>
      <symbol id="sm-c0e">
         <name>TI_memset_small</name>
         <value>0xb295</value>
         <object_component_ref idref="oc-e1"/>
      </symbol>
      <symbol id="sm-c0f">
         <name>__TI_static_base__</name>
         <value>0x0</value>
      </symbol>
      <symbol id="sm-c12">
         <name>ITM_flush</name>
         <value>0x0</value>
      </symbol>
      <symbol id="sm-c13">
         <name>ITM_restore</name>
         <value>0x0</value>
      </symbol>
      <symbol id="sm-c14">
         <name>__mpu_init</name>
         <value>0x0</value>
      </symbol>
   </symbol_table>
   <title>Link successful</title>
</link_info>
