<?xml version="1.0" encoding="ISO-8859-1" ?>
<link_info>
   <banner>TI ARM Clang Linker PC v2.1.2.LTS</banner>
   <copyright>Copyright (c) 1996-2018 Texas Instruments Incorporated</copyright>
   <link_time>0x6414a0f4</link_time>
   <link_errors>0x0</link_errors>
   <output_file>mSniff_LP_CC2652RB_tirtos7_ticlang.out</output_file>
   <entry_point>
      <name>ResetISR</name>
      <address>0x9293</address>
   </entry_point>
   <input_file_list>
      <input_file id="fl-1">
         <path>.\</path>
         <kind>object</kind>
         <file>dashboard_task.o</file>
         <name>dashboard_task.o</name>
      </input_file>
      <input_file id="fl-2">
         <path>.\</path>
         <kind>object</kind>
         <file>ethernet_task.o</file>
         <name>ethernet_task.o</name>
      </input_file>
      <input_file id="fl-3">
         <path>.\syscfg\</path>
         <kind>object</kind>
         <file>ti_devices_config.o</file>
         <name>ti_devices_config.o</name>
      </input_file>
      <input_file id="fl-4">
         <path>.\syscfg\</path>
         <kind>object</kind>
         <file>ti_radio_config.o</file>
         <name>ti_radio_config.o</name>
      </input_file>
      <input_file id="fl-5">
         <path>.\syscfg\</path>
         <kind>object</kind>
         <file>ti_drivers_config.o</file>
         <name>ti_drivers_config.o</name>
      </input_file>
      <input_file id="fl-6">
         <path>.\syscfg\</path>
         <kind>object</kind>
         <file>ti_sysbios_config.o</file>
         <name>ti_sysbios_config.o</name>
      </input_file>
      <input_file id="fl-7">
         <path>.\</path>
         <kind>object</kind>
         <file>main.o</file>
         <name>main.o</name>
      </input_file>
      <input_file id="fl-8">
         <path>.\</path>
         <kind>object</kind>
         <file>radio_queue.o</file>
         <name>radio_queue.o</name>
      </input_file>
      <input_file id="fl-9">
         <path>.\</path>
         <kind>object</kind>
         <file>radio_task.o</file>
         <name>radio_task.o</name>
      </input_file>
      <input_file id="fl-a">
         <path>.\ethernet\</path>
         <kind>object</kind>
         <file>ArduinoCompatibility.o</file>
         <name>ArduinoCompatibility.o</name>
      </input_file>
      <input_file id="fl-b">
         <path>.\ethernet\</path>
         <kind>object</kind>
         <file>Dhcp.o</file>
         <name>Dhcp.o</name>
      </input_file>
      <input_file id="fl-c">
         <path>.\ethernet\</path>
         <kind>object</kind>
         <file>Dns.o</file>
         <name>Dns.o</name>
      </input_file>
      <input_file id="fl-d">
         <path>.\ethernet\</path>
         <kind>object</kind>
         <file>Ethernet.o</file>
         <name>Ethernet.o</name>
      </input_file>
      <input_file id="fl-e">
         <path>.\ethernet\</path>
         <kind>object</kind>
         <file>EthernetBonjour.o</file>
         <name>EthernetBonjour.o</name>
      </input_file>
      <input_file id="fl-f">
         <path>.\ethernet\</path>
         <kind>object</kind>
         <file>EthernetClient.o</file>
         <name>EthernetClient.o</name>
      </input_file>
      <input_file id="fl-10">
         <path>.\ethernet\</path>
         <kind>object</kind>
         <file>EthernetServer.o</file>
         <name>EthernetServer.o</name>
      </input_file>
      <input_file id="fl-11">
         <path>.\ethernet\</path>
         <kind>object</kind>
         <file>EthernetUdp.o</file>
         <name>EthernetUdp.o</name>
      </input_file>
      <input_file id="fl-12">
         <path>.\ethernet\</path>
         <kind>object</kind>
         <file>EthernetUtil.o</file>
         <name>EthernetUtil.o</name>
      </input_file>
      <input_file id="fl-13">
         <path>.\ethernet\</path>
         <kind>object</kind>
         <file>IPAddress.o</file>
         <name>IPAddress.o</name>
      </input_file>
      <input_file id="fl-14">
         <path>.\ethernet\</path>
         <kind>object</kind>
         <file>Printfg.o</file>
         <name>Printfg.o</name>
      </input_file>
      <input_file id="fl-15">
         <path>.\ethernet\</path>
         <kind>object</kind>
         <file>SPIfg.o</file>
         <name>SPIfg.o</name>
      </input_file>
      <input_file id="fl-16">
         <path>.\ethernet\</path>
         <kind>object</kind>
         <file>Serial.o</file>
         <name>Serial.o</name>
      </input_file>
      <input_file id="fl-17">
         <path>.\ethernet\</path>
         <kind>object</kind>
         <file>UnitTest.o</file>
         <name>UnitTest.o</name>
      </input_file>
      <input_file id="fl-18">
         <path>.\ethernet\</path>
         <kind>object</kind>
         <file>socket.o</file>
         <name>socket.o</name>
      </input_file>
      <input_file id="fl-19">
         <path>.\ethernet\</path>
         <kind>object</kind>
         <file>w5500.o</file>
         <name>w5500.o</name>
      </input_file>
      <input_file id="fl-1a">
         <path>.\websocket\</path>
         <kind>object</kind>
         <file>WebsocketServer.o</file>
         <name>WebsocketServer.o</name>
      </input_file>
      <input_file id="fl-2e">
         <kind>object</kind>
         <file>&lt;internal&gt;</file>
         <name>&lt;internal&gt;</name>
      </input_file>
      <input_file id="fl-2f">
         <path>C:\ti\simplelink_cc13xx_cc26xx_sdk_6_30_01_03\source\ti\drivers\lib\ticlang\m4f\</path>
         <kind>archive</kind>
         <file>drivers_cc26x2.a</file>
         <name>GPIO.c.obj</name>
      </input_file>
      <input_file id="fl-30">
         <path>C:\ti\simplelink_cc13xx_cc26xx_sdk_6_30_01_03\source\ti\drivers\lib\ticlang\m4f\</path>
         <kind>archive</kind>
         <file>drivers_cc26x2.a</file>
         <name>GPIOCC26XX.c.obj</name>
      </input_file>
      <input_file id="fl-31">
         <path>C:\ti\simplelink_cc13xx_cc26xx_sdk_6_30_01_03\source\ti\drivers\lib\ticlang\m4f\</path>
         <kind>archive</kind>
         <file>drivers_cc26x2.a</file>
         <name>PowerCC26X2.c.obj</name>
      </input_file>
      <input_file id="fl-32">
         <path>C:\ti\simplelink_cc13xx_cc26xx_sdk_6_30_01_03\source\ti\drivers\lib\ticlang\m4f\</path>
         <kind>archive</kind>
         <file>drivers_cc26x2.a</file>
         <name>PowerCC26X2_calibrateRCOSC.c.obj</name>
      </input_file>
      <input_file id="fl-33">
         <path>C:\ti\simplelink_cc13xx_cc26xx_sdk_6_30_01_03\source\ti\drivers\lib\ticlang\m4f\</path>
         <kind>archive</kind>
         <file>drivers_cc26x2.a</file>
         <name>SPI.c.obj</name>
      </input_file>
      <input_file id="fl-34">
         <path>C:\ti\simplelink_cc13xx_cc26xx_sdk_6_30_01_03\source\ti\drivers\lib\ticlang\m4f\</path>
         <kind>archive</kind>
         <file>drivers_cc26x2.a</file>
         <name>TemperatureCC26X2.c.obj</name>
      </input_file>
      <input_file id="fl-35">
         <path>C:\ti\simplelink_cc13xx_cc26xx_sdk_6_30_01_03\source\ti\drivers\lib\ticlang\m4f\</path>
         <kind>archive</kind>
         <file>drivers_cc26x2.a</file>
         <name>UART2.c.obj</name>
      </input_file>
      <input_file id="fl-36">
         <path>C:\ti\simplelink_cc13xx_cc26xx_sdk_6_30_01_03\source\ti\drivers\lib\ticlang\m4f\</path>
         <kind>archive</kind>
         <file>drivers_cc26x2.a</file>
         <name>UART2CC26X2.c.obj</name>
      </input_file>
      <input_file id="fl-37">
         <path>C:\ti\simplelink_cc13xx_cc26xx_sdk_6_30_01_03\source\ti\drivers\lib\ticlang\m4f\</path>
         <kind>archive</kind>
         <file>drivers_cc26x2.a</file>
         <name>GPIOCC26X2.c.obj</name>
      </input_file>
      <input_file id="fl-38">
         <path>C:\ti\simplelink_cc13xx_cc26xx_sdk_6_30_01_03\source\ti\drivers\lib\ticlang\m4f\</path>
         <kind>archive</kind>
         <file>drivers_cc26x2.a</file>
         <name>PowerCC26X2_calibrateRCOSC_helpers.c.obj</name>
      </input_file>
      <input_file id="fl-39">
         <path>C:\ti\simplelink_cc13xx_cc26xx_sdk_6_30_01_03\source\ti\drivers\lib\ticlang\m4f\</path>
         <kind>archive</kind>
         <file>drivers_cc26x2.a</file>
         <name>PowerCC26X2_helpers.c.obj</name>
      </input_file>
      <input_file id="fl-3a">
         <path>C:\ti\simplelink_cc13xx_cc26xx_sdk_6_30_01_03\source\ti\drivers\lib\ticlang\m4f\</path>
         <kind>archive</kind>
         <file>drivers_cc26x2.a</file>
         <name>SPICC26X2DMA.c.obj</name>
      </input_file>
      <input_file id="fl-3b">
         <path>C:\ti\simplelink_cc13xx_cc26xx_sdk_6_30_01_03\source\ti\drivers\lib\ticlang\m4f\</path>
         <kind>archive</kind>
         <file>drivers_cc26x2.a</file>
         <name>List.c.obj</name>
      </input_file>
      <input_file id="fl-3c">
         <path>C:\ti\simplelink_cc13xx_cc26xx_sdk_6_30_01_03\source\ti\drivers\lib\ticlang\m4f\</path>
         <kind>archive</kind>
         <file>drivers_cc26x2.a</file>
         <name>RingBuf.c.obj</name>
      </input_file>
      <input_file id="fl-3d">
         <path>C:\ti\simplelink_cc13xx_cc26xx_sdk_6_30_01_03\source\ti\drivers\lib\ticlang\m4f\</path>
         <kind>archive</kind>
         <file>drivers_cc26x2.a</file>
         <name>UDMACC26XX.c.obj</name>
      </input_file>
      <input_file id="fl-3e">
         <path>C:\ti\simplelink_cc13xx_cc26xx_sdk_6_30_01_03\source\ti\drivers\rf\lib\ticlang\m4f\</path>
         <kind>archive</kind>
         <file>rf_multiMode_cc26x2.a</file>
         <name>RFCC26X2_multiMode.c.cc26x2.ticlang.o</name>
      </input_file>
      <input_file id="fl-3f">
         <path>C:\ti\simplelink_cc13xx_cc26xx_sdk_6_30_01_03\source\ti\drivers\rf\lib\ticlang\m4f\</path>
         <kind>archive</kind>
         <file>rf_multiMode_cc26x2.a</file>
         <name>rfc.c.cc26x2.ticlang.o</name>
      </input_file>
      <input_file id="fl-40">
         <path>C:\ti\simplelink_cc13xx_cc26xx_sdk_6_30_01_03\source\ti\drivers\rf\lib\ticlang\m4f\</path>
         <kind>archive</kind>
         <file>rf_multiMode_cc26x2.a</file>
         <name>rf_patch_cpe_ieee_802_15_4.c.cc26x2.ticlang.o</name>
      </input_file>
      <input_file id="fl-41">
         <path>C:\ti\simplelink_cc13xx_cc26xx_sdk_6_30_01_03\source\ti\drivers\rf\lib\ticlang\m4f\</path>
         <kind>archive</kind>
         <file>rf_multiMode_cc26x2.a</file>
         <name>rf_patch_cpe_bt5.c.cc26x2.ticlang.o</name>
      </input_file>
      <input_file id="fl-42">
         <path>C:\ti\simplelink_cc13xx_cc26xx_sdk_6_30_01_03\kernel\tirtos7\packages\ti\sysbios\lib\ticlang\m4f\</path>
         <kind>archive</kind>
         <file>sysbios.a</file>
         <name>TaskSupport_asm_gnu.obj</name>
      </input_file>
      <input_file id="fl-43">
         <path>C:\ti\simplelink_cc13xx_cc26xx_sdk_6_30_01_03\kernel\tirtos7\packages\ti\sysbios\lib\ticlang\m4f\</path>
         <kind>archive</kind>
         <file>sysbios.a</file>
         <name>Hwi_asm_gnu.obj</name>
      </input_file>
      <input_file id="fl-44">
         <path>C:\ti\simplelink_cc13xx_cc26xx_sdk_6_30_01_03\kernel\tirtos7\packages\ti\sysbios\lib\ticlang\m4f\</path>
         <kind>archive</kind>
         <file>sysbios.a</file>
         <name>Hwi_asm_switch_gnu.obj</name>
      </input_file>
      <input_file id="fl-45">
         <path>C:\ti\simplelink_cc13xx_cc26xx_sdk_6_30_01_03\kernel\tirtos7\packages\ti\sysbios\lib\ticlang\m4f\</path>
         <kind>archive</kind>
         <file>sysbios.a</file>
         <name>boot_cortex_m.obj</name>
      </input_file>
      <input_file id="fl-46">
         <path>C:\ti\simplelink_cc13xx_cc26xx_sdk_6_30_01_03\source\ti\devices\cc13x2_cc26x2\driverlib\bin\ticlang\</path>
         <kind>archive</kind>
         <file>driverlib.lib</file>
         <name>chipinfo.o</name>
      </input_file>
      <input_file id="fl-47">
         <path>C:\ti\simplelink_cc13xx_cc26xx_sdk_6_30_01_03\source\ti\devices\cc13x2_cc26x2\driverlib\bin\ticlang\</path>
         <kind>archive</kind>
         <file>driverlib.lib</file>
         <name>setup.o</name>
      </input_file>
      <input_file id="fl-48">
         <path>C:\ti\simplelink_cc13xx_cc26xx_sdk_6_30_01_03\source\ti\devices\cc13x2_cc26x2\driverlib\bin\ticlang\</path>
         <kind>archive</kind>
         <file>driverlib.lib</file>
         <name>aux_sysif.o</name>
      </input_file>
      <input_file id="fl-49">
         <path>C:\ti\simplelink_cc13xx_cc26xx_sdk_6_30_01_03\source\ti\devices\cc13x2_cc26x2\driverlib\bin\ticlang\</path>
         <kind>archive</kind>
         <file>driverlib.lib</file>
         <name>sys_ctrl.o</name>
      </input_file>
      <input_file id="fl-4a">
         <path>C:\ti\simplelink_cc13xx_cc26xx_sdk_6_30_01_03\source\ti\devices\cc13x2_cc26x2\driverlib\bin\ticlang\</path>
         <kind>archive</kind>
         <file>driverlib.lib</file>
         <name>cpu.o</name>
      </input_file>
      <input_file id="fl-4b">
         <path>C:\ti\simplelink_cc13xx_cc26xx_sdk_6_30_01_03\source\ti\devices\cc13x2_cc26x2\driverlib\bin\ticlang\</path>
         <kind>archive</kind>
         <file>driverlib.lib</file>
         <name>osc.o</name>
      </input_file>
      <input_file id="fl-4c">
         <path>C:\ti\simplelink_cc13xx_cc26xx_sdk_6_30_01_03\source\ti\devices\cc13x2_cc26x2\driverlib\bin\ticlang\</path>
         <kind>archive</kind>
         <file>driverlib.lib</file>
         <name>prcm.o</name>
      </input_file>
      <input_file id="fl-58">
         <path>C:\ti\ccs1210\ccs\tools\compiler\ti-cgt-armllvm_2.1.2.LTS\lib\armv7em-ti-none-eabihf\c\</path>
         <kind>archive</kind>
         <file>libc.a</file>
         <name>sprintf.c.obj</name>
      </input_file>
      <input_file id="fl-59">
         <path>C:\ti\ccs1210\ccs\tools\compiler\ti-cgt-armllvm_2.1.2.LTS\lib\armv7em-ti-none-eabihf\c\</path>
         <kind>archive</kind>
         <file>libc.a</file>
         <name>aeabi_portable.c.obj</name>
      </input_file>
      <input_file id="fl-5a">
         <path>C:\ti\ccs1210\ccs\tools\compiler\ti-cgt-armllvm_2.1.2.LTS\lib\armv7em-ti-none-eabihf\c\</path>
         <kind>archive</kind>
         <file>libc.a</file>
         <name>exit.c.obj</name>
      </input_file>
      <input_file id="fl-5b">
         <path>C:\ti\ccs1210\ccs\tools\compiler\ti-cgt-armllvm_2.1.2.LTS\lib\armv7em-ti-none-eabihf\c\</path>
         <kind>archive</kind>
         <file>libc.a</file>
         <name>_lock.c.obj</name>
      </input_file>
      <input_file id="fl-5c">
         <path>C:\ti\ccs1210\ccs\tools\compiler\ti-cgt-armllvm_2.1.2.LTS\lib\armv7em-ti-none-eabihf\c\</path>
         <kind>archive</kind>
         <file>libc.a</file>
         <name>args_main.c.obj</name>
      </input_file>
      <input_file id="fl-5d">
         <path>C:\ti\ccs1210\ccs\tools\compiler\ti-cgt-armllvm_2.1.2.LTS\lib\armv7em-ti-none-eabihf\c\</path>
         <kind>archive</kind>
         <file>libc.a</file>
         <name>assert.c.obj</name>
      </input_file>
      <input_file id="fl-5e">
         <path>C:\ti\ccs1210\ccs\tools\compiler\ti-cgt-armllvm_2.1.2.LTS\lib\armv7em-ti-none-eabihf\c\</path>
         <kind>archive</kind>
         <file>libc.a</file>
         <name>defs.c.obj</name>
      </input_file>
      <input_file id="fl-5f">
         <path>C:\ti\ccs1210\ccs\tools\compiler\ti-cgt-armllvm_2.1.2.LTS\lib\armv7em-ti-none-eabihf\c\</path>
         <kind>archive</kind>
         <file>libc.a</file>
         <name>strstr.c.obj</name>
      </input_file>
      <input_file id="fl-60">
         <path>C:\ti\ccs1210\ccs\tools\compiler\ti-cgt-armllvm_2.1.2.LTS\lib\armv7em-ti-none-eabihf\c\</path>
         <kind>archive</kind>
         <file>libc.a</file>
         <name>strtok.c.obj</name>
      </input_file>
      <input_file id="fl-61">
         <path>C:\ti\ccs1210\ccs\tools\compiler\ti-cgt-armllvm_2.1.2.LTS\lib\armv7em-ti-none-eabihf\c\</path>
         <kind>archive</kind>
         <file>libc.a</file>
         <name>autoinit.c.obj</name>
      </input_file>
      <input_file id="fl-62">
         <path>C:\ti\ccs1210\ccs\tools\compiler\ti-cgt-armllvm_2.1.2.LTS\lib\armv7em-ti-none-eabihf\c\</path>
         <kind>archive</kind>
         <file>libc.a</file>
         <name>cpy_tbl.c.obj</name>
      </input_file>
      <input_file id="fl-63">
         <path>C:\ti\ccs1210\ccs\tools\compiler\ti-cgt-armllvm_2.1.2.LTS\lib\armv7em-ti-none-eabihf\c\</path>
         <kind>archive</kind>
         <file>libc.a</file>
         <name>copy_zero_init.c.obj</name>
      </input_file>
      <input_file id="fl-64">
         <path>C:\ti\ccs1210\ccs\tools\compiler\ti-cgt-armllvm_2.1.2.LTS\lib\armv7em-ti-none-eabihf\c\</path>
         <kind>archive</kind>
         <file>libc.a</file>
         <name>copy_decompress_none.c.obj</name>
      </input_file>
      <input_file id="fl-65">
         <path>C:\ti\ccs1210\ccs\tools\compiler\ti-cgt-armllvm_2.1.2.LTS\lib\armv7em-ti-none-eabihf\c\</path>
         <kind>archive</kind>
         <file>libc.a</file>
         <name>copy_decompress_lzss.c.obj</name>
      </input_file>
      <input_file id="fl-66">
         <path>C:\ti\ccs1210\ccs\tools\compiler\ti-cgt-armllvm_2.1.2.LTS\lib\armv7em-ti-none-eabihf\c\</path>
         <kind>archive</kind>
         <file>libc.a</file>
         <name>_printfi.c.obj</name>
      </input_file>
      <input_file id="fl-67">
         <path>C:\ti\ccs1210\ccs\tools\compiler\ti-cgt-armllvm_2.1.2.LTS\lib\armv7em-ti-none-eabihf\c\</path>
         <kind>archive</kind>
         <file>libc.a</file>
         <name>fflush.c.obj</name>
      </input_file>
      <input_file id="fl-68">
         <path>C:\ti\ccs1210\ccs\tools\compiler\ti-cgt-armllvm_2.1.2.LTS\lib\armv7em-ti-none-eabihf\c\</path>
         <kind>archive</kind>
         <file>libc.a</file>
         <name>fputs.c.obj</name>
      </input_file>
      <input_file id="fl-69">
         <path>C:\ti\ccs1210\ccs\tools\compiler\ti-cgt-armllvm_2.1.2.LTS\lib\armv7em-ti-none-eabihf\c\</path>
         <kind>archive</kind>
         <file>libc.a</file>
         <name>_io_perm.c.obj</name>
      </input_file>
      <input_file id="fl-6a">
         <path>C:\ti\ccs1210\ccs\tools\compiler\ti-cgt-armllvm_2.1.2.LTS\lib\armv7em-ti-none-eabihf\c\</path>
         <kind>archive</kind>
         <file>libc.a</file>
         <name>setvbuf.c.obj</name>
      </input_file>
      <input_file id="fl-6b">
         <path>C:\ti\ccs1210\ccs\tools\compiler\ti-cgt-armllvm_2.1.2.LTS\lib\armv7em-ti-none-eabihf\c\</path>
         <kind>archive</kind>
         <file>libc.a</file>
         <name>wcslen.c.obj</name>
      </input_file>
      <input_file id="fl-6c">
         <path>C:\ti\ccs1210\ccs\tools\compiler\ti-cgt-armllvm_2.1.2.LTS\lib\armv7em-ti-none-eabihf\c\</path>
         <kind>archive</kind>
         <file>libc.a</file>
         <name>_ltoa.c.obj</name>
      </input_file>
      <input_file id="fl-6d">
         <path>C:\ti\ccs1210\ccs\tools\compiler\ti-cgt-armllvm_2.1.2.LTS\lib\armv7em-ti-none-eabihf\c\</path>
         <kind>archive</kind>
         <file>libc.a</file>
         <name>atoi.c.obj</name>
      </input_file>
      <input_file id="fl-6e">
         <path>C:\ti\ccs1210\ccs\tools\compiler\ti-cgt-armllvm_2.1.2.LTS\lib\armv7em-ti-none-eabihf\c\</path>
         <kind>archive</kind>
         <file>libc.a</file>
         <name>memccpy.c.obj</name>
      </input_file>
      <input_file id="fl-6f">
         <path>C:\ti\ccs1210\ccs\tools\compiler\ti-cgt-armllvm_2.1.2.LTS\lib\armv7em-ti-none-eabihf\c\</path>
         <kind>archive</kind>
         <file>libc.a</file>
         <name>strcspn.c.obj</name>
      </input_file>
      <input_file id="fl-70">
         <path>C:\ti\ccs1210\ccs\tools\compiler\ti-cgt-armllvm_2.1.2.LTS\lib\armv7em-ti-none-eabihf\c\</path>
         <kind>archive</kind>
         <file>libc.a</file>
         <name>strspn.c.obj</name>
      </input_file>
      <input_file id="fl-71">
         <path>C:\ti\ccs1210\ccs\tools\compiler\ti-cgt-armllvm_2.1.2.LTS\lib\armv7em-ti-none-eabihf\c\</path>
         <kind>archive</kind>
         <file>libc.a</file>
         <name>s_frexp.c.obj</name>
      </input_file>
      <input_file id="fl-72">
         <path>C:\ti\ccs1210\ccs\tools\compiler\ti-cgt-armllvm_2.1.2.LTS\lib\armv7em-ti-none-eabihf\c\</path>
         <kind>archive</kind>
         <file>libc.a</file>
         <name>s_scalbn.c.obj</name>
      </input_file>
      <input_file id="fl-73">
         <path>C:\ti\ccs1210\ccs\tools\compiler\ti-cgt-armllvm_2.1.2.LTS\lib\armv7em-ti-none-eabihf\c\</path>
         <kind>archive</kind>
         <file>libc.a</file>
         <name>fopen.c.obj</name>
      </input_file>
      <input_file id="fl-74">
         <path>C:\ti\ccs1210\ccs\tools\compiler\ti-cgt-armllvm_2.1.2.LTS\lib\armv7em-ti-none-eabihf\c\</path>
         <kind>archive</kind>
         <file>libc.a</file>
         <name>fseek.c.obj</name>
      </input_file>
      <input_file id="fl-75">
         <path>C:\ti\ccs1210\ccs\tools\compiler\ti-cgt-armllvm_2.1.2.LTS\lib\armv7em-ti-none-eabihf\c\</path>
         <kind>archive</kind>
         <file>libc.a</file>
         <name>aeabi_ctype.S.obj</name>
      </input_file>
      <input_file id="fl-76">
         <path>C:\ti\ccs1210\ccs\tools\compiler\ti-cgt-armllvm_2.1.2.LTS\lib\armv7em-ti-none-eabihf\c\</path>
         <kind>archive</kind>
         <file>libc.a</file>
         <name>fclose.c.obj</name>
      </input_file>
      <input_file id="fl-af">
         <path>C:\ti\ccs1210\ccs\tools\compiler\ti-cgt-armllvm_2.1.2.LTS\lib\armv7em-ti-none-eabihf\c\</path>
         <kind>archive</kind>
         <file>libsysbm.a</file>
         <name>write.c.obj</name>
      </input_file>
      <input_file id="fl-b0">
         <path>C:\ti\ccs1210\ccs\tools\compiler\ti-cgt-armllvm_2.1.2.LTS\lib\armv7em-ti-none-eabihf\c\</path>
         <kind>archive</kind>
         <file>libsysbm.a</file>
         <name>hostwrite.c.obj</name>
      </input_file>
      <input_file id="fl-b1">
         <path>C:\ti\ccs1210\ccs\tools\compiler\ti-cgt-armllvm_2.1.2.LTS\lib\armv7em-ti-none-eabihf\c\</path>
         <kind>archive</kind>
         <file>libsysbm.a</file>
         <name>host_device.c.obj</name>
      </input_file>
      <input_file id="fl-b2">
         <path>C:\ti\ccs1210\ccs\tools\compiler\ti-cgt-armllvm_2.1.2.LTS\lib\armv7em-ti-none-eabihf\c\</path>
         <kind>archive</kind>
         <file>libsysbm.a</file>
         <name>trgmsg.c.obj</name>
      </input_file>
      <input_file id="fl-b3">
         <path>C:\ti\ccs1210\ccs\tools\compiler\ti-cgt-armllvm_2.1.2.LTS\lib\armv7em-ti-none-eabihf\c\</path>
         <kind>archive</kind>
         <file>libsysbm.a</file>
         <name>remove.c.obj</name>
      </input_file>
      <input_file id="fl-b4">
         <path>C:\ti\ccs1210\ccs\tools\compiler\ti-cgt-armllvm_2.1.2.LTS\lib\armv7em-ti-none-eabihf\c\</path>
         <kind>archive</kind>
         <file>libsysbm.a</file>
         <name>open.c.obj</name>
      </input_file>
      <input_file id="fl-b5">
         <path>C:\ti\ccs1210\ccs\tools\compiler\ti-cgt-armllvm_2.1.2.LTS\lib\armv7em-ti-none-eabihf\c\</path>
         <kind>archive</kind>
         <file>libsysbm.a</file>
         <name>lseek.c.obj</name>
      </input_file>
      <input_file id="fl-b6">
         <path>C:\ti\ccs1210\ccs\tools\compiler\ti-cgt-armllvm_2.1.2.LTS\lib\armv7em-ti-none-eabihf\c\</path>
         <kind>archive</kind>
         <file>libsysbm.a</file>
         <name>unlink.c.obj</name>
      </input_file>
      <input_file id="fl-b7">
         <path>C:\ti\ccs1210\ccs\tools\compiler\ti-cgt-armllvm_2.1.2.LTS\lib\armv7em-ti-none-eabihf\c\</path>
         <kind>archive</kind>
         <file>libsysbm.a</file>
         <name>hostclose.c.obj</name>
      </input_file>
      <input_file id="fl-b8">
         <path>C:\ti\ccs1210\ccs\tools\compiler\ti-cgt-armllvm_2.1.2.LTS\lib\armv7em-ti-none-eabihf\c\</path>
         <kind>archive</kind>
         <file>libsysbm.a</file>
         <name>hostlseek.c.obj</name>
      </input_file>
      <input_file id="fl-b9">
         <path>C:\ti\ccs1210\ccs\tools\compiler\ti-cgt-armllvm_2.1.2.LTS\lib\armv7em-ti-none-eabihf\c\</path>
         <kind>archive</kind>
         <file>libsysbm.a</file>
         <name>hostopen.c.obj</name>
      </input_file>
      <input_file id="fl-ba">
         <path>C:\ti\ccs1210\ccs\tools\compiler\ti-cgt-armllvm_2.1.2.LTS\lib\armv7em-ti-none-eabihf\c\</path>
         <kind>archive</kind>
         <file>libsysbm.a</file>
         <name>hostread.c.obj</name>
      </input_file>
      <input_file id="fl-bb">
         <path>C:\ti\ccs1210\ccs\tools\compiler\ti-cgt-armllvm_2.1.2.LTS\lib\armv7em-ti-none-eabihf\c\</path>
         <kind>archive</kind>
         <file>libsysbm.a</file>
         <name>hostrename.c.obj</name>
      </input_file>
      <input_file id="fl-bc">
         <path>C:\ti\ccs1210\ccs\tools\compiler\ti-cgt-armllvm_2.1.2.LTS\lib\armv7em-ti-none-eabihf\c\</path>
         <kind>archive</kind>
         <file>libsysbm.a</file>
         <name>hostunlink.c.obj</name>
      </input_file>
      <input_file id="fl-bd">
         <path>C:\ti\ccs1210\ccs\tools\compiler\ti-cgt-armllvm_2.1.2.LTS\lib\clang\14.0.6\lib\armv7em-ti-none-eabihf\</path>
         <kind>archive</kind>
         <file>libclang_rt.builtins.a</file>
         <name>adddf3.S.obj</name>
      </input_file>
      <input_file id="fl-be">
         <path>C:\ti\ccs1210\ccs\tools\compiler\ti-cgt-armllvm_2.1.2.LTS\lib\clang\14.0.6\lib\armv7em-ti-none-eabihf\</path>
         <kind>archive</kind>
         <file>libclang_rt.builtins.a</file>
         <name>muldf3.S.obj</name>
      </input_file>
      <input_file id="fl-bf">
         <path>C:\ti\ccs1210\ccs\tools\compiler\ti-cgt-armllvm_2.1.2.LTS\lib\clang\14.0.6\lib\armv7em-ti-none-eabihf\</path>
         <kind>archive</kind>
         <file>libclang_rt.builtins.a</file>
         <name>divdf3.S.obj</name>
      </input_file>
      <input_file id="fl-c0">
         <path>C:\ti\ccs1210\ccs\tools\compiler\ti-cgt-armllvm_2.1.2.LTS\lib\clang\14.0.6\lib\armv7em-ti-none-eabihf\</path>
         <kind>archive</kind>
         <file>libclang_rt.builtins.a</file>
         <name>extendsfdf2.S.obj</name>
      </input_file>
      <input_file id="fl-c1">
         <path>C:\ti\ccs1210\ccs\tools\compiler\ti-cgt-armllvm_2.1.2.LTS\lib\clang\14.0.6\lib\armv7em-ti-none-eabihf\</path>
         <kind>archive</kind>
         <file>libclang_rt.builtins.a</file>
         <name>fixdfsi.S.obj</name>
      </input_file>
      <input_file id="fl-c2">
         <path>C:\ti\ccs1210\ccs\tools\compiler\ti-cgt-armllvm_2.1.2.LTS\lib\clang\14.0.6\lib\armv7em-ti-none-eabihf\</path>
         <kind>archive</kind>
         <file>libclang_rt.builtins.a</file>
         <name>fixunsdfsi.S.obj</name>
      </input_file>
      <input_file id="fl-c3">
         <path>C:\ti\ccs1210\ccs\tools\compiler\ti-cgt-armllvm_2.1.2.LTS\lib\clang\14.0.6\lib\armv7em-ti-none-eabihf\</path>
         <kind>archive</kind>
         <file>libclang_rt.builtins.a</file>
         <name>floatsidf.S.obj</name>
      </input_file>
      <input_file id="fl-c4">
         <path>C:\ti\ccs1210\ccs\tools\compiler\ti-cgt-armllvm_2.1.2.LTS\lib\clang\14.0.6\lib\armv7em-ti-none-eabihf\</path>
         <kind>archive</kind>
         <file>libclang_rt.builtins.a</file>
         <name>floatunsidf.S.obj</name>
      </input_file>
      <input_file id="fl-c5">
         <path>C:\ti\ccs1210\ccs\tools\compiler\ti-cgt-armllvm_2.1.2.LTS\lib\clang\14.0.6\lib\armv7em-ti-none-eabihf\</path>
         <kind>archive</kind>
         <file>libclang_rt.builtins.a</file>
         <name>truncdfsf2.S.obj</name>
      </input_file>
      <input_file id="fl-c6">
         <path>C:\ti\ccs1210\ccs\tools\compiler\ti-cgt-armllvm_2.1.2.LTS\lib\clang\14.0.6\lib\armv7em-ti-none-eabihf\</path>
         <kind>archive</kind>
         <file>libclang_rt.builtins.a</file>
         <name>aeabi_dcmp.S.obj</name>
      </input_file>
      <input_file id="fl-c7">
         <path>C:\ti\ccs1210\ccs\tools\compiler\ti-cgt-armllvm_2.1.2.LTS\lib\clang\14.0.6\lib\armv7em-ti-none-eabihf\</path>
         <kind>archive</kind>
         <file>libclang_rt.builtins.a</file>
         <name>aeabi_ldivmod.S.obj</name>
      </input_file>
      <input_file id="fl-c8">
         <path>C:\ti\ccs1210\ccs\tools\compiler\ti-cgt-armllvm_2.1.2.LTS\lib\clang\14.0.6\lib\armv7em-ti-none-eabihf\</path>
         <kind>archive</kind>
         <file>libclang_rt.builtins.a</file>
         <name>aeabi_memcpy.S.obj</name>
      </input_file>
      <input_file id="fl-c9">
         <path>C:\ti\ccs1210\ccs\tools\compiler\ti-cgt-armllvm_2.1.2.LTS\lib\clang\14.0.6\lib\armv7em-ti-none-eabihf\</path>
         <kind>archive</kind>
         <file>libclang_rt.builtins.a</file>
         <name>aeabi_memset.S.obj</name>
      </input_file>
      <input_file id="fl-ca">
         <path>C:\ti\ccs1210\ccs\tools\compiler\ti-cgt-armllvm_2.1.2.LTS\lib\clang\14.0.6\lib\armv7em-ti-none-eabihf\</path>
         <kind>archive</kind>
         <file>libclang_rt.builtins.a</file>
         <name>aeabi_uldivmod.S.obj</name>
      </input_file>
      <input_file id="fl-cb">
         <path>C:\ti\ccs1210\ccs\tools\compiler\ti-cgt-armllvm_2.1.2.LTS\lib\clang\14.0.6\lib\armv7em-ti-none-eabihf\</path>
         <kind>archive</kind>
         <file>libclang_rt.builtins.a</file>
         <name>udivmoddi4.S.obj</name>
      </input_file>
      <input_file id="fl-cc">
         <path>C:\ti\ccs1210\ccs\tools\compiler\ti-cgt-armllvm_2.1.2.LTS\lib\clang\14.0.6\lib\armv7em-ti-none-eabihf\</path>
         <kind>archive</kind>
         <file>libclang_rt.builtins.a</file>
         <name>comparedf2.c.obj</name>
      </input_file>
      <input_file id="fl-cd">
         <path>C:\ti\ccs1210\ccs\tools\compiler\ti-cgt-armllvm_2.1.2.LTS\lib\clang\14.0.6\lib\armv7em-ti-none-eabihf\</path>
         <kind>archive</kind>
         <file>libclang_rt.builtins.a</file>
         <name>divmoddi4.c.obj</name>
      </input_file>
      <input_file id="fl-ce">
         <path>C:\ti\ccs1210\ccs\tools\compiler\ti-cgt-armllvm_2.1.2.LTS\lib\clang\14.0.6\lib\armv7em-ti-none-eabihf\</path>
         <kind>archive</kind>
         <file>libclang_rt.builtins.a</file>
         <name>aeabi_div0.c.obj</name>
      </input_file>
      <input_file id="fl-cf">
         <path>C:\ti\ccs1210\ccs\tools\compiler\ti-cgt-armllvm_2.1.2.LTS\lib\armv7em-ti-none-eabihf\c\</path>
         <kind>archive</kind>
         <file>libc.a</file>
         <name>getdevice.c.obj</name>
      </input_file>
      <input_file id="fl-d0">
         <path>C:\ti\ccs1210\ccs\tools\compiler\ti-cgt-armllvm_2.1.2.LTS\lib\armv7em-ti-none-eabihf\c\</path>
         <kind>archive</kind>
         <file>libc.a</file>
         <name>memcpy_t2.S.obj</name>
      </input_file>
      <input_file id="fl-d1">
         <path>C:\ti\ccs1210\ccs\tools\compiler\ti-cgt-armllvm_2.1.2.LTS\lib\armv7em-ti-none-eabihf\c\</path>
         <kind>archive</kind>
         <file>libc.a</file>
         <name>memset_t2.S.obj</name>
      </input_file>
   </input_file_list>
   <object_component_list>
      <object_component id="oc-192">
         <name>.text.findHposcCoefficients</name>
         <load_address>0x40</load_address>
         <run_address>0x40</run_address>
         <size>0x5ea</size>
         <input_file_ref idref="fl-4b"/>
      </object_component>
      <object_component id="oc-307">
         <name>.text.BIOS_nullFunc</name>
         <load_address>0x62a</load_address>
         <run_address>0x62a</run_address>
         <size>0x2</size>
         <input_file_ref idref="fl-6"/>
      </object_component>
      <object_component id="oc-352">
         <name>.text.RF_fsmActiveState</name>
         <load_address>0x62c</load_address>
         <run_address>0x62c</run_address>
         <size>0x498</size>
         <input_file_ref idref="fl-3e"/>
      </object_component>
      <object_component id="oc-2b7">
         <name>.text.ti_sysbios_runtime_System_doPrint</name>
         <load_address>0xac4</load_address>
         <run_address>0xac4</run_address>
         <size>0x304</size>
         <input_file_ref idref="fl-6"/>
      </object_component>
      <object_component id="oc-483">
         <name>.text.SPICC26X2DMA_transfer</name>
         <load_address>0xdc8</load_address>
         <run_address>0xdc8</run_address>
         <size>0x2c8</size>
         <input_file_ref idref="fl-3a"/>
      </object_component>
      <object_component id="oc-1cb">
         <name>.text.RF_open</name>
         <load_address>0x1090</load_address>
         <run_address>0x1090</run_address>
         <size>0x29c</size>
         <input_file_ref idref="fl-3e"/>
      </object_component>
      <object_component id="oc-351">
         <name>.text.RF_dispatchNextCmd</name>
         <load_address>0x132c</load_address>
         <run_address>0x132c</run_address>
         <size>0x1dc</size>
         <input_file_ref idref="fl-3e"/>
      </object_component>
      <object_component id="oc-383">
         <name>.text</name>
         <load_address>0x1508</load_address>
         <run_address>0x1508</run_address>
         <size>0x1b6</size>
         <input_file_ref idref="fl-bd"/>
      </object_component>
      <object_component id="oc-499">
         <name>.text.SPICC26X2DMA_hwiFxn</name>
         <load_address>0x16be</load_address>
         <run_address>0x16be</run_address>
         <size>0x1ae</size>
         <input_file_ref idref="fl-3a"/>
      </object_component>
      <object_component id="oc-18d">
         <name>.text.PowerCC26X2_auxISR</name>
         <load_address>0x186c</load_address>
         <run_address>0x186c</run_address>
         <size>0x194</size>
         <input_file_ref idref="fl-32"/>
      </object_component>
      <object_component id="oc-482">
         <name>.text.SPICC26X2DMA_open</name>
         <load_address>0x1a00</load_address>
         <run_address>0x1a00</run_address>
         <size>0x188</size>
         <input_file_ref idref="fl-3a"/>
      </object_component>
      <object_component id="oc-4af">
         <name>.text.configNextTransfer</name>
         <load_address>0x1b88</load_address>
         <run_address>0x1b88</run_address>
         <size>0x160</size>
         <input_file_ref idref="fl-3a"/>
      </object_component>
      <object_component id="oc-326">
         <name>.text.Power_sleep</name>
         <load_address>0x1ce8</load_address>
         <run_address>0x1ce8</run_address>
         <size>0x158</size>
         <input_file_ref idref="fl-31"/>
      </object_component>
      <object_component id="oc-358">
         <name>.text.RF_radioOpDoneCb</name>
         <load_address>0x1e40</load_address>
         <run_address>0x1e40</run_address>
         <size>0x148</size>
         <input_file_ref idref="fl-3e"/>
      </object_component>
      <object_component id="oc-367">
         <name>.text.ti_sysbios_runtime_System_printfExtend</name>
         <load_address>0x1f88</load_address>
         <run_address>0x1f88</run_address>
         <size>0x144</size>
         <input_file_ref idref="fl-6"/>
      </object_component>
      <object_component id="oc-37f">
         <name>.text</name>
         <load_address>0x20cc</load_address>
         <run_address>0x20cc</run_address>
         <size>0x136</size>
         <input_file_ref idref="fl-bf"/>
      </object_component>
      <object_component id="oc-10d">
         <name>.text.Board_initHook</name>
         <load_address>0x2202</load_address>
         <run_address>0x2202</run_address>
         <size>0x2</size>
         <input_file_ref idref="fl-5"/>
      </object_component>
      <object_component id="oc-191">
         <name>.text.findHposcPc</name>
         <load_address>0x2204</load_address>
         <run_address>0x2204</run_address>
         <size>0x134</size>
         <input_file_ref idref="fl-4b"/>
      </object_component>
      <object_component id="oc-35a">
         <name>.text.RF_fsmSetupState</name>
         <load_address>0x2338</load_address>
         <run_address>0x2338</run_address>
         <size>0x12c</size>
         <input_file_ref idref="fl-3e"/>
      </object_component>
      <object_component id="oc-276">
         <name>.text.RF_abortCmd</name>
         <load_address>0x2464</load_address>
         <run_address>0x2464</run_address>
         <size>0x124</size>
         <input_file_ref idref="fl-3e"/>
      </object_component>
      <object_component id="oc-484">
         <name>.text.SPICC26X2DMA_transferCancel</name>
         <load_address>0x2588</load_address>
         <run_address>0x2588</run_address>
         <size>0x122</size>
         <input_file_ref idref="fl-3a"/>
      </object_component>
      <object_component id="oc-440">
         <name>.text.NOROM_RFCCpePatchReset</name>
         <load_address>0x26aa</load_address>
         <run_address>0x26aa</run_address>
         <size>0x2</size>
         <input_file_ref idref="fl-3f"/>
      </object_component>
      <object_component id="oc-310">
         <name>.text.ti_sysbios_family_arm_cc26xx_Timer_construct</name>
         <load_address>0x26ac</load_address>
         <run_address>0x26ac</run_address>
         <size>0x120</size>
         <input_file_ref idref="fl-6"/>
      </object_component>
      <object_component id="oc-6c">
         <name>.text.ti_sysbios_family_arm_m3_Hwi_dispatch</name>
         <load_address>0x27cc</load_address>
         <run_address>0x27cc</run_address>
         <size>0x11c</size>
         <input_file_ref idref="fl-43"/>
      </object_component>
      <object_component id="oc-f9">
         <name>.text.Power_init</name>
         <load_address>0x28e8</load_address>
         <run_address>0x28e8</run_address>
         <size>0x118</size>
         <input_file_ref idref="fl-31"/>
      </object_component>
      <object_component id="oc-293">
         <name>.text.RF_decodeOverridePointers</name>
         <load_address>0x2a00</load_address>
         <run_address>0x2a00</run_address>
         <size>0x118</size>
         <input_file_ref idref="fl-3e"/>
      </object_component>
      <object_component id="oc-255">
         <name>.text.PowerCC26X2_calibrate</name>
         <load_address>0x2b18</load_address>
         <run_address>0x2b18</run_address>
         <size>0x10c</size>
         <input_file_ref idref="fl-32"/>
      </object_component>
      <object_component id="oc-2a7">
         <name>.text.RF_fsmPowerUpState</name>
         <load_address>0x2c24</load_address>
         <run_address>0x2c24</run_address>
         <size>0x108</size>
         <input_file_ref idref="fl-3e"/>
      </object_component>
      <object_component id="oc-100">
         <name>.text.GPIO_init</name>
         <load_address>0x2d2c</load_address>
         <run_address>0x2d2c</run_address>
         <size>0x104</size>
         <input_file_ref idref="fl-37"/>
      </object_component>
      <object_component id="oc-353">
         <name>.text.RF_hwiCpe0Active</name>
         <load_address>0x2e30</load_address>
         <run_address>0x2e30</run_address>
         <size>0xfc</size>
         <input_file_ref idref="fl-3e"/>
      </object_component>
      <object_component id="oc-404">
         <name>.text</name>
         <load_address>0x2f2c</load_address>
         <run_address>0x2f2c</run_address>
         <size>0xfc</size>
         <input_file_ref idref="fl-be"/>
      </object_component>
      <object_component id="oc-439">
         <name>.text.NOROM_SysCtrlStandby</name>
         <load_address>0x3028</load_address>
         <run_address>0x3028</run_address>
         <size>0xf4</size>
         <input_file_ref idref="fl-49"/>
      </object_component>
      <object_component id="oc-d1">
         <name>.text.Dashboard_mainTask</name>
         <load_address>0x311c</load_address>
         <run_address>0x311c</run_address>
         <size>0xf0</size>
         <input_file_ref idref="fl-1"/>
      </object_component>
      <object_component id="oc-75">
         <name>.text.NOROM_SetupTrimDevice</name>
         <load_address>0x320c</load_address>
         <run_address>0x320c</run_address>
         <size>0xe4</size>
         <input_file_ref idref="fl-47"/>
      </object_component>
      <object_component id="oc-123">
         <name>.text.ti_sysbios_knl_Semaphore_pend</name>
         <load_address>0x32f0</load_address>
         <run_address>0x32f0</run_address>
         <size>0xe4</size>
         <input_file_ref idref="fl-6"/>
      </object_component>
      <object_component id="oc-480">
         <name>.text.SPICC26X2DMA_control</name>
         <load_address>0x33d4</load_address>
         <run_address>0x33d4</run_address>
         <size>0xd8</size>
         <input_file_ref idref="fl-3a"/>
      </object_component>
      <object_component id="oc-15d">
         <name>.text.ti_sysbios_family_arm_m3_Hwi_excFillContext</name>
         <load_address>0x34ac</load_address>
         <run_address>0x34ac</run_address>
         <size>0xd8</size>
         <input_file_ref idref="fl-6"/>
      </object_component>
      <object_component id="oc-23c">
         <name>.text.configureXOSCHF</name>
         <load_address>0x3584</load_address>
         <run_address>0x3584</run_address>
         <size>0xd0</size>
         <input_file_ref idref="fl-31"/>
      </object_component>
      <object_component id="oc-1cf">
         <name>.text.RF_postCmd</name>
         <load_address>0x3654</load_address>
         <run_address>0x3654</run_address>
         <size>0xcc</size>
         <input_file_ref idref="fl-3e"/>
      </object_component>
      <object_component id="oc-22f">
         <name>.text.ti_sysbios_knl_Clock_workFuncDynamic</name>
         <load_address>0x3720</load_address>
         <run_address>0x3720</run_address>
         <size>0xcc</size>
         <input_file_ref idref="fl-6"/>
      </object_component>
      <object_component id="oc-3e8">
         <name>.text.RF_updatePaConfiguration</name>
         <load_address>0x37ec</load_address>
         <run_address>0x37ec</run_address>
         <size>0xca</size>
         <input_file_ref idref="fl-3e"/>
      </object_component>
      <object_component id="oc-a6">
         <name>.text.TrimAfterColdResetWakeupFromShutDown</name>
         <load_address>0x38b6</load_address>
         <run_address>0x38b6</run_address>
         <size>0xc4</size>
         <input_file_ref idref="fl-47"/>
      </object_component>
      <object_component id="oc-2a8">
         <name>.text.RF_defaultCallback</name>
         <load_address>0x397a</load_address>
         <run_address>0x397a</run_address>
         <size>0x2</size>
         <input_file_ref idref="fl-3e"/>
      </object_component>
      <object_component id="oc-29e">
         <name>.text.RF_swiHw</name>
         <load_address>0x397c</load_address>
         <run_address>0x397c</run_address>
         <size>0xbc</size>
         <input_file_ref idref="fl-3e"/>
      </object_component>
      <object_component id="oc-88">
         <name>.text.main</name>
         <load_address>0x3a38</load_address>
         <run_address>0x3a38</run_address>
         <size>0xb8</size>
         <input_file_ref idref="fl-7"/>
      </object_component>
      <object_component id="oc-1da">
         <name>.text.ti_sysbios_knl_Task_Instance_finalize</name>
         <load_address>0x3af0</load_address>
         <run_address>0x3af0</run_address>
         <size>0xb8</size>
         <input_file_ref idref="fl-6"/>
      </object_component>
      <object_component id="oc-ff">
         <name>.text.NOROM_OSC_HPOSCInitializeFrequencyOffsetParameters</name>
         <load_address>0x3ba8</load_address>
         <run_address>0x3ba8</run_address>
         <size>0xb6</size>
         <input_file_ref idref="fl-4b"/>
      </object_component>
      <object_component id="oc-3d2">
         <name>.text.NOROM_OSCHF_AttemptToSwitchToXosc</name>
         <load_address>0x3c5e</load_address>
         <run_address>0x3c5e</run_address>
         <size>0xb4</size>
         <input_file_ref idref="fl-4b"/>
      </object_component>
      <object_component id="oc-3bc">
         <name>.text.__aeabi_ldiv0</name>
         <load_address>0x3d12</load_address>
         <run_address>0x3d12</run_address>
         <size>0x2</size>
         <input_file_ref idref="fl-ce"/>
      </object_component>
      <object_component id="oc-23e">
         <name>.text.PowerCC26XX_standbyPolicy</name>
         <load_address>0x3d14</load_address>
         <run_address>0x3d14</run_address>
         <size>0xb4</size>
         <input_file_ref idref="fl-6"/>
      </object_component>
      <object_component id="oc-330">
         <name>.text.Power_releaseDependency</name>
         <load_address>0x3dc8</load_address>
         <run_address>0x3dc8</run_address>
         <size>0xb4</size>
         <input_file_ref idref="fl-31"/>
      </object_component>
      <object_component id="oc-195">
         <name>.text.Power_setDependency</name>
         <load_address>0x3e7c</load_address>
         <run_address>0x3e7c</run_address>
         <size>0xb0</size>
         <input_file_ref idref="fl-31"/>
      </object_component>
      <object_component id="oc-313">
         <name>.text</name>
         <load_address>0x3f2c</load_address>
         <run_address>0x3f2c</run_address>
         <size>0xb0</size>
         <input_file_ref idref="fl-cb"/>
      </object_component>
      <object_component id="oc-26a">
         <name>.text.temperatureHwiFxn</name>
         <load_address>0x3fdc</load_address>
         <run_address>0x3fdc</run_address>
         <size>0xa8</size>
         <input_file_ref idref="fl-34"/>
      </object_component>
      <object_component id="oc-3e2">
         <name>.text.RF_initRadioSetup</name>
         <load_address>0x4084</load_address>
         <run_address>0x4084</run_address>
         <size>0xa4</size>
         <input_file_ref idref="fl-3e"/>
      </object_component>
      <object_component id="oc-1d9">
         <name>.text.ti_sysbios_knl_Task_Instance_init</name>
         <load_address>0x4128</load_address>
         <run_address>0x4128</run_address>
         <size>0xa4</size>
         <input_file_ref idref="fl-6"/>
      </object_component>
      <object_component id="oc-363">
         <name>.text.RF_calculateDispatchTime</name>
         <load_address>0x41cc</load_address>
         <run_address>0x41cc</run_address>
         <size>0xa0</size>
         <input_file_ref idref="fl-3e"/>
      </object_component>
      <object_component id="oc-153">
         <name>.text.handleHttp</name>
         <load_address>0x426c</load_address>
         <run_address>0x426c</run_address>
         <size>0x9c</size>
         <input_file_ref idref="fl-1"/>
      </object_component>
      <object_component id="oc-43e">
         <name>.text.RF_defaultSubmitPolicy</name>
         <load_address>0x4308</load_address>
         <run_address>0x4308</run_address>
         <size>0x98</size>
         <input_file_ref idref="fl-3e"/>
      </object_component>
      <object_component id="oc-464">
         <name>.text.RF_verifyGap</name>
         <load_address>0x43a0</load_address>
         <run_address>0x43a0</run_address>
         <size>0x96</size>
         <input_file_ref idref="fl-3e"/>
      </object_component>
      <object_component id="oc-306">
         <name>.text._nop</name>
         <load_address>0x4436</load_address>
         <run_address>0x4436</run_address>
         <size>0x2</size>
         <input_file_ref idref="fl-5b"/>
      </object_component>
      <object_component id="oc-1ad">
         <name>.text.RF_hposcRfCompensateFxn</name>
         <load_address>0x4438</load_address>
         <run_address>0x4438</run_address>
         <size>0x94</size>
         <input_file_ref idref="fl-3e"/>
      </object_component>
      <object_component id="oc-350">
         <name>.text.RF_ratRestartChannels</name>
         <load_address>0x44cc</load_address>
         <run_address>0x44cc</run_address>
         <size>0x94</size>
         <input_file_ref idref="fl-3e"/>
      </object_component>
      <object_component id="oc-1d6">
         <name>.text.ti_sysbios_knl_Clock_startI</name>
         <load_address>0x4560</load_address>
         <run_address>0x4560</run_address>
         <size>0x94</size>
         <input_file_ref idref="fl-6"/>
      </object_component>
      <object_component id="oc-11e">
         <name>.text.ti_sysbios_knl_Task_sleep</name>
         <load_address>0x45f4</load_address>
         <run_address>0x45f4</run_address>
         <size>0x94</size>
         <input_file_ref idref="fl-6"/>
      </object_component>
      <object_component id="oc-1b5">
         <name>.text.GPIO_setConfig</name>
         <load_address>0x4688</load_address>
         <run_address>0x4688</run_address>
         <size>0x8c</size>
         <input_file_ref idref="fl-30"/>
      </object_component>
      <object_component id="oc-16e">
         <name>.text.ti_sysbios_knl_Clock_init</name>
         <load_address>0x4714</load_address>
         <run_address>0x4714</run_address>
         <size>0x8c</size>
         <input_file_ref idref="fl-6"/>
      </object_component>
      <object_component id="oc-3dc">
         <name>.text.RF_cmdDispatchTime</name>
         <load_address>0x47a0</load_address>
         <run_address>0x47a0</run_address>
         <size>0x88</size>
         <input_file_ref idref="fl-3e"/>
      </object_component>
      <object_component id="oc-33e">
         <name>.text.RF_discardPendCmd</name>
         <load_address>0x4828</load_address>
         <run_address>0x4828</run_address>
         <size>0x88</size>
         <input_file_ref idref="fl-3e"/>
      </object_component>
      <object_component id="oc-c9">
         <name>.text.Ethernet_mainTask</name>
         <load_address>0x48b0</load_address>
         <run_address>0x48b0</run_address>
         <size>0x84</size>
         <input_file_ref idref="fl-2"/>
      </object_component>
      <object_component id="oc-463">
         <name>.text.NOROM_SysCtrlSetRechargeBeforePowerDown</name>
         <load_address>0x4934</load_address>
         <run_address>0x4934</run_address>
         <size>0x80</size>
         <input_file_ref idref="fl-49"/>
      </object_component>
      <object_component id="oc-16b">
         <name>.text.ti_sysbios_family_arm_m3_Hwi_initNVIC</name>
         <load_address>0x49b4</load_address>
         <run_address>0x49b4</run_address>
         <size>0x80</size>
         <input_file_ref idref="fl-6"/>
      </object_component>
      <object_component id="oc-291">
         <name>.text.NOROM_ChipInfo_GetChipType</name>
         <load_address>0x4a34</load_address>
         <run_address>0x4a34</run_address>
         <size>0x7e</size>
         <input_file_ref idref="fl-46"/>
      </object_component>
      <object_component id="oc-185">
         <name>.text.emptyClockFunc</name>
         <load_address>0x4ab2</load_address>
         <run_address>0x4ab2</run_address>
         <size>0x2</size>
         <input_file_ref idref="fl-31"/>
      </object_component>
      <object_component id="oc-433">
         <name>.text.ti_sysbios_family_arm_m3_Hwi_postInit</name>
         <load_address>0x4ab4</load_address>
         <run_address>0x4ab4</run_address>
         <size>0x7c</size>
         <input_file_ref idref="fl-6"/>
      </object_component>
      <object_component id="oc-3c5">
         <name>.text.NOROM_OSCHF_SwitchToRcOscTurnOffXosc</name>
         <load_address>0x4b30</load_address>
         <run_address>0x4b30</run_address>
         <size>0x78</size>
         <input_file_ref idref="fl-4b"/>
      </object_component>
      <object_component id="oc-eb">
         <name>.text.NOROM_OSC_CapArrayAdjustWorkaround_Boot</name>
         <load_address>0x4ba8</load_address>
         <run_address>0x4ba8</run_address>
         <size>0x78</size>
         <input_file_ref idref="fl-4b"/>
      </object_component>
      <object_component id="oc-34c">
         <name>.text.RF_ratFreeChannel</name>
         <load_address>0x4c20</load_address>
         <run_address>0x4c20</run_address>
         <size>0x78</size>
         <input_file_ref idref="fl-3e"/>
      </object_component>
      <object_component id="oc-47b">
         <name>.text.SPICC26X2DMA_close</name>
         <load_address>0x4c98</load_address>
         <run_address>0x4c98</run_address>
         <size>0x78</size>
         <input_file_ref idref="fl-3a"/>
      </object_component>
      <object_component id="oc-2ba">
         <name>.text.ti_sysbios_knl_Task_postInit</name>
         <load_address>0x4d10</load_address>
         <run_address>0x4d10</run_address>
         <size>0x78</size>
         <input_file_ref idref="fl-6"/>
      </object_component>
      <object_component id="oc-248">
         <name>.text.PowerCC26X2_updateSubSecInc</name>
         <load_address>0x4d88</load_address>
         <run_address>0x4d88</run_address>
         <size>0x74</size>
         <input_file_ref idref="fl-38"/>
      </object_component>
      <object_component id="oc-2a0">
         <name>.text.RF_hwiHw</name>
         <load_address>0x4dfc</load_address>
         <run_address>0x4dfc</run_address>
         <size>0x74</size>
         <input_file_ref idref="fl-3e"/>
      </object_component>
      <object_component id="oc-1a4">
         <name>.text.Temperature_init</name>
         <load_address>0x4e70</load_address>
         <run_address>0x4e70</run_address>
         <size>0x74</size>
         <input_file_ref idref="fl-34"/>
      </object_component>
      <object_component id="oc-df">
         <name>.text.ti_sysbios_knl_Swi_restoreHwi</name>
         <load_address>0x4ee4</load_address>
         <run_address>0x4ee4</run_address>
         <size>0x74</size>
         <input_file_ref idref="fl-6"/>
      </object_component>
      <object_component id="oc-3c4">
         <name>.text.ti_sysbios_family_arm_m3_Hwi_Instance_init</name>
         <load_address>0x4f58</load_address>
         <run_address>0x4f58</run_address>
         <size>0x70</size>
         <input_file_ref idref="fl-6"/>
      </object_component>
      <object_component id="oc-219">
         <name>.text.ti_sysbios_knl_Task_startup</name>
         <load_address>0x4fc8</load_address>
         <run_address>0x4fc8</run_address>
         <size>0x70</size>
         <input_file_ref idref="fl-6"/>
      </object_component>
      <object_component id="oc-366">
         <name>.text.ti_sysbios_runtime_System_formatNum</name>
         <load_address>0x5038</load_address>
         <run_address>0x5038</run_address>
         <size>0x70</size>
         <input_file_ref idref="fl-6"/>
      </object_component>
      <object_component id="oc-44d">
         <name>.text.__gedf2</name>
         <load_address>0x50a8</load_address>
         <run_address>0x50a8</run_address>
         <size>0x6e</size>
         <input_file_ref idref="fl-cc"/>
      </object_component>
      <object_component id="oc-91">
         <name>.text.ti_sysbios_runtime_System_exitSpin</name>
         <load_address>0x5116</load_address>
         <run_address>0x5116</run_address>
         <size>0x2</size>
         <input_file_ref idref="fl-6"/>
      </object_component>
      <object_component id="oc-447">
         <name>.text.__ledf2</name>
         <load_address>0x5118</load_address>
         <run_address>0x5118</run_address>
         <size>0x6e</size>
         <input_file_ref idref="fl-cc"/>
      </object_component>
      <object_component id="oc-1f9">
         <name>.text.EthernetServer_accept</name>
         <load_address>0x5188</load_address>
         <run_address>0x5188</run_address>
         <size>0x6c</size>
         <input_file_ref idref="fl-10"/>
      </object_component>
      <object_component id="oc-35b">
         <name>.text.RF_issueRadioFreeCb</name>
         <load_address>0x51f4</load_address>
         <run_address>0x51f4</run_address>
         <size>0x6c</size>
         <input_file_ref idref="fl-3e"/>
      </object_component>
      <object_component id="oc-429">
         <name>.text.send</name>
         <load_address>0x5260</load_address>
         <run_address>0x5260</run_address>
         <size>0x6c</size>
         <input_file_ref idref="fl-18"/>
      </object_component>
      <object_component id="oc-94">
         <name>.text.ti_sysbios_family_arm_m3_Hwi_dispatchC</name>
         <load_address>0x52cc</load_address>
         <run_address>0x52cc</run_address>
         <size>0x6c</size>
         <input_file_ref idref="fl-6"/>
      </object_component>
      <object_component id="oc-37a">
         <name>.text.ti_sysbios_hal_Seconds_getTime</name>
         <load_address>0x5338</load_address>
         <run_address>0x5338</run_address>
         <size>0x6c</size>
         <input_file_ref idref="fl-6"/>
      </object_component>
      <object_component id="oc-2c">
         <name>.text:decompress:lzss</name>
         <load_address>0x53a4</load_address>
         <run_address>0x53a4</run_address>
         <size>0x6a</size>
         <input_file_ref idref="fl-65"/>
      </object_component>
      <object_component id="oc-441">
         <name>.text.RF_detachOverrides</name>
         <load_address>0x540e</load_address>
         <run_address>0x540e</run_address>
         <size>0x68</size>
         <input_file_ref idref="fl-3e"/>
      </object_component>
      <object_component id="oc-162">
         <name>.text.ti_sysbios_knl_Swi_run</name>
         <load_address>0x5478</load_address>
         <run_address>0x5478</run_address>
         <size>0x68</size>
         <input_file_ref idref="fl-6"/>
      </object_component>
      <object_component id="oc-329">
         <name>.text.PowerCC26X2_initiateCalibration</name>
         <load_address>0x54e0</load_address>
         <run_address>0x54e0</run_address>
         <size>0x64</size>
         <input_file_ref idref="fl-32"/>
      </object_component>
      <object_component id="oc-442">
         <name>.text.RF_attachOverrides</name>
         <load_address>0x5544</load_address>
         <run_address>0x5544</run_address>
         <size>0x64</size>
         <input_file_ref idref="fl-3e"/>
      </object_component>
      <object_component id="oc-2b5">
         <name>.text.RF_dispatchNextEvent</name>
         <load_address>0x55a8</load_address>
         <run_address>0x55a8</run_address>
         <size>0x64</size>
         <input_file_ref idref="fl-3e"/>
      </object_component>
      <object_component id="oc-29f">
         <name>.text.RF_hwiCpe0PowerFsm</name>
         <load_address>0x560c</load_address>
         <run_address>0x560c</run_address>
         <size>0x64</size>
         <input_file_ref idref="fl-3e"/>
      </object_component>
      <object_component id="oc-1c5">
         <name>.text.RadioQueue_create</name>
         <load_address>0x5670</load_address>
         <run_address>0x5670</run_address>
         <size>0x64</size>
         <input_file_ref idref="fl-8"/>
      </object_component>
      <object_component id="oc-496">
         <name>.text.UDMACC26XX_open</name>
         <load_address>0x56d4</load_address>
         <run_address>0x56d4</run_address>
         <size>0x64</size>
         <input_file_ref idref="fl-3d"/>
      </object_component>
      <object_component id="oc-18c">
         <name>.text.oscillatorISR</name>
         <load_address>0x5738</load_address>
         <run_address>0x5738</run_address>
         <size>0x64</size>
         <input_file_ref idref="fl-31"/>
      </object_component>
      <object_component id="oc-171">
         <name>.text.ti_sysbios_knl_Idle_init</name>
         <load_address>0x579c</load_address>
         <run_address>0x579c</run_address>
         <size>0x64</size>
         <input_file_ref idref="fl-6"/>
      </object_component>
      <object_component id="oc-409">
         <name>.text.ti_sysbios_knl_TaskSupport_buildTaskStack</name>
         <load_address>0x5800</load_address>
         <run_address>0x5800</run_address>
         <size>0x64</size>
         <input_file_ref idref="fl-6"/>
      </object_component>
      <object_component id="oc-3f8">
         <name>.text</name>
         <load_address>0x5864</load_address>
         <run_address>0x5864</run_address>
         <size>0x62</size>
         <input_file_ref idref="fl-c6"/>
      </object_component>
      <object_component id="oc-498">
         <name>.text.csnCallback</name>
         <load_address>0x58c6</load_address>
         <run_address>0x58c6</run_address>
         <size>0x60</size>
         <input_file_ref idref="fl-3a"/>
      </object_component>
      <object_component id="oc-3b6">
         <name>.text.ti_sysbios_heaps_HeapMem_allocUnprotected</name>
         <load_address>0x5926</load_address>
         <run_address>0x5926</run_address>
         <size>0x60</size>
         <input_file_ref idref="fl-6"/>
      </object_component>
      <object_component id="oc-318">
         <name>.text.ti_sysbios_knl_Clock_walkQueueDynamic</name>
         <load_address>0x5988</load_address>
         <run_address>0x5988</run_address>
         <size>0x60</size>
         <input_file_ref idref="fl-6"/>
      </object_component>
      <object_component id="oc-11d">
         <name>.text.ti_sysbios_knl_Semaphore_post</name>
         <load_address>0x59e8</load_address>
         <run_address>0x59e8</run_address>
         <size>0x60</size>
         <input_file_ref idref="fl-6"/>
      </object_component>
      <object_component id="oc-3ae">
         <name>.text.ti_sysbios_knl_Swi_schedule</name>
         <load_address>0x5a48</load_address>
         <run_address>0x5a48</run_address>
         <size>0x60</size>
         <input_file_ref idref="fl-6"/>
      </object_component>
      <object_component id="oc-349">
         <name>.text.NOROM_RFCAnaDivTxOverride</name>
         <load_address>0x5aa8</load_address>
         <run_address>0x5aa8</run_address>
         <size>0x5e</size>
         <input_file_ref idref="fl-3f"/>
      </object_component>
      <object_component id="oc-149">
         <name>.text.EthernetServer_available</name>
         <load_address>0x5b08</load_address>
         <run_address>0x5b08</run_address>
         <size>0x5c</size>
         <input_file_ref idref="fl-10"/>
      </object_component>
      <object_component id="oc-331">
         <name>.text.__divmoddi4</name>
         <load_address>0x5b64</load_address>
         <run_address>0x5b64</run_address>
         <size>0x5c</size>
         <input_file_ref idref="fl-cd"/>
      </object_component>
      <object_component id="oc-3e1">
         <name>.text.RF_applyRfCorePatch</name>
         <load_address>0x5bc0</load_address>
         <run_address>0x5bc0</run_address>
         <size>0x58</size>
         <input_file_ref idref="fl-3e"/>
      </object_component>
      <object_component id="oc-1ff">
         <name>.text.recv</name>
         <load_address>0x5c18</load_address>
         <run_address>0x5c18</run_address>
         <size>0x58</size>
         <input_file_ref idref="fl-18"/>
      </object_component>
      <object_component id="oc-3af">
         <name>.text.ti_sysbios_family_arm_m3_Hwi_initStacks</name>
         <load_address>0x5c70</load_address>
         <run_address>0x5c70</run_address>
         <size>0x58</size>
         <input_file_ref idref="fl-44"/>
      </object_component>
      <object_component id="oc-211">
         <name>.text.HOSTwrite</name>
         <load_address>0x5cc8</load_address>
         <run_address>0x5cc8</run_address>
         <size>0x54</size>
         <input_file_ref idref="fl-b0"/>
      </object_component>
      <object_component id="oc-3f0">
         <name>.text.RF_fsmXOSCState</name>
         <load_address>0x5d1c</load_address>
         <run_address>0x5d1c</run_address>
         <size>0x54</size>
         <input_file_ref idref="fl-3e"/>
      </object_component>
      <object_component id="oc-445">
         <name>.text.RF_getCurrentTime</name>
         <load_address>0x5d70</load_address>
         <run_address>0x5d70</run_address>
         <size>0x54</size>
         <input_file_ref idref="fl-3e"/>
      </object_component>
      <object_component id="oc-f5">
         <name>.text.ti_sysbios_runtime_Startup_exec</name>
         <load_address>0x5dc4</load_address>
         <run_address>0x5dc4</run_address>
         <size>0x54</size>
         <input_file_ref idref="fl-6"/>
      </object_component>
      <object_component id="oc-e8">
         <name>.text.NOROM_ChipInfo_GetHwRevision</name>
         <load_address>0x5e18</load_address>
         <run_address>0x5e18</run_address>
         <size>0x52</size>
         <input_file_ref idref="fl-46"/>
      </object_component>
      <object_component id="oc-10c">
         <name>.text.Board_shutDownExtFlash</name>
         <load_address>0x5e6c</load_address>
         <run_address>0x5e6c</run_address>
         <size>0x50</size>
         <input_file_ref idref="fl-5"/>
      </object_component>
      <object_component id="oc-106">
         <name>.text.RF_enableHPOSCTemperatureCompensation</name>
         <load_address>0x5ebc</load_address>
         <run_address>0x5ebc</run_address>
         <size>0x50</size>
         <input_file_ref idref="fl-3e"/>
      </object_component>
      <object_component id="oc-2a5">
         <name>.text.RF_wakeupNotification</name>
         <load_address>0x5f0c</load_address>
         <run_address>0x5f0c</run_address>
         <size>0x50</size>
         <input_file_ref idref="fl-3e"/>
      </object_component>
      <object_component id="oc-3bb">
         <name>.text.ti_sysbios_knl_Swi_post</name>
         <load_address>0x5f5c</load_address>
         <run_address>0x5f5c</run_address>
         <size>0x50</size>
         <input_file_ref idref="fl-6"/>
      </object_component>
      <object_component id="oc-42b">
         <name>.text.ti_sysbios_knl_Swi_runLoop</name>
         <load_address>0x5fac</load_address>
         <run_address>0x5fac</run_address>
         <size>0x50</size>
         <input_file_ref idref="fl-6"/>
      </object_component>
      <object_component id="oc-1b4">
         <name>.text.Board_sendExtFlashByte</name>
         <load_address>0x5ffc</load_address>
         <run_address>0x5ffc</run_address>
         <size>0x4e</size>
         <input_file_ref idref="fl-5"/>
      </object_component>
      <object_component id="oc-3b5">
         <name>.text.ti_sysbios_heaps_HeapMem_freeUnprotected</name>
         <load_address>0x604a</load_address>
         <run_address>0x604a</run_address>
         <size>0x4e</size>
         <input_file_ref idref="fl-6"/>
      </object_component>
      <object_component id="oc-15e">
         <name>.text.BIOS_startFunc</name>
         <load_address>0x6098</load_address>
         <run_address>0x6098</run_address>
         <size>0x4c</size>
         <input_file_ref idref="fl-6"/>
      </object_component>
      <object_component id="oc-275">
         <name>.text.NOROM_OSC_HPOSCRelativeFrequencyOffsetGet</name>
         <load_address>0x60e4</load_address>
         <run_address>0x60e4</run_address>
         <size>0x4c</size>
         <input_file_ref idref="fl-4b"/>
      </object_component>
      <object_component id="oc-454">
         <name>.text.SPI_begin</name>
         <load_address>0x6130</load_address>
         <run_address>0x6130</run_address>
         <size>0x4c</size>
         <input_file_ref idref="fl-15"/>
      </object_component>
      <object_component id="oc-35c">
         <name>.text.configureBt5Patch</name>
         <load_address>0x617c</load_address>
         <run_address>0x617c</run_address>
         <size>0x4c</size>
         <input_file_ref idref="fl-41"/>
      </object_component>
      <object_component id="oc-493">
         <name>.text.initHw</name>
         <load_address>0x61c8</load_address>
         <run_address>0x61c8</run_address>
         <size>0x4c</size>
         <input_file_ref idref="fl-3a"/>
      </object_component>
      <object_component id="oc-1e8">
         <name>.text.socket</name>
         <load_address>0x6214</load_address>
         <run_address>0x6214</run_address>
         <size>0x4c</size>
         <input_file_ref idref="fl-18"/>
      </object_component>
      <object_component id="oc-241">
         <name>.text.switchXOSCHF</name>
         <load_address>0x6260</load_address>
         <run_address>0x6260</run_address>
         <size>0x4c</size>
         <input_file_ref idref="fl-31"/>
      </object_component>
      <object_component id="oc-228">
         <name>.text.ti_sysbios_knl_Swi_Instance_init</name>
         <load_address>0x62ac</load_address>
         <run_address>0x62ac</run_address>
         <size>0x4c</size>
         <input_file_ref idref="fl-6"/>
      </object_component>
      <object_component id="oc-124">
         <name>.text.IPAddress_fromString</name>
         <load_address>0x62f8</load_address>
         <run_address>0x62f8</run_address>
         <size>0x4a</size>
         <input_file_ref idref="fl-13"/>
      </object_component>
      <object_component id="oc-16d">
         <name>.text.BIOS_init</name>
         <load_address>0x6344</load_address>
         <run_address>0x6344</run_address>
         <size>0x48</size>
         <input_file_ref idref="fl-6"/>
      </object_component>
      <object_component id="oc-135">
         <name>.text.EthernetUDP_begin</name>
         <load_address>0x638c</load_address>
         <run_address>0x638c</run_address>
         <size>0x48</size>
         <input_file_ref idref="fl-11"/>
      </object_component>
      <object_component id="oc-137">
         <name>.text.Ethernet_handleRFpacket</name>
         <load_address>0x63d4</load_address>
         <run_address>0x63d4</run_address>
         <size>0x48</size>
         <input_file_ref idref="fl-2"/>
      </object_component>
      <object_component id="oc-f1">
         <name>.text.NOROM_AUXSYSIFOpModeChange</name>
         <load_address>0x641c</load_address>
         <run_address>0x641c</run_address>
         <size>0x48</size>
         <input_file_ref idref="fl-48"/>
      </object_component>
      <object_component id="oc-3e4">
         <name>.text.NOROM_RFCSynthPowerDown</name>
         <load_address>0x6464</load_address>
         <run_address>0x6464</run_address>
         <size>0x48</size>
         <input_file_ref idref="fl-3f"/>
      </object_component>
      <object_component id="oc-3ef">
         <name>.text.PowerCC26XX_switchXOSC_HF</name>
         <load_address>0x64ac</load_address>
         <run_address>0x64ac</run_address>
         <size>0x48</size>
         <input_file_ref idref="fl-31"/>
      </object_component>
      <object_component id="oc-1ab">
         <name>.text.Temperature_registerNotifyRange</name>
         <load_address>0x64f4</load_address>
         <run_address>0x64f4</run_address>
         <size>0x48</size>
         <input_file_ref idref="fl-34"/>
      </object_component>
      <object_component id="oc-17a">
         <name>.text.ClockP_getSystemTickPeriod</name>
         <load_address>0x653c</load_address>
         <run_address>0x653c</run_address>
         <size>0x4</size>
         <input_file_ref idref="fl-6"/>
      </object_component>
      <object_component id="oc-2cd">
         <name>.text.millis</name>
         <load_address>0x6540</load_address>
         <run_address>0x6540</run_address>
         <size>0x48</size>
         <input_file_ref idref="fl-a"/>
      </object_component>
      <object_component id="oc-3b8">
         <name>.text.ti_sysbios_family_arm_cc26xx_Timer_start</name>
         <load_address>0x6588</load_address>
         <run_address>0x6588</run_address>
         <size>0x48</size>
         <input_file_ref idref="fl-6"/>
      </object_component>
      <object_component id="oc-30a">
         <name>.text.ti_sysbios_heaps_HeapMem_Instance_init</name>
         <load_address>0x65d0</load_address>
         <run_address>0x65d0</run_address>
         <size>0x48</size>
         <input_file_ref idref="fl-6"/>
      </object_component>
      <object_component id="oc-30f">
         <name>.text.ti_sysbios_heaps_HeapMem_alloc</name>
         <load_address>0x6618</load_address>
         <run_address>0x6618</run_address>
         <size>0x48</size>
         <input_file_ref idref="fl-6"/>
      </object_component>
      <object_component id="oc-163">
         <name>.text.ti_sysbios_knl_Task_schedule</name>
         <load_address>0x6660</load_address>
         <run_address>0x6660</run_address>
         <size>0x48</size>
         <input_file_ref idref="fl-6"/>
      </object_component>
      <object_component id="oc-3fc">
         <name>.text</name>
         <load_address>0x66a8</load_address>
         <run_address>0x66a8</run_address>
         <size>0x48</size>
         <input_file_ref idref="fl-c1"/>
      </object_component>
      <object_component id="oc-21b">
         <name>.text.BIOS_atExitFunc</name>
         <load_address>0x66f0</load_address>
         <run_address>0x66f0</run_address>
         <size>0x44</size>
         <input_file_ref idref="fl-6"/>
      </object_component>
      <object_component id="oc-142">
         <name>.text.EthernetServer_begin</name>
         <load_address>0x6734</load_address>
         <run_address>0x6734</run_address>
         <size>0x44</size>
         <input_file_ref idref="fl-10"/>
      </object_component>
      <object_component id="oc-19e">
         <name>.text.GPIO_hwiIntFxn</name>
         <load_address>0x6778</load_address>
         <run_address>0x6778</run_address>
         <size>0x44</size>
         <input_file_ref idref="fl-37"/>
      </object_component>
      <object_component id="oc-3d3">
         <name>.text.NOROM_PRCMPowerDomainsAllOff</name>
         <load_address>0x67bc</load_address>
         <run_address>0x67bc</run_address>
         <size>0x44</size>
         <input_file_ref idref="fl-4c"/>
      </object_component>
      <object_component id="oc-25b">
         <name>.text.NOROM_PRCMPowerDomainsAllOn</name>
         <load_address>0x6800</load_address>
         <run_address>0x6800</run_address>
         <size>0x44</size>
         <input_file_ref idref="fl-4c"/>
      </object_component>
      <object_component id="oc-33d">
         <name>.text.RF_cmdGet</name>
         <load_address>0x6844</load_address>
         <run_address>0x6844</run_address>
         <size>0x44</size>
         <input_file_ref idref="fl-3e"/>
      </object_component>
      <object_component id="oc-3e3">
         <name>.text.RF_updatePowerupDuration</name>
         <load_address>0x6888</load_address>
         <run_address>0x6888</run_address>
         <size>0x44</size>
         <input_file_ref idref="fl-3e"/>
      </object_component>
      <object_component id="oc-46a">
         <name>.text.SPI_init</name>
         <load_address>0x68cc</load_address>
         <run_address>0x68cc</run_address>
         <size>0x44</size>
         <input_file_ref idref="fl-33"/>
      </object_component>
      <object_component id="oc-3d7">
         <name>.text.degreesToCode</name>
         <load_address>0x6910</load_address>
         <run_address>0x6910</run_address>
         <size>0x44</size>
         <input_file_ref idref="fl-34"/>
      </object_component>
      <object_component id="oc-27b">
         <name>.text.setNextThresholds</name>
         <load_address>0x6954</load_address>
         <run_address>0x6954</run_address>
         <size>0x44</size>
         <input_file_ref idref="fl-34"/>
      </object_component>
      <object_component id="oc-4b1">
         <name>.text.ti_sysbios_family_arm_m3_Hwi_Instance_finalize</name>
         <load_address>0x6998</load_address>
         <run_address>0x6998</run_address>
         <size>0x44</size>
         <input_file_ref idref="fl-6"/>
      </object_component>
      <object_component id="oc-239">
         <name>.text.ti_sysbios_family_arm_m3_Hwi_construct2</name>
         <load_address>0x69dc</load_address>
         <run_address>0x69dc</run_address>
         <size>0x44</size>
         <input_file_ref idref="fl-6"/>
      </object_component>
      <object_component id="oc-432">
         <name>.text.ti_sysbios_family_arm_m3_Hwi_disableInterrupt</name>
         <load_address>0x6a20</load_address>
         <run_address>0x6a20</run_address>
         <size>0x44</size>
         <input_file_ref idref="fl-6"/>
      </object_component>
      <object_component id="oc-3ec">
         <name>.text.ti_sysbios_family_arm_m3_Hwi_enableInterrupt</name>
         <load_address>0x6a64</load_address>
         <run_address>0x6a64</run_address>
         <size>0x44</size>
         <input_file_ref idref="fl-6"/>
      </object_component>
      <object_component id="oc-304">
         <name>.text.ti_sysbios_knl_Swi_restore</name>
         <load_address>0x6aa8</load_address>
         <run_address>0x6aa8</run_address>
         <size>0x44</size>
         <input_file_ref idref="fl-6"/>
      </object_component>
      <object_component id="oc-387">
         <name>.text</name>
         <load_address>0x6aec</load_address>
         <run_address>0x6aec</run_address>
         <size>0x44</size>
         <input_file_ref idref="fl-c2"/>
      </object_component>
      <object_component id="oc-14a">
         <name>.text.EthernetClient_connected</name>
         <load_address>0x6b30</load_address>
         <run_address>0x6b30</run_address>
         <size>0x42</size>
         <input_file_ref idref="fl-f"/>
      </object_component>
      <object_component id="oc-186">
         <name>.text.PowerCC26X2_RCOSC_clockFunc</name>
         <load_address>0x6b74</load_address>
         <run_address>0x6b74</run_address>
         <size>0x40</size>
         <input_file_ref idref="fl-32"/>
      </object_component>
      <object_component id="oc-32f">
         <name>.text.PowerCC26X2_setAclkRefSrc</name>
         <load_address>0x6bb4</load_address>
         <run_address>0x6bb4</run_address>
         <size>0x40</size>
         <input_file_ref idref="fl-38"/>
      </object_component>
      <object_component id="oc-1b0">
         <name>.text.RF_updateHpOscOverride</name>
         <load_address>0x6bf4</load_address>
         <run_address>0x6bf4</run_address>
         <size>0x40</size>
         <input_file_ref idref="fl-3e"/>
      </object_component>
      <object_component id="oc-46d">
         <name>.text.SPI_open</name>
         <load_address>0x6c34</load_address>
         <run_address>0x6c34</run_address>
         <size>0x40</size>
         <input_file_ref idref="fl-33"/>
      </object_component>
      <object_component id="oc-416">
         <name>.text.SPI_transf</name>
         <load_address>0x6c74</load_address>
         <run_address>0x6c74</run_address>
         <size>0x40</size>
         <input_file_ref idref="fl-15"/>
      </object_component>
      <object_component id="oc-379">
         <name>.text.W5500_read_buf</name>
         <load_address>0x6cb4</load_address>
         <run_address>0x6cb4</run_address>
         <size>0x40</size>
         <input_file_ref idref="fl-19"/>
      </object_component>
      <object_component id="oc-206">
         <name>.text.strtok</name>
         <load_address>0x6cf4</load_address>
         <run_address>0x6cf4</run_address>
         <size>0x40</size>
         <input_file_ref idref="fl-60"/>
      </object_component>
      <object_component id="oc-30c">
         <name>.text.ti_sysbios_heaps_HeapMem_getStats</name>
         <load_address>0x6d34</load_address>
         <run_address>0x6d34</run_address>
         <size>0x40</size>
         <input_file_ref idref="fl-6"/>
      </object_component>
      <object_component id="oc-324">
         <name>.text.ti_sysbios_knl_Clock_getTicksUntilInterrupt</name>
         <load_address>0x6d74</load_address>
         <run_address>0x6d74</run_address>
         <size>0x40</size>
         <input_file_ref idref="fl-6"/>
      </object_component>
      <object_component id="oc-36d">
         <name>.text.ti_sysbios_knl_Task_exit</name>
         <load_address>0x6db4</load_address>
         <run_address>0x6db4</run_address>
         <size>0x40</size>
         <input_file_ref idref="fl-6"/>
      </object_component>
      <object_component id="oc-201">
         <name>.text.EthernetClient_stop</name>
         <load_address>0x6df4</load_address>
         <run_address>0x6df4</run_address>
         <size>0x3c</size>
         <input_file_ref idref="fl-f"/>
      </object_component>
[...]
         <value>0x4309</value>
         <object_component_ref idref="oc-43e"/>
      </symbol>
      <symbol id="sm-850">
         <name>RF_defaultExecutionPolicy</name>
         <value>0x928f</value>
         <object_component_ref idref="oc-43f"/>
      </symbol>
      <symbol id="sm-851">
         <name>RF_powerConstraintSet</name>
         <value>0x8891</value>
         <object_component_ref idref="oc-3db"/>
      </symbol>
      <symbol id="sm-852">
         <name>RF_powerConstraintRelease</name>
         <value>0x7571</value>
         <object_component_ref idref="oc-355"/>
      </symbol>
      <symbol id="sm-853">
         <name>RF_open</name>
         <value>0x1091</value>
         <object_component_ref idref="oc-1cb"/>
      </symbol>
      <symbol id="sm-854">
         <name>RF_Params_init</name>
         <value>0x9051</value>
         <object_component_ref idref="oc-1ca"/>
      </symbol>
      <symbol id="sm-855">
         <name>RF_getCurrentTime</name>
         <value>0x5d71</value>
         <object_component_ref idref="oc-445"/>
      </symbol>
      <symbol id="sm-856">
         <name>RF_postCmd</name>
         <value>0x3655</value>
         <object_component_ref idref="oc-1cf"/>
      </symbol>
      <symbol id="sm-857">
         <name>RFCC26XX_schedulerPolicy</name>
         <value>0x200006fc</value>
         <object_component_ref idref="oc-3de"/>
      </symbol>
      <symbol id="sm-858">
         <name>RF_enableHPOSCTemperatureCompensation</name>
         <value>0x5ebd</value>
         <object_component_ref idref="oc-106"/>
      </symbol>
      <symbol id="sm-876">
         <name>NOROM_RFCCpeIntGetAndClear</name>
         <value>0x8e59</value>
         <object_component_ref idref="oc-34d"/>
      </symbol>
      <symbol id="sm-877">
         <name>NOROM_RFCDoorbellSendTo</name>
         <value>0x8571</value>
         <object_component_ref idref="oc-341"/>
      </symbol>
      <symbol id="sm-878">
         <name>NOROM_RFCSynthPowerDown</name>
         <value>0x6465</value>
         <object_component_ref idref="oc-3e4"/>
      </symbol>
      <symbol id="sm-879">
         <name>NOROM_RFCCpePatchReset</name>
         <value>0x26ab</value>
         <object_component_ref idref="oc-440"/>
      </symbol>
      <symbol id="sm-87a">
         <name>NOROM_RFCOverrideSearch</name>
         <value>0x8591</value>
         <object_component_ref idref="oc-27c"/>
      </symbol>
      <symbol id="sm-87b">
         <name>NOROM_RFCAnaDivTxOverride</name>
         <value>0x5aa9</value>
         <object_component_ref idref="oc-349"/>
      </symbol>
      <symbol id="sm-87c">
         <name>NOROM_RFCOverrideUpdate</name>
         <value>0x927f</value>
         <object_component_ref idref="oc-292"/>
      </symbol>
      <symbol id="sm-87d">
         <name>NOROM_RFCHwIntGetAndClear</name>
         <value>0x8e69</value>
         <object_component_ref idref="oc-354"/>
      </symbol>
      <symbol id="sm-890">
         <name>rf_patch_cpe_bt5</name>
         <value>0x73bd</value>
         <object_component_ref idref="oc-2aa"/>
      </symbol>
      <symbol id="sm-899">
         <name>ti_sysbios_knl_TaskSupport_swap</name>
         <value>0x807d</value>
         <object_component_ref idref="oc-21f"/>
      </symbol>
      <symbol id="sm-89a">
         <name>ti_sysbios_knl_TaskSupport_glue</name>
         <value>0x8bdd</value>
         <object_component_ref idref="oc-452"/>
      </symbol>
      <symbol id="sm-89b">
         <name>ti_sysbios_knl_TaskSupport_swapReturn</name>
         <value>0x8088</value>
         <object_component_ref idref="oc-21f"/>
      </symbol>
      <symbol id="sm-8b0">
         <name>ti_sysbios_family_arm_m3_Hwi_dispatch</name>
         <value>0x27cd</value>
         <object_component_ref idref="oc-6c"/>
      </symbol>
      <symbol id="sm-8b1">
         <name>ti_sysbios_family_arm_m3_Hwi_pendSV</name>
         <value>0x28a9</value>
         <object_component_ref idref="oc-6c"/>
      </symbol>
      <symbol id="sm-8b2">
         <name>ti_sysbios_family_arm_m3_Hwi_excHandlerAsm</name>
         <value>0x7fdd</value>
         <object_component_ref idref="oc-67"/>
      </symbol>
      <symbol id="sm-8b3">
         <name>ti_sysbios_family_arm_m3_Hwi_return</name>
         <value>0x28cc</value>
         <object_component_ref idref="oc-6c"/>
      </symbol>
      <symbol id="sm-8b4">
         <name>ti_sysbios_family_arm_m3_Hwi_interruptsAreDisabledButShouldNotBe</name>
         <value>0x28a4</value>
         <object_component_ref idref="oc-6c"/>
      </symbol>
      <symbol id="sm-8c1">
         <name>ti_sysbios_family_arm_m3_Hwi_switchAndRunFunc</name>
         <value>0x878f</value>
         <object_component_ref idref="oc-42a"/>
      </symbol>
      <symbol id="sm-8c2">
         <name>ti_sysbios_family_arm_m3_Hwi_initStacks</name>
         <value>0x5c71</value>
         <object_component_ref idref="oc-3af"/>
      </symbol>
      <symbol id="sm-8c7">
         <name>_c_int00</name>
         <value>0x7815</value>
         <object_component_ref idref="oc-35"/>
      </symbol>
      <symbol id="sm-8c8">
         <name>__stack</name>
         <value>0x20013a00</value>
         <object_component_ref idref="oc-42"/>
      </symbol>
      <symbol id="sm-8d6">
         <name>NOROM_ChipInfo_GetChipType</name>
         <value>0x4a35</value>
         <object_component_ref idref="oc-291"/>
      </symbol>
      <symbol id="sm-8d7">
         <name>NOROM_ChipInfo_GetHwRevision</name>
         <value>0x5e19</value>
         <object_component_ref idref="oc-e8"/>
      </symbol>
      <symbol id="sm-8d8">
         <name>NOROM_ThisLibraryIsFor_CC13x2_CC26x2_HwRev20AndLater_HaltIfViolated</name>
         <value>0x7b1d</value>
         <object_component_ref idref="oc-a0"/>
      </symbol>
      <symbol id="sm-8e5">
         <name>NOROM_SetupTrimDevice</name>
         <value>0x320d</value>
         <object_component_ref idref="oc-75"/>
      </symbol>
      <symbol id="sm-8f1">
         <name>NOROM_AUXSYSIFOpModeChange</name>
         <value>0x641d</value>
         <object_component_ref idref="oc-f1"/>
      </symbol>
      <symbol id="sm-8ff">
         <name>NOROM_SysCtrlIdle</name>
         <value>0x6ea9</value>
         <object_component_ref idref="oc-3cb"/>
      </symbol>
      <symbol id="sm-900">
         <name>NOROM_SysCtrlStandby</name>
         <value>0x3029</value>
         <object_component_ref idref="oc-439"/>
      </symbol>
      <symbol id="sm-901">
         <name>NOROM_SysCtrlSetRechargeBeforePowerDown</name>
         <value>0x4935</value>
         <object_component_ref idref="oc-463"/>
      </symbol>
      <symbol id="sm-90f">
         <name>NOROM_CPUcpsid</name>
         <value>0x8ffd</value>
         <object_component_ref idref="oc-321"/>
      </symbol>
      <symbol id="sm-910">
         <name>NOROM_CPUcpsie</name>
         <value>0x9009</value>
         <object_component_ref idref="oc-328"/>
      </symbol>
      <symbol id="sm-911">
         <name>NOROM_CPUdelay</name>
         <value>0x9195</value>
         <object_component_ref idref="oc-282"/>
      </symbol>
      <symbol id="sm-934">
         <name>NOROM_OSCHF_TurnOnXosc</name>
         <value>0x7e6b</value>
         <object_component_ref idref="oc-32a"/>
      </symbol>
      <symbol id="sm-935">
         <name>NOROM_OSCHF_AttemptToSwitchToXosc</name>
         <value>0x3c5f</value>
         <object_component_ref idref="oc-3d2"/>
      </symbol>
      <symbol id="sm-936">
         <name>NOROM_OSCHF_SwitchToRcOscTurnOffXosc</name>
         <value>0x4b31</value>
         <object_component_ref idref="oc-3c5"/>
      </symbol>
      <symbol id="sm-937">
         <name>NOROM_OSC_CapArrayAdjustWorkaround_Boot</name>
         <value>0x4ba9</value>
         <object_component_ref idref="oc-eb"/>
      </symbol>
      <symbol id="sm-938">
         <name>NOROM_OSC_HPOSCInitializeFrequencyOffsetParameters</name>
         <value>0x3ba9</value>
         <object_component_ref idref="oc-ff"/>
      </symbol>
      <symbol id="sm-939">
         <name>_hposcCoeffs</name>
         <value>0x200006d8</value>
         <object_component_ref idref="oc-25a"/>
      </symbol>
      <symbol id="sm-93a">
         <name>NOROM_OSC_HPOSCRelativeFrequencyOffsetGet</name>
         <value>0x60e5</value>
         <object_component_ref idref="oc-275"/>
      </symbol>
      <symbol id="sm-946">
         <name>NOROM_PRCMPowerDomainsAllOff</name>
         <value>0x67bd</value>
         <object_component_ref idref="oc-3d3"/>
      </symbol>
      <symbol id="sm-947">
         <name>NOROM_PRCMPowerDomainsAllOn</name>
         <value>0x6801</value>
         <object_component_ref idref="oc-25b"/>
      </symbol>
      <symbol id="sm-953">
         <name>__aeabi_errno_addr</name>
         <value>0x91d5</value>
         <object_component_ref idref="oc-391"/>
      </symbol>
      <symbol id="sm-954">
         <name>__aeabi_errno</name>
         <value>0x20000730</value>
         <object_component_ref idref="oc-424"/>
      </symbol>
      <symbol id="sm-964">
         <name>_nop</name>
         <value>0x4437</value>
         <object_component_ref idref="oc-306"/>
      </symbol>
      <symbol id="sm-965">
         <name>_register_lock</name>
         <value>0x90bd</value>
         <object_component_ref idref="oc-2fd"/>
      </symbol>
      <symbol id="sm-966">
         <name>_lock</name>
         <value>0x20000734</value>
         <object_component_ref idref="oc-2f4"/>
      </symbol>
      <symbol id="sm-967">
         <name>_register_unlock</name>
         <value>0x90c9</value>
         <object_component_ref idref="oc-301"/>
      </symbol>
      <symbol id="sm-968">
         <name>_unlock</name>
         <value>0x20000738</value>
         <object_component_ref idref="oc-2f8"/>
      </symbol>
      <symbol id="sm-972">
         <name>_args_main</name>
         <value>0x8d4d</value>
         <object_component_ref idref="oc-5d"/>
      </symbol>
      <symbol id="sm-97d">
         <name>strstr</name>
         <value>0x7a2d</value>
         <object_component_ref idref="oc-202"/>
      </symbol>
      <symbol id="sm-989">
         <name>strtok</name>
         <value>0x6cf5</value>
         <object_component_ref idref="oc-206"/>
      </symbol>
      <symbol id="sm-994">
         <name>__TI_auto_init_nobinit_nopinit</name>
         <value>0x742d</value>
         <object_component_ref idref="oc-7b"/>
      </symbol>
      <symbol id="sm-99f">
         <name>__TI_zero_init</name>
         <value>0x8f19</value>
         <object_component_ref idref="oc-5a"/>
      </symbol>
      <symbol id="sm-9a8">
         <name>__TI_decompress_none</name>
         <value>0x8fa7</value>
         <object_component_ref idref="oc-30"/>
      </symbol>
      <symbol id="sm-9b2">
         <name>__TI_decompress_lzss</name>
         <value>0x53a5</value>
         <object_component_ref idref="oc-2c"/>
      </symbol>
      <symbol id="sm-9c4">
         <name>strcspn</name>
         <value>0x86d1</value>
         <object_component_ref idref="oc-2dd"/>
      </symbol>
      <symbol id="sm-9ce">
         <name>strspn</name>
         <value>0x850d</value>
         <object_component_ref idref="oc-2d9"/>
      </symbol>
      <symbol id="sm-9de">
         <name>HOSTwrite</name>
         <value>0x5cc9</value>
         <object_component_ref idref="oc-211"/>
      </symbol>
      <symbol id="sm-9ed">
         <name>C$$IO$$</name>
         <value>0x766b</value>
         <object_component_ref idref="oc-2ed"/>
      </symbol>
      <symbol id="sm-9ee">
         <name>__TI_writemsg</name>
         <value>0x7641</value>
         <object_component_ref idref="oc-2ed"/>
      </symbol>
      <symbol id="sm-9ef">
         <name>__CIOBUF_</name>
         <value>0x20007b50</value>
         <object_component_ref idref="oc-3a3"/>
      </symbol>
      <symbol id="sm-9f0">
         <name>__TI_readmsg</name>
         <value>0x79cd</value>
         <object_component_ref idref="oc-2f3"/>
      </symbol>
      <symbol id="sm-9f1">
         <name>_CIOBUF_</name>
         <value>0x20007b50</value>
         <object_component_ref idref="oc-3a3"/>
      </symbol>
      <symbol id="sm-9fd">
         <name>parmbuf</name>
         <value>0x20008454</value>
      </symbol>
      <symbol id="sm-a06">
         <name>__aeabi_dadd</name>
         <value>0x1513</value>
         <object_component_ref idref="oc-383"/>
      </symbol>
      <symbol id="sm-a07">
         <name>__adddf3</name>
         <value>0x1513</value>
         <object_component_ref idref="oc-383"/>
      </symbol>
      <symbol id="sm-a08">
         <name>__aeabi_dsub</name>
         <value>0x1509</value>
         <object_component_ref idref="oc-383"/>
      </symbol>
      <symbol id="sm-a09">
         <name>__subdf3</name>
         <value>0x1509</value>
         <object_component_ref idref="oc-383"/>
      </symbol>
      <symbol id="sm-a0f">
         <name>__aeabi_dmul</name>
         <value>0x2f2d</value>
         <object_component_ref idref="oc-404"/>
      </symbol>
      <symbol id="sm-a10">
         <name>__muldf3</name>
         <value>0x2f2d</value>
         <object_component_ref idref="oc-404"/>
      </symbol>
      <symbol id="sm-a16">
         <name>__aeabi_ddiv</name>
         <value>0x20cd</value>
         <object_component_ref idref="oc-37f"/>
      </symbol>
      <symbol id="sm-a17">
         <name>__divdf3</name>
         <value>0x20cd</value>
         <object_component_ref idref="oc-37f"/>
      </symbol>
      <symbol id="sm-a1d">
         <name>__aeabi_f2d</name>
         <value>0x7465</value>
         <object_component_ref idref="oc-3f4"/>
      </symbol>
      <symbol id="sm-a1e">
         <name>__extendsfdf2</name>
         <value>0x7465</value>
         <object_component_ref idref="oc-3f4"/>
      </symbol>
      <symbol id="sm-a24">
         <name>__aeabi_d2iz</name>
         <value>0x66a9</value>
         <object_component_ref idref="oc-3fc"/>
      </symbol>
      <symbol id="sm-a25">
         <name>__fixdfsi</name>
         <value>0x66a9</value>
         <object_component_ref idref="oc-3fc"/>
      </symbol>
      <symbol id="sm-a2b">
         <name>__aeabi_d2uiz</name>
         <value>0x6aed</value>
         <object_component_ref idref="oc-387"/>
      </symbol>
      <symbol id="sm-a2c">
         <name>__fixunsdfsi</name>
         <value>0x6aed</value>
         <object_component_ref idref="oc-387"/>
      </symbol>
      <symbol id="sm-a32">
         <name>__aeabi_i2d</name>
         <value>0x7bd5</value>
         <object_component_ref idref="oc-400"/>
      </symbol>
      <symbol id="sm-a33">
         <name>__floatsidf</name>
         <value>0x7bd5</value>
         <object_component_ref idref="oc-400"/>
      </symbol>
      <symbol id="sm-a39">
         <name>__aeabi_ui2d</name>
         <value>0x8751</value>
         <object_component_ref idref="oc-37b"/>
      </symbol>
      <symbol id="sm-a3a">
         <name>__floatunsidf</name>
         <value>0x8751</value>
         <object_component_ref idref="oc-37b"/>
      </symbol>
      <symbol id="sm-a40">
         <name>__aeabi_dcmpeq</name>
         <value>0x5865</value>
         <object_component_ref idref="oc-3f8"/>
      </symbol>
      <symbol id="sm-a41">
         <name>__aeabi_dcmplt</name>
         <value>0x5879</value>
         <object_component_ref idref="oc-3f8"/>
      </symbol>
      <symbol id="sm-a42">
         <name>__aeabi_dcmple</name>
         <value>0x588d</value>
         <object_component_ref idref="oc-3f8"/>
      </symbol>
      <symbol id="sm-a43">
         <name>__aeabi_dcmpge</name>
         <value>0x58a1</value>
         <object_component_ref idref="oc-3f8"/>
      </symbol>
      <symbol id="sm-a44">
         <name>__aeabi_dcmpgt</name>
         <value>0x58b5</value>
         <object_component_ref idref="oc-3f8"/>
      </symbol>
      <symbol id="sm-a4a">
         <name>__aeabi_ldivmod</name>
         <value>0x8d75</value>
         <object_component_ref idref="oc-256"/>
      </symbol>
      <symbol id="sm-a50">
         <name>__aeabi_memcpy</name>
         <value>0x92d5</value>
         <object_component_ref idref="oc-4d"/>
      </symbol>
      <symbol id="sm-a51">
         <name>__aeabi_memcpy4</name>
         <value>0x92d5</value>
         <object_component_ref idref="oc-4d"/>
      </symbol>
      <symbol id="sm-a52">
         <name>__aeabi_memcpy8</name>
         <value>0x92d5</value>
         <object_component_ref idref="oc-4d"/>
      </symbol>
      <symbol id="sm-a58">
         <name>__aeabi_memset</name>
         <value>0x8d89</value>
         <object_component_ref idref="oc-71"/>
      </symbol>
      <symbol id="sm-a59">
         <name>__aeabi_memset4</name>
         <value>0x8d89</value>
         <object_component_ref idref="oc-71"/>
      </symbol>
      <symbol id="sm-a5a">
         <name>__aeabi_memset8</name>
         <value>0x8d89</value>
         <object_component_ref idref="oc-71"/>
      </symbol>
      <symbol id="sm-a5b">
         <name>__aeabi_memclr</name>
         <value>0x8d95</value>
         <object_component_ref idref="oc-71"/>
      </symbol>
      <symbol id="sm-a5c">
         <name>__aeabi_memclr4</name>
         <value>0x8d95</value>
         <object_component_ref idref="oc-71"/>
      </symbol>
      <symbol id="sm-a5d">
         <name>__aeabi_memclr8</name>
         <value>0x8d95</value>
         <object_component_ref idref="oc-71"/>
      </symbol>
      <symbol id="sm-a63">
         <name>__aeabi_uldivmod</name>
         <value>0x8d9d</value>
         <object_component_ref idref="oc-22a"/>
      </symbol>
      <symbol id="sm-a69">
         <name>__udivmoddi4</name>
         <value>0x3f2d</value>
         <object_component_ref idref="oc-313"/>
      </symbol>
      <symbol id="sm-a75">
         <name>__ledf2</name>
         <value>0x5119</value>
         <object_component_ref idref="oc-447"/>
      </symbol>
      <symbol id="sm-a76">
         <name>__gedf2</name>
         <value>0x50a9</value>
         <object_component_ref idref="oc-44d"/>
      </symbol>
      <symbol id="sm-a77">
         <name>__cmpdf2</name>
         <value>0x5119</value>
         <object_component_ref idref="oc-447"/>
      </symbol>
      <symbol id="sm-a78">
         <name>__eqdf2</name>
         <value>0x5119</value>
         <object_component_ref idref="oc-447"/>
      </symbol>
      <symbol id="sm-a79">
         <name>__ltdf2</name>
         <value>0x5119</value>
         <object_component_ref idref="oc-447"/>
      </symbol>
      <symbol id="sm-a7a">
         <name>__nedf2</name>
         <value>0x5119</value>
         <object_component_ref idref="oc-447"/>
      </symbol>
      <symbol id="sm-a7b">
         <name>__gtdf2</name>
         <value>0x50a9</value>
         <object_component_ref idref="oc-44d"/>
      </symbol>
      <symbol id="sm-a84">
         <name>__divmoddi4</name>
         <value>0x5b65</value>
         <object_component_ref idref="oc-331"/>
      </symbol>
      <symbol id="sm-a8e">
         <name>__aeabi_ldiv0</name>
         <value>0x3d13</value>
         <object_component_ref idref="oc-3bc"/>
      </symbol>
      <symbol id="sm-a97">
         <name>TI_memcpy_small</name>
         <value>0x8dd5</value>
         <object_component_ref idref="oc-98"/>
      </symbol>
      <symbol id="sm-a9f">
         <name>TI_memset_small</name>
         <value>0x8f99</value>
         <object_component_ref idref="oc-e2"/>
      </symbol>
      <symbol id="sm-aa0">
         <name>__TI_static_base__</name>
         <value>0x0</value>
      </symbol>
      <symbol id="sm-aa3">
         <name>ITM_flush</name>
         <value>0x0</value>
      </symbol>
      <symbol id="sm-aa4">
         <name>ITM_restore</name>
         <value>0x0</value>
      </symbol>
      <symbol id="sm-aa5">
         <name>__mpu_init</name>
         <value>0x0</value>
      </symbol>
   </symbol_table>
   <title>Link successful</title>
</link_info>
